Component: ARM Compiler 6.15 Tool: armlink [5dd79300]

==============================================================================

Section Cross References

    main.o(.text.main) refers to stm32f1xx_hal_gpio_cfg.o(.text.GPIO_Init) for GPIO_Init
    main.o(.text.main) refers to stm32f1xx_hal_tim_cfg.o(.text.TIM_Delay_Init) for TIM_Delay_Init
    main.o(.text.main) refers to hal_lcd.o(.text.HAL_Lcd_Init) for HAL_Lcd_Init
    main.o(.text.main) refers to hal_lcd.o(.text.HAL_Lcd_Clear) for HAL_Lcd_Clear
    main.o(.text.main) refers to main.o(.text.Init_Handheld) for Init_Handheld
    main.o(.text.main) refers to stm32f1xx_hal_exti_cfg.o(.text.EXTI_Init) for EXTI_Init
    main.o(.text.main) refers to stm32f1xx_hal_gpio_cfg.o(.bss.sSTATE_LED) for sSTATE_LED
    main.o(.text.main) refers to stm32f1xx_hal_gpio.o(.text.HAL_GPIO_Pin_Write) for HAL_GPIO_Pin_Write
    main.o(.text.main) refers to stm32f1xx_hal_gpio_cfg.o(.bss.sRESET_LED) for sRESET_LED
    main.o(.text.main) refers to stm32f1xx_hal_gpio_cfg.o(.bss.sOPEN_CLOSE_LED) for sOPEN_CLOSE_LED
    main.o(.text.main) refers to stm32f1xx_hal_gpio_cfg.o(.bss.sSAVE_POSITION_LED) for sSAVE_POSITION_LED
    main.o(.ARM.exidx.text.main) refers to main.o(.text.main) for [Anonymous Symbol]
    main.o(.text.Init_Handheld) refers to hal_lcd.o(.text.HAL_Lcd_Cmd) for HAL_Lcd_Cmd
    main.o(.text.Init_Handheld) refers to hal_lcd.o(.text.HAL_Lcd_Print_String) for HAL_Lcd_Print_String
    main.o(.text.Init_Handheld) refers to hal_lcd.o(.text.HAL_Lcd_Set_Cursor) for HAL_Lcd_Set_Cursor
    main.o(.text.Init_Handheld) refers to stm32f1xx_hal_tim_cfg.o(.bss.sTIMER1) for sTIMER1
    main.o(.text.Init_Handheld) refers to stm32f1xx_hal_tim.o(.text.HAL_TIM_msDelay) for HAL_TIM_msDelay
    main.o(.ARM.exidx.text.Init_Handheld) refers to main.o(.text.Init_Handheld) for [Anonymous Symbol]
    stm32f1xx_hal_gpio.o(.ARM.exidx.text.HAL_GPIO_Pin_Init) refers to stm32f1xx_hal_gpio.o(.text.HAL_GPIO_Pin_Init) for [Anonymous Symbol]
    stm32f1xx_hal_gpio.o(.ARM.exidx.text.HAL_GPIO_Pin_Read) refers to stm32f1xx_hal_gpio.o(.text.HAL_GPIO_Pin_Read) for [Anonymous Symbol]
    stm32f1xx_hal_gpio.o(.ARM.exidx.text.HAL_GPIO_Pin_Write) refers to stm32f1xx_hal_gpio.o(.text.HAL_GPIO_Pin_Write) for [Anonymous Symbol]
    stm32f1xx_hal_gpio.o(.text.HAL_GPIO_Pin_Toggle) refers to stm32f1xx_hal_gpio.o(.text.HAL_GPIO_Pin_Write) for HAL_GPIO_Pin_Write
    stm32f1xx_hal_gpio.o(.ARM.exidx.text.HAL_GPIO_Pin_Toggle) refers to stm32f1xx_hal_gpio.o(.text.HAL_GPIO_Pin_Toggle) for [Anonymous Symbol]
    stm32f1xx_hal_gpio_cfg.o(.text.GPIO_Init) refers to stm32f1xx_hal_gpio_cfg.o(.bss.sSTATE_LED) for sSTATE_LED
    stm32f1xx_hal_gpio_cfg.o(.text.GPIO_Init) refers to stm32f1xx_hal_gpio.o(.text.HAL_GPIO_Pin_Init) for HAL_GPIO_Pin_Init
    stm32f1xx_hal_gpio_cfg.o(.text.GPIO_Init) refers to stm32f1xx_hal_gpio_cfg.o(.bss.sRESET_LED) for sRESET_LED
    stm32f1xx_hal_gpio_cfg.o(.text.GPIO_Init) refers to stm32f1xx_hal_gpio_cfg.o(.bss.sOPEN_CLOSE_LED) for sOPEN_CLOSE_LED
    stm32f1xx_hal_gpio_cfg.o(.text.GPIO_Init) refers to stm32f1xx_hal_gpio_cfg.o(.bss.sSAVE_POSITION_LED) for sSAVE_POSITION_LED
    stm32f1xx_hal_gpio_cfg.o(.text.GPIO_Init) refers to stm32f1xx_hal_gpio_cfg.o(.bss.sRESET_BUTTON) for sRESET_BUTTON
    stm32f1xx_hal_gpio_cfg.o(.text.GPIO_Init) refers to stm32f1xx_hal_gpio_cfg.o(.bss.sOPEN_CLOSE_BUTTON) for sOPEN_CLOSE_BUTTON
    stm32f1xx_hal_gpio_cfg.o(.text.GPIO_Init) refers to stm32f1xx_hal_gpio_cfg.o(.bss.sCLOSE_POSITION_SEND_BUTTON) for sCLOSE_POSITION_SEND_BUTTON
    stm32f1xx_hal_gpio_cfg.o(.text.GPIO_Init) refers to stm32f1xx_hal_gpio_cfg.o(.bss.sSAVE_POSITION_BUTTON) for sSAVE_POSITION_BUTTON
    stm32f1xx_hal_gpio_cfg.o(.text.GPIO_Init) refers to stm32f1xx_hal_gpio_cfg.o(.bss.sJOSTICK_RIGHT_BUTTON) for sJOSTICK_RIGHT_BUTTON
    stm32f1xx_hal_gpio_cfg.o(.text.GPIO_Init) refers to stm32f1xx_hal_gpio_cfg.o(.bss.sJOSTICK_LEFT_BUTTON) for sJOSTICK_LEFT_BUTTON
    stm32f1xx_hal_gpio_cfg.o(.text.GPIO_Init) refers to stm32f1xx_hal_gpio_cfg.o(.bss.sJOSTICK_DOWN_BUTTON) for sJOSTICK_DOWN_BUTTON
    stm32f1xx_hal_gpio_cfg.o(.text.GPIO_Init) refers to stm32f1xx_hal_gpio_cfg.o(.bss.sJOSTICK_UP_BUTTON) for sJOSTICK_UP_BUTTON
    stm32f1xx_hal_gpio_cfg.o(.text.GPIO_Init) refers to stm32f1xx_hal_gpio_cfg.o(.bss.sD0) for sD0
    stm32f1xx_hal_gpio_cfg.o(.text.GPIO_Init) refers to stm32f1xx_hal_gpio_cfg.o(.bss.sD1) for sD1
    stm32f1xx_hal_gpio_cfg.o(.text.GPIO_Init) refers to stm32f1xx_hal_gpio_cfg.o(.bss.sD2) for sD2
    stm32f1xx_hal_gpio_cfg.o(.text.GPIO_Init) refers to stm32f1xx_hal_gpio_cfg.o(.bss.sD3) for sD3
    stm32f1xx_hal_gpio_cfg.o(.text.GPIO_Init) refers to stm32f1xx_hal_gpio_cfg.o(.bss.sRS) for sRS
    stm32f1xx_hal_gpio_cfg.o(.text.GPIO_Init) refers to stm32f1xx_hal_gpio_cfg.o(.bss.sRW) for sRW
    stm32f1xx_hal_gpio_cfg.o(.text.GPIO_Init) refers to stm32f1xx_hal_gpio_cfg.o(.bss.sE) for sE
[...]
    stm32f1xx_hal_exti_cfg.o(.text.EXTI4_IRQHandler) refers to stm32f1xx_hal_gpio.o(.text.HAL_GPIO_Pin_Toggle) for HAL_GPIO_Pin_Toggle
    stm32f1xx_hal_exti_cfg.o(.text.EXTI4_IRQHandler) refers to stm32f1xx_hal_exti_cfg.o(.bss.sEXTI_PA4) for sEXTI_PA4
    stm32f1xx_hal_exti_cfg.o(.text.EXTI4_IRQHandler) refers to stm32f1xx_hal_exti.o(.text.HAL_EXTI_ClearPending) for HAL_EXTI_ClearPending
    stm32f1xx_hal_exti_cfg.o(.ARM.exidx.text.EXTI4_IRQHandler) refers (Special) to _printf_d.o(.ARM.Collect$$_printf_percent$$00000009) for _printf_d
    stm32f1xx_hal_exti_cfg.o(.ARM.exidx.text.EXTI4_IRQHandler) refers (Special) to _printf_dec.o(.text) for _printf_int_dec
    stm32f1xx_hal_exti_cfg.o(.ARM.exidx.text.EXTI4_IRQHandler) refers (Special) to _printf_percent.o(.ARM.Collect$$_printf_percent$$00000000) for _printf_percent
    stm32f1xx_hal_exti_cfg.o(.ARM.exidx.text.EXTI4_IRQHandler) refers to stm32f1xx_hal_exti_cfg.o(.text.EXTI4_IRQHandler) for [Anonymous Symbol]
    stm32f1xx_hal_exti_cfg.o(.text.EXTI9_5_IRQHandler) refers (Special) to _printf_d.o(.ARM.Collect$$_printf_percent$$00000009) for _printf_d
    stm32f1xx_hal_exti_cfg.o(.text.EXTI9_5_IRQHandler) refers (Special) to _printf_dec.o(.text) for _printf_int_dec
    stm32f1xx_hal_exti_cfg.o(.text.EXTI9_5_IRQHandler) refers (Special) to _printf_percent.o(.ARM.Collect$$_printf_percent$$00000000) for _printf_percent
    stm32f1xx_hal_exti_cfg.o(.text.EXTI9_5_IRQHandler) refers to stm32f1xx_hal_gpio_cfg.o(.bss.sSAVE_POSITION_LED) for sSAVE_POSITION_LED
    stm32f1xx_hal_exti_cfg.o(.text.EXTI9_5_IRQHandler) refers to stm32f1xx_hal_gpio.o(.text.HAL_GPIO_Pin_Toggle) for HAL_GPIO_Pin_Toggle
    stm32f1xx_hal_exti_cfg.o(.text.EXTI9_5_IRQHandler) refers to stm32f1xx_hal_exti_cfg.o(.bss.sEXTI_PA5) for sEXTI_PA5
    stm32f1xx_hal_exti_cfg.o(.text.EXTI9_5_IRQHandler) refers to stm32f1xx_hal_exti.o(.text.HAL_EXTI_ClearPending) for HAL_EXTI_ClearPending
    stm32f1xx_hal_exti_cfg.o(.text.EXTI9_5_IRQHandler) refers to stm32f1xx_hal_gpio_cfg.o(.bss.sOPEN_CLOSE_LED) for sOPEN_CLOSE_LED
    stm32f1xx_hal_exti_cfg.o(.text.EXTI9_5_IRQHandler) refers to stm32f1xx_hal_exti_cfg.o(.bss.sEXTI_PA6) for sEXTI_PA6
    stm32f1xx_hal_exti_cfg.o(.text.EXTI9_5_IRQHandler) refers to stm32f1xx_hal_gpio_cfg.o(.bss.sRESET_LED) for sRESET_LED
    stm32f1xx_hal_exti_cfg.o(.text.EXTI9_5_IRQHandler) refers to stm32f1xx_hal_exti_cfg.o(.bss.sEXTI_PA7) for sEXTI_PA7
    stm32f1xx_hal_exti_cfg.o(.ARM.exidx.text.EXTI9_5_IRQHandler) refers (Special) to _printf_d.o(.ARM.Collect$$_printf_percent$$00000009) for _printf_d
    stm32f1xx_hal_exti_cfg.o(.ARM.exidx.text.EXTI9_5_IRQHandler) refers (Special) to _printf_dec.o(.text) for _printf_int_dec
    stm32f1xx_hal_exti_cfg.o(.ARM.exidx.text.EXTI9_5_IRQHandler) refers (Special) to _printf_percent.o(.ARM.Collect$$_printf_percent$$00000000) for _printf_percent
    stm32f1xx_hal_exti_cfg.o(.ARM.exidx.text.EXTI9_5_IRQHandler) refers to stm32f1xx_hal_exti_cfg.o(.text.EXTI9_5_IRQHandler) for [Anonymous Symbol]
    stm32f1xx_hal_exti_cfg.o(.data.iMotorNumber) refers (Special) to _printf_d.o(.ARM.Collect$$_printf_percent$$00000009) for _printf_d
    stm32f1xx_hal_exti_cfg.o(.data.iMotorNumber) refers (Special) to _printf_dec.o(.text) for _printf_int_dec
    stm32f1xx_hal_exti_cfg.o(.data.iMotorNumber) refers (Special) to _printf_percent.o(.ARM.Collect$$_printf_percent$$00000000) for _printf_percent
    stm32f1xx_hal_exti_cfg.o(.bss.sEXTI_PA0) refers (Special) to _printf_d.o(.ARM.Collect$$_printf_percent$$00000009) for _printf_d
    stm32f1xx_hal_exti_cfg.o(.bss.sEXTI_PA0) refers (Special) to _printf_dec.o(.text) for _printf_int_dec
    stm32f1xx_hal_exti_cfg.o(.bss.sEXTI_PA0) refers (Special) to _printf_percent.o(.ARM.Collect$$_printf_percent$$00000000) for _printf_percent
    stm32f1xx_hal_exti_cfg.o(.bss.sEXTI_PA1) refers (Special) to _printf_d.o(.ARM.Collect$$_printf_percent$$00000009) for _printf_d
    stm32f1xx_hal_exti_cfg.o(.bss.sEXTI_PA1) refers (Special) to _printf_dec.o(.text) for _printf_int_dec
    stm32f1xx_hal_exti_cfg.o(.bss.sEXTI_PA1) refers (Special) to _printf_percent.o(.ARM.Collect$$_printf_percent$$00000000) for _printf_percent
    stm32f1xx_hal_exti_cfg.o(.bss.sEXTI_PA2) refers (Special) to _printf_d.o(.ARM.Collect$$_printf_percent$$00000009) for _printf_d
    stm32f1xx_hal_exti_cfg.o(.bss.sEXTI_PA2) refers (Special) to _printf_dec.o(.text) for _printf_int_dec
    stm32f1xx_hal_exti_cfg.o(.bss.sEXTI_PA2) refers (Special) to _printf_percent.o(.ARM.Collect$$_printf_percent$$00000000) for _printf_percent
    stm32f1xx_hal_exti_cfg.o(.bss.sEXTI_PA3) refers (Special) to _printf_d.o(.ARM.Collect$$_printf_percent$$00000009) for _printf_d
    stm32f1xx_hal_exti_cfg.o(.bss.sEXTI_PA3) refers (Special) to _printf_dec.o(.text) for _printf_int_dec
    stm32f1xx_hal_exti_cfg.o(.bss.sEXTI_PA3) refers (Special) to _printf_percent.o(.ARM.Collect$$_printf_percent$$00000000) for _printf_percent
    stm32f1xx_hal_exti_cfg.o(.bss.sEXTI_PA4) refers (Special) to _printf_d.o(.ARM.Collect$$_printf_percent$$00000009) for _printf_d
    stm32f1xx_hal_exti_cfg.o(.bss.sEXTI_PA4) refers (Special) to _printf_dec.o(.text) for _printf_int_dec
    stm32f1xx_hal_exti_cfg.o(.bss.sEXTI_PA4) refers (Special) to _printf_percent.o(.ARM.Collect$$_printf_percent$$00000000) for _printf_percent
    stm32f1xx_hal_exti_cfg.o(.bss.sEXTI_PA5) refers (Special) to _printf_d.o(.ARM.Collect$$_printf_percent$$00000009) for _printf_d
    stm32f1xx_hal_exti_cfg.o(.bss.sEXTI_PA5) refers (Special) to _printf_dec.o(.text) for _printf_int_dec
    stm32f1xx_hal_exti_cfg.o(.bss.sEXTI_PA5) refers (Special) to _printf_percent.o(.ARM.Collect$$_printf_percent$$00000000) for _printf_percent
    stm32f1xx_hal_exti_cfg.o(.bss.sEXTI_PA6) refers (Special) to _printf_d.o(.ARM.Collect$$_printf_percent$$00000009) for _printf_d
    stm32f1xx_hal_exti_cfg.o(.bss.sEXTI_PA6) refers (Special) to _printf_dec.o(.text) for _printf_int_dec
    stm32f1xx_hal_exti_cfg.o(.bss.sEXTI_PA6) refers (Special) to _printf_percent.o(.ARM.Collect$$_printf_percent$$00000000) for _printf_percent
    stm32f1xx_hal_exti_cfg.o(.bss.sEXTI_PA7) refers (Special) to _printf_d.o(.ARM.Collect$$_printf_percent$$00000009) for _printf_d
    stm32f1xx_hal_exti_cfg.o(.bss.sEXTI_PA7) refers (Special) to _printf_dec.o(.text) for _printf_int_dec
    stm32f1xx_hal_exti_cfg.o(.bss.sEXTI_PA7) refers (Special) to _printf_percent.o(.ARM.Collect$$_printf_percent$$00000000) for _printf_percent
    stm32f1xx_hal_exti_cfg.o(.bss.cRow1) refers (Special) to _printf_d.o(.ARM.Collect$$_printf_percent$$00000009) for _printf_d
    stm32f1xx_hal_exti_cfg.o(.bss.cRow1) refers (Special) to _printf_dec.o(.text) for _printf_int_dec
    stm32f1xx_hal_exti_cfg.o(.bss.cRow1) refers (Special) to _printf_percent.o(.ARM.Collect$$_printf_percent$$00000000) for _printf_percent
    stm32f1xx_hal_exti_cfg.o(.rodata.str1.1) refers (Special) to _printf_d.o(.ARM.Collect$$_printf_percent$$00000009) for _printf_d
    stm32f1xx_hal_exti_cfg.o(.rodata.str1.1) refers (Special) to _printf_dec.o(.text) for _printf_int_dec
    stm32f1xx_hal_exti_cfg.o(.rodata.str1.1) refers (Special) to _printf_percent.o(.ARM.Collect$$_printf_percent$$00000000) for _printf_percent
    stm32f1xx_hal_exti.o(.text.HAL_EXTI_Init) refers to stm32f1xx_hal_exti.o(.text.__NVIC_EnableIRQ) for __NVIC_EnableIRQ
    stm32f1xx_hal_exti.o(.ARM.exidx.text.HAL_EXTI_Init) refers to stm32f1xx_hal_exti.o(.text.HAL_EXTI_Init) for [Anonymous Symbol]
    stm32f1xx_hal_exti.o(.ARM.exidx.text.__NVIC_EnableIRQ) refers to stm32f1xx_hal_exti.o(.text.__NVIC_EnableIRQ) for [Anonymous Symbol]
    stm32f1xx_hal_exti.o(.ARM.exidx.text.HAL_EXTI_ClearPending) refers to stm32f1xx_hal_exti.o(.text.HAL_EXTI_ClearPending) for [Anonymous Symbol]
    startup_stm32f10x_md.o(STACK) refers (Special) to heapauxi.o(.text) for __use_two_region_memory
    startup_stm32f10x_md.o(HEAP) refers (Special) to heapauxi.o(.text) for __use_two_region_memory
    startup_stm32f10x_md.o(RESET) refers (Special) to heapauxi.o(.text) for __use_two_region_memory
    startup_stm32f10x_md.o(RESET) refers to startup_stm32f10x_md.o(STACK) for __initial_sp
    startup_stm32f10x_md.o(RESET) refers to startup_stm32f10x_md.o(.text) for Reset_Handler
    startup_stm32f10x_md.o(RESET) refers to stm32f1xx_hal_exti_cfg.o(.text.EXTI0_IRQHandler) for EXTI0_IRQHandler
    startup_stm32f10x_md.o(RESET) refers to stm32f1xx_hal_exti_cfg.o(.text.EXTI1_IRQHandler) for EXTI1_IRQHandler
    startup_stm32f10x_md.o(RESET) refers to stm32f1xx_hal_exti_cfg.o(.text.EXTI2_IRQHandler) for EXTI2_IRQHandler
    startup_stm32f10x_md.o(RESET) refers to stm32f1xx_hal_exti_cfg.o(.text.EXTI3_IRQHandler) for EXTI3_IRQHandler
    startup_stm32f10x_md.o(RESET) refers to stm32f1xx_hal_exti_cfg.o(.text.EXTI4_IRQHandler) for EXTI4_IRQHandler
    startup_stm32f10x_md.o(RESET) refers to stm32f1xx_hal_exti_cfg.o(.text.EXTI9_5_IRQHandler) for EXTI9_5_IRQHandler
    startup_stm32f10x_md.o(.text) refers (Special) to heapauxi.o(.text) for __use_two_region_memory
    startup_stm32f10x_md.o(.text) refers to system_stm32f10x.o(.text.SystemInit) for SystemInit
    startup_stm32f10x_md.o(.text) refers to __main.o(!!!main) for __main
    startup_stm32f10x_md.o(.text) refers to startup_stm32f10x_md.o(HEAP) for Heap_Mem
    startup_stm32f10x_md.o(.text) refers to startup_stm32f10x_md.o(STACK) for Stack_Mem
    system_stm32f10x.o(.text.SystemInit) refers to system_stm32f10x.o(.text.SetSysClock) for SetSysClock
    system_stm32f10x.o(.ARM.exidx.text.SystemInit) refers to system_stm32f10x.o(.text.SystemInit) for [Anonymous Symbol]
    system_stm32f10x.o(.text.SetSysClock) refers to system_stm32f10x.o(.text.SetSysClockTo72) for SetSysClockTo72
    system_stm32f10x.o(.ARM.exidx.text.SetSysClock) refers to system_stm32f10x.o(.text.SetSysClock) for [Anonymous Symbol]
    system_stm32f10x.o(.text.SystemCoreClockUpdate) refers to system_stm32f10x.o(.data.SystemCoreClock) for SystemCoreClock
    system_stm32f10x.o(.text.SystemCoreClockUpdate) refers to system_stm32f10x.o(.rodata.AHBPrescTable) for AHBPrescTable
    system_stm32f10x.o(.ARM.exidx.text.SystemCoreClockUpdate) refers to system_stm32f10x.o(.text.SystemCoreClockUpdate) for [Anonymous Symbol]
    system_stm32f10x.o(.ARM.exidx.text.SetSysClockTo72) refers to system_stm32f10x.o(.text.SetSysClockTo72) for [Anonymous Symbol]
    __2sprintf.o(.text) refers to _printf_char_common.o(.text) for _printf_char_common
    __2sprintf.o(.text) refers to _sputc.o(.text) for _sputc
    noretval__2sprintf.o(.text) refers to _printf_char_common.o(.text) for _printf_char_common
    noretval__2sprintf.o(.text) refers to _sputc.o(.text) for _sputc
    __printf.o(.text) refers to _printf_percent.o(.ARM.Collect$$_printf_percent$$00000000) for _printf_percent
    _printf_dec.o(.text) refers to _printf_intcommon.o(.text) for _printf_int_common
    __printf_flags.o(.text) refers to _printf_percent.o(.ARM.Collect$$_printf_percent$$00000000) for _printf_percent
    __printf_flags.o(.text) refers to __printf_flags.o(.constdata) for .constdata
    __printf_ss.o(.text) refers to _printf_percent.o(.ARM.Collect$$_printf_percent$$00000000) for _printf_percent
    __printf_flags_ss.o(.text) refers to _printf_percent.o(.ARM.Collect$$_printf_percent$$00000000) for _printf_percent
    __printf_flags_ss.o(.text) refers to __printf_flags_ss.o(.constdata) for .constdata
    __printf_wp.o(.text) refers to __printf_wp.o(i._is_digit) for _is_digit
    __printf_wp.o(.text) refers to _printf_percent.o(.ARM.Collect$$_printf_percent$$00000000) for _printf_percent
    __printf_flags_wp.o(.text) refers to __printf_wp.o(i._is_digit) for _is_digit
    __printf_flags_wp.o(.text) refers to _printf_percent.o(.ARM.Collect$$_printf_percent$$00000000) for _printf_percent
    __printf_flags_wp.o(.text) refers to __printf_flags_wp.o(.constdata) for .constdata
    __printf_ss_wp.o(.text) refers to __printf_wp.o(i._is_digit) for _is_digit
    __printf_ss_wp.o(.text) refers to _printf_percent.o(.ARM.Collect$$_printf_percent$$00000000) for _printf_percent
    __printf_flags_ss_wp.o(.text) refers to __printf_wp.o(i._is_digit) for _is_digit
    __printf_flags_ss_wp.o(.text) refers to _printf_percent.o(.ARM.Collect$$_printf_percent$$00000000) for _printf_percent
    __printf_flags_ss_wp.o(.text) refers to __printf_flags_ss_wp.o(.constdata) for .constdata
    _printf_d.o(.ARM.Collect$$_printf_percent$$00000009) refers (Weak) to _printf_dec.o(.text) for _printf_int_dec
    _printf_percent.o(.ARM.Collect$$_printf_percent$$00000000) refers (Special) to _printf_percent_end.o(.ARM.Collect$$_printf_percent$$00000017) for _printf_percent_end
    __main.o(!!!main) refers to __rtentry.o(.ARM.Collect$$rtentry$$00000000) for __rt_entry
    __rtentry.o(.ARM.Collect$$rtentry$$00000000) refers (Special) to __rtentry2.o(.ARM.Collect$$rtentry$$0000000A) for __rt_entry_li
    __rtentry.o(.ARM.Collect$$rtentry$$00000000) refers (Special) to __rtentry2.o(.ARM.Collect$$rtentry$$0000000D) for __rt_entry_main
    __rtentry.o(.ARM.Collect$$rtentry$$00000000) refers (Special) to __rtentry2.o(.ARM.Collect$$rtentry$$0000000C) for __rt_entry_postli_1
    __rtentry.o(.ARM.Collect$$rtentry$$00000000) refers (Special) to __rtentry2.o(.ARM.Collect$$rtentry$$00000009) for __rt_entry_postsh_1
    __rtentry.o(.ARM.Collect$$rtentry$$00000000) refers (Special) to __rtentry2.o(.ARM.Collect$$rtentry$$00000002) for __rt_entry_presh_1
    __rtentry.o(.ARM.Collect$$rtentry$$00000000) refers (Special) to __rtentry4.o(.ARM.Collect$$rtentry$$00000004) for __rt_entry_sh
    _printf_char_common.o(.text) refers to __printf.o(.text) for __printf
    __rtentry2.o(.ARM.Collect$$rtentry$$00000008) refers to boardinit2.o(.text) for _platform_post_stackheap_init
    __rtentry2.o(.ARM.Collect$$rtentry$$0000000A) refers to libinit.o(.ARM.Collect$$libinit$$00000000) for __rt_lib_init
    __rtentry2.o(.ARM.Collect$$rtentry$$0000000B) refers to boardinit3.o(.text) for _platform_post_lib_init
    __rtentry2.o(.ARM.Collect$$rtentry$$0000000D) refers to main.o(.text.main) for main
    __rtentry2.o(.ARM.Collect$$rtentry$$0000000D) refers to exit.o(.text) for exit
    __rtentry2.o(.ARM.exidx) refers to __rtentry2.o(.ARM.Collect$$rtentry$$00000001) for .ARM.Collect$$rtentry$$00000001
    __rtentry2.o(.ARM.exidx) refers to __rtentry2.o(.ARM.Collect$$rtentry$$00000008) for .ARM.Collect$$rtentry$$00000008
    __rtentry2.o(.ARM.exidx) refers to __rtentry2.o(.ARM.Collect$$rtentry$$0000000A) for .ARM.Collect$$rtentry$$0000000A
    __rtentry2.o(.ARM.exidx) refers to __rtentry2.o(.ARM.Collect$$rtentry$$0000000B) for .ARM.Collect$$rtentry$$0000000B
    __rtentry2.o(.ARM.exidx) refers to __rtentry2.o(.ARM.Collect$$rtentry$$0000000D) for .ARM.Collect$$rtentry$$0000000D
    __rtentry4.o(.ARM.Collect$$rtentry$$00000004) refers to sys_stackheap_outer.o(.text) for __user_setup_stackheap
    __rtentry4.o(.ARM.exidx) refers to __rtentry4.o(.ARM.Collect$$rtentry$$00000004) for .ARM.Collect$$rtentry$$00000004
    sys_stackheap_outer.o(.text) refers to libspace.o(.text) for __user_perproc_libspace
    sys_stackheap_outer.o(.text) refers to startup_stm32f10x_md.o(.text) for __user_initial_stackheap
    exit.o(.text) refers to rtexit.o(.ARM.Collect$$rtexit$$00000000) for __rt_exit
    libinit.o(.ARM.Collect$$libinit$$00000000) refers (Special) to libinit2.o(.ARM.Collect$$libinit$$0000002E) for __rt_lib_init_alloca_1
    libinit.o(.ARM.Collect$$libinit$$00000000) refers (Special) to libinit2.o(.ARM.Collect$$libinit$$0000002C) for __rt_lib_init_argv_1
    libinit.o(.ARM.Collect$$libinit$$00000000) refers (Special) to libinit2.o(.ARM.Collect$$libinit$$0000001B) for __rt_lib_init_atexit_1
    libinit.o(.ARM.Collect$$libinit$$00000000) refers (Special) to libinit2.o(.ARM.Collect$$libinit$$00000021) for __rt_lib_init_clock_1
    libinit.o(.ARM.Collect$$libinit$$00000000) refers (Special) to libinit2.o(.ARM.Collect$$libinit$$00000032) for __rt_lib_init_cpp_1
    libinit.o(.ARM.Collect$$libinit$$00000000) refers (Special) to libinit2.o(.ARM.Collect$$libinit$$00000030) for __rt_lib_init_exceptions_1
    libinit.o(.ARM.Collect$$libinit$$00000000) refers (Special) to libinit2.o(.ARM.Collect$$libinit$$00000002) for __rt_lib_init_fp_1
    libinit.o(.ARM.Collect$$libinit$$00000000) refers (Special) to libinit2.o(.ARM.Collect$$libinit$$0000001F) for __rt_lib_init_fp_trap_1
    libinit.o(.ARM.Collect$$libinit$$00000000) refers (Special) to libinit2.o(.ARM.Collect$$libinit$$00000023) for __rt_lib_init_getenv_1
    libinit.o(.ARM.Collect$$libinit$$00000000) refers (Special) to libinit2.o(.ARM.Collect$$libinit$$0000000A) for __rt_lib_init_heap_1
    libinit.o(.ARM.Collect$$libinit$$00000000) refers (Special) to libinit2.o(.ARM.Collect$$libinit$$00000011) for __rt_lib_init_lc_collate_1
    libinit.o(.ARM.Collect$$libinit$$00000000) refers (Special) to libinit2.o(.ARM.Collect$$libinit$$00000013) for __rt_lib_init_lc_ctype_1
    libinit.o(.ARM.Collect$$libinit$$00000000) refers (Special) to libinit2.o(.ARM.Collect$$libinit$$00000015) for __rt_lib_init_lc_monetary_1
    libinit.o(.ARM.Collect$$libinit$$00000000) refers (Special) to libinit2.o(.ARM.Collect$$libinit$$00000017) for __rt_lib_init_lc_numeric_1
    libinit.o(.ARM.Collect$$libinit$$00000000) refers (Special) to libinit2.o(.ARM.Collect$$libinit$$00000019) for __rt_lib_init_lc_time_1
    libinit.o(.ARM.Collect$$libinit$$00000000) refers (Special) to libinit2.o(.ARM.Collect$$libinit$$00000004) for __rt_lib_init_preinit_1
    libinit.o(.ARM.Collect$$libinit$$00000000) refers (Special) to libinit2.o(.ARM.Collect$$libinit$$0000000E) for __rt_lib_init_rand_1
    libinit.o(.ARM.Collect$$libinit$$00000000) refers (Special) to libinit2.o(.ARM.Collect$$libinit$$00000033) for __rt_lib_init_return
    libinit.o(.ARM.Collect$$libinit$$00000000) refers (Special) to libinit2.o(.ARM.Collect$$libinit$$0000001D) for __rt_lib_init_signal_1
    libinit.o(.ARM.Collect$$libinit$$00000000) refers (Special) to libinit2.o(.ARM.Collect$$libinit$$00000025) for __rt_lib_init_stdio_1
    libinit.o(.ARM.Collect$$libinit$$00000000) refers (Special) to libinit2.o(.ARM.Collect$$libinit$$0000000C) for __rt_lib_init_user_alloc_1
    libspace.o(.text) refers to libspace.o(.bss) for __libspace_start
    rtexit.o(.ARM.Collect$$rtexit$$00000000) refers (Special) to rtexit2.o(.ARM.Collect$$rtexit$$00000004) for __rt_exit_exit
    rtexit.o(.ARM.Collect$$rtexit$$00000000) refers (Special) to rtexit2.o(.ARM.Collect$$rtexit$$00000003) for __rt_exit_ls
    rtexit.o(.ARM.Collect$$rtexit$$00000000) refers (Special) to rtexit2.o(.ARM.Collect$$rtexit$$00000002) for __rt_exit_prels_1
    rtexit.o(.ARM.exidx) refers (Special) to rtexit2.o(.ARM.Collect$$rtexit$$00000004) for __rt_exit_exit
    rtexit.o(.ARM.exidx) refers (Special) to rtexit2.o(.ARM.Collect$$rtexit$$00000003) for __rt_exit_ls
    rtexit.o(.ARM.exidx) refers (Special) to rtexit2.o(.ARM.Collect$$rtexit$$00000002) for __rt_exit_prels_1
    rtexit.o(.ARM.exidx) refers to rtexit.o(.ARM.Collect$$rtexit$$00000000) for .ARM.Collect$$rtexit$$00000000
    libinit2.o(.ARM.Collect$$libinit$$00000010) refers to libinit2.o(.ARM.Collect$$libinit$$0000000F) for .ARM.Collect$$libinit$$0000000F
    libinit2.o(.ARM.Collect$$libinit$$00000012) refers to libinit2.o(.ARM.Collect$$libinit$$0000000F) for .ARM.Collect$$libinit$$0000000F
    libinit2.o(.ARM.Collect$$libinit$$00000014) refers to libinit2.o(.ARM.Collect$$libinit$$0000000F) for .ARM.Collect$$libinit$$0000000F
    libinit2.o(.ARM.Collect$$libinit$$00000016) refers to libinit2.o(.ARM.Collect$$libinit$$0000000F) for .ARM.Collect$$libinit$$0000000F
    libinit2.o(.ARM.Collect$$libinit$$00000018) refers to libinit2.o(.ARM.Collect$$libinit$$0000000F) for .ARM.Collect$$libinit$$0000000F
    libinit2.o(.ARM.Collect$$libinit$$00000026) refers to argv_veneer.o(.emb_text) for __ARM_argv_veneer
    libinit2.o(.ARM.Collect$$libinit$$00000027) refers to argv_veneer.o(.emb_text) for __ARM_argv_veneer
    rtexit2.o(.ARM.Collect$$rtexit$$00000003) refers to libshutdown.o(.ARM.Collect$$libshutdown$$00000000) for __rt_lib_shutdown
    rtexit2.o(.ARM.Collect$$rtexit$$00000004) refers to sys_exit.o(.text) for _sys_exit
    rtexit2.o(.ARM.exidx) refers to rtexit2.o(.ARM.Collect$$rtexit$$00000001) for .ARM.Collect$$rtexit$$00000001
    rtexit2.o(.ARM.exidx) refers to rtexit2.o(.ARM.Collect$$rtexit$$00000003) for .ARM.Collect$$rtexit$$00000003
    rtexit2.o(.ARM.exidx) refers to rtexit2.o(.ARM.Collect$$rtexit$$00000004) for .ARM.Collect$$rtexit$$00000004
    argv_veneer.o(.emb_text) refers to no_argv.o(.text) for __ARM_get_argv
    sys_exit.o(.text) refers (Special) to use_no_semi.o(.text) for __I$use$semihosting
    sys_exit.o(.text) refers (Special) to indicate_semi.o(.text) for __semihosting_library_function
    sys_exit_hlt.o(.text) refers (Special) to use_no_semi.o(.text) for __I$use$semihosting
    sys_exit_hlt.o(.text) refers (Special) to indicate_semi.o(.text) for __semihosting_library_function
    _get_argv_nomalloc.o(.text) refers (Special) to hrguard.o(.text) for __heap_region$guard
    _get_argv_nomalloc.o(.text) refers to defsig_rtmem_outer.o(.text) for __rt_SIGRTMEM
    _get_argv_nomalloc.o(.text) refers to sys_command.o(.text) for _sys_command_string
    libshutdown.o(.ARM.Collect$$libshutdown$$00000000) refers (Special) to libshutdown2.o(.ARM.Collect$$libshutdown$$00000002) for __rt_lib_shutdown_cpp_1
    libshutdown.o(.ARM.Collect$$libshutdown$$00000000) refers (Special) to libshutdown2.o(.ARM.Collect$$libshutdown$$00000007) for __rt_lib_shutdown_fp_trap_1
    libshutdown.o(.ARM.Collect$$libshutdown$$00000000) refers (Special) to libshutdown2.o(.ARM.Collect$$libshutdown$$0000000F) for __rt_lib_shutdown_heap_1
    libshutdown.o(.ARM.Collect$$libshutdown$$00000000) refers (Special) to libshutdown2.o(.ARM.Collect$$libshutdown$$00000010) for __rt_lib_shutdown_return
    libshutdown.o(.ARM.Collect$$libshutdown$$00000000) refers (Special) to libshutdown2.o(.ARM.Collect$$libshutdown$$0000000A) for __rt_lib_shutdown_signal_1
    libshutdown.o(.ARM.Collect$$libshutdown$$00000000) refers (Special) to libshutdown2.o(.ARM.Collect$$libshutdown$$00000004) for __rt_lib_shutdown_stdio_1
    libshutdown.o(.ARM.Collect$$libshutdown$$00000000) refers (Special) to libshutdown2.o(.ARM.Collect$$libshutdown$$0000000C) for __rt_lib_shutdown_user_alloc_1
    sys_command.o(.text) refers (Special) to use_no_semi.o(.text) for __I$use$semihosting
    sys_command.o(.text) refers (Special) to indicate_semi.o(.text) for __semihosting_library_function
    sys_command_hlt.o(.text) refers (Special) to use_no_semi.o(.text) for __I$use$semihosting
    sys_command_hlt.o(.text) refers (Special) to indicate_semi.o(.text) for __semihosting_library_function
    defsig_rtmem_outer.o(.text) refers to defsig_rtmem_inner.o(.text) for __rt_SIGRTMEM_inner
    defsig_rtmem_outer.o(.text) refers to defsig_exit.o(.text) for __sig_exit
    defsig_rtmem_formal.o(.text) refers to rt_raise.o(.text) for __rt_raise
    rt_raise.o(.text) refers to __raise.o(.text) for __raise
    rt_raise.o(.text) refers to sys_exit.o(.text) for _sys_exit
    defsig_exit.o(.text) refers to sys_exit.o(.text) for _sys_exit
    defsig_rtmem_inner.o(.text) refers to defsig_general.o(.text) for __default_signal_display
    __raise.o(.text) refers to defsig.o(CL$$defsig) for __default_signal_handler
    defsig_general.o(.text) refers to sys_wrch.o(.text) for _ttywrch
    sys_wrch.o(.text) refers (Special) to use_no_semi.o(.text) for __I$use$semihosting
    sys_wrch.o(.text) refers (Special) to indicate_semi.o(.text) for __semihosting_library_function
    sys_wrch_hlt.o(.text) refers (Special) to use_no_semi.o(.text) for __I$use$semihosting
    sys_wrch_hlt.o(.text) refers (Special) to indicate_semi.o(.text) for __semihosting_library_function
    defsig.o(CL$$defsig) refers to defsig_rtmem_inner.o(.text) for __rt_SIGRTMEM_inner
    defsig_abrt_inner.o(.text) refers to defsig_general.o(.text) for __default_signal_display
    defsig_fpe_inner.o(.text) refers to defsig_general.o(.text) for __default_signal_display
    defsig_rtred_inner.o(.text) refers to defsig_general.o(.text) for __default_signal_display
    defsig_stak_inner.o(.text) refers to defsig_general.o(.text) for __default_signal_display
    defsig_pvfn_inner.o(.text) refers to defsig_general.o(.text) for __default_signal_display
    defsig_cppl_inner.o(.text) refers to defsig_general.o(.text) for __default_signal_display
    defsig_segv_inner.o(.text) refers to defsig_general.o(.text) for __default_signal_display
    defsig_other.o(.text) refers to defsig_general.o(.text) for __default_signal_display


==============================================================================

Removing Unused input sections from the image.

    Removing main.o(.text), (0 bytes).
    Removing main.o(.ARM.exidx.text.main), (8 bytes).
    Removing main.o(.ARM.exidx.text.Init_Handheld), (8 bytes).
    Removing main.o(.ARM.use_no_argv), (4 bytes).
    Removing stm32f1xx_hal_gpio.o(.text), (0 bytes).
    Removing stm32f1xx_hal_gpio.o(.ARM.exidx.text.HAL_GPIO_Pin_Init), (8 bytes).
    Removing stm32f1xx_hal_gpio.o(.text.HAL_GPIO_Pin_Read), (96 bytes).
    Removing stm32f1xx_hal_gpio.o(.ARM.exidx.text.HAL_GPIO_Pin_Read), (8 bytes).
    Removing stm32f1xx_hal_gpio.o(.ARM.exidx.text.HAL_GPIO_Pin_Write), (8 bytes).
    Removing stm32f1xx_hal_gpio.o(.ARM.exidx.text.HAL_GPIO_Pin_Toggle), (8 bytes).
    Removing stm32f1xx_hal_gpio_cfg.o(.text), (0 bytes).
    Removing stm32f1xx_hal_gpio_cfg.o(.ARM.exidx.text.GPIO_Init), (8 bytes).
    Removing stm32f1xx_hal_gpio_cfg.o(.bss.RESET_BUTTON_STATE), (1 bytes).
    Removing stm32f1xx_hal_gpio_cfg.o(.bss.OPEN_CLOSE_BUTTON_STATE), (1 bytes).
    Removing stm32f1xx_hal_gpio_cfg.o(.bss.CLOSE_POSITION_SEND_BUTTON_STATE), (1 bytes).
    Removing stm32f1xx_hal_gpio_cfg.o(.bss.SAVE_POSITION_BUTTON_STATE), (1 bytes).
    Removing stm32f1xx_hal_gpio_cfg.o(.bss.JOSTICK_RIGHT_BUTTON_STATE), (1 bytes).
    Removing stm32f1xx_hal_gpio_cfg.o(.bss.JOSTICK_LEFT_BUTTON_STATE), (1 bytes).
    Removing stm32f1xx_hal_gpio_cfg.o(.bss.JOSTICK_DOWN_BUTTON_STATE), (1 bytes).
    Removing stm32f1xx_hal_gpio_cfg.o(.bss.JOSTICK_UP_BUTTON_STATE), (1 bytes).
    Removing stm32f1xx_hal_tim.o(.text), (0 bytes).
    Removing stm32f1xx_hal_tim.o(.ARM.exidx.text.HAL_TIM_Init), (8 bytes).
    Removing stm32f1xx_hal_tim.o(.ARM.exidx.text.__NVIC_EnableIRQ), (8 bytes).
    Removing stm32f1xx_hal_tim.o(.ARM.exidx.text.HAL_TIM_msDelay), (8 bytes).
    Removing stm32f1xx_hal_tim_cfg.o(.text), (0 bytes).
    Removing stm32f1xx_hal_tim_cfg.o(.ARM.exidx.text.TIM_Delay_Init), (8 bytes).
    Removing hal_lcd.o(.text), (0 bytes).
    Removing hal_lcd.o(.ARM.exidx.text.HAL_Lcd_SetBit), (8 bytes).
    Removing hal_lcd.o(.ARM.exidx.text.HAL_Lcd_Cmd), (8 bytes).
    Removing hal_lcd.o(.ARM.exidx.text.HAL_Lcd_Init), (8 bytes).
    Removing hal_lcd.o(.ARM.exidx.text.HAL_Lcd_Print_Char), (8 bytes).
    Removing hal_lcd.o(.ARM.exidx.text.HAL_Lcd_Print_String), (8 bytes).
    Removing hal_lcd.o(.ARM.exidx.text.HAL_Lcd_Clear), (8 bytes).
    Removing hal_lcd.o(.ARM.exidx.text.HAL_Lcd_Set_Cursor), (8 bytes).
    Removing stm32f1xx_hal_exti_cfg.o(.text), (0 bytes).
    Removing stm32f1xx_hal_exti_cfg.o(.ARM.exidx.text.EXTI_Init), (8 bytes).
    Removing stm32f1xx_hal_exti_cfg.o(.ARM.exidx.text.EXTI0_IRQHandler), (8 bytes).
    Removing stm32f1xx_hal_exti_cfg.o(.ARM.exidx.text.EXTI1_IRQHandler), (8 bytes).
    Removing stm32f1xx_hal_exti_cfg.o(.ARM.exidx.text.EXTI2_IRQHandler), (8 bytes).
    Removing stm32f1xx_hal_exti_cfg.o(.ARM.exidx.text.EXTI3_IRQHandler), (8 bytes).
    Removing stm32f1xx_hal_exti_cfg.o(.ARM.exidx.text.EXTI4_IRQHandler), (8 bytes).
    Removing stm32f1xx_hal_exti_cfg.o(.ARM.exidx.text.EXTI9_5_IRQHandler), (8 bytes).
    Removing stm32f1xx_hal_exti.o(.text), (0 bytes).
    Removing stm32f1xx_hal_exti.o(.ARM.exidx.text.HAL_EXTI_Init), (8 bytes).
    Removing stm32f1xx_hal_exti.o(.ARM.exidx.text.__NVIC_EnableIRQ), (8 bytes).
    Removing stm32f1xx_hal_exti.o(.ARM.exidx.text.HAL_EXTI_ClearPending), (8 bytes).
    Removing system_stm32f10x.o(.text), (0 bytes).
    Removing system_stm32f10x.o(.ARM.exidx.text.SystemInit), (8 bytes).
    Removing system_stm32f10x.o(.ARM.exidx.text.SetSysClock), (8 bytes).
    Removing system_stm32f10x.o(.text.SystemCoreClockUpdate), (110 bytes).
    Removing system_stm32f10x.o(.ARM.exidx.text.SystemCoreClockUpdate), (8 bytes).
    Removing system_stm32f10x.o(.ARM.exidx.text.SetSysClockTo72), (8 bytes).
    Removing system_stm32f10x.o(.data.SystemCoreClock), (4 bytes).
    Removing system_stm32f10x.o(.rodata.AHBPrescTable), (16 bytes).

54 unused section(s) (total 494 bytes) removed from the image.

==============================================================================

Image Symbol Table

    Local Symbols

    Symbol Name                              Value     Ov Type        Size  Object(Section)

    ../clib/angel/boardlib.s                 0x00000000   Number         0  boardinit1.o ABSOLUTE
    ../clib/angel/boardlib.s                 0x00000000   Number         0  boardinit2.o ABSOLUTE
    ../clib/angel/boardlib.s                 0x00000000   Number         0  boardinit3.o ABSOLUTE
    ../clib/angel/boardlib.s                 0x00000000   Number         0  boardshut.o ABSOLUTE
    ../clib/angel/handlers.s                 0x00000000   Number         0  __scatter_copy.o ABSOLUTE
    ../clib/angel/handlers.s                 0x00000000   Number         0  __scatter_zi.o ABSOLUTE
    ../clib/angel/kernel.s                   0x00000000   Number         0  __rtentry.o ABSOLUTE
    ../clib/angel/kernel.s                   0x00000000   Number         0  __rtentry2.o ABSOLUTE
    ../clib/angel/kernel.s                   0x00000000   Number         0  __rtentry4.o ABSOLUTE
    ../clib/angel/kernel.s                   0x00000000   Number         0  rtexit.o ABSOLUTE
    ../clib/angel/kernel.s                   0x00000000   Number         0  rtexit2.o ABSOLUTE
    ../clib/angel/rt.s                       0x00000000   Number         0  rt_raise.o ABSOLUTE
    ../clib/angel/scatter.s                  0x00000000   Number         0  __scatter.o ABSOLUTE
    ../clib/angel/startup.s                  0x00000000   Number         0  __main.o ABSOLUTE
    ../clib/angel/sys.s                      0x00000000   Number         0  sys_stackheap_outer.o ABSOLUTE
    ../clib/angel/sys.s                      0x00000000   Number         0  libspace.o ABSOLUTE
    ../clib/angel/sys.s                      0x00000000   Number         0  use_no_semi.o ABSOLUTE
    ../clib/angel/sys.s                      0x00000000   Number         0  indicate_semi.o ABSOLUTE
    ../clib/angel/sysapp.c                   0x00000000   Number         0  sys_exit.o ABSOLUTE
    ../clib/angel/sysapp.c                   0x00000000   Number         0  sys_exit_hlt.o ABSOLUTE
    ../clib/angel/sysapp.c                   0x00000000   Number         0  sys_command.o ABSOLUTE
    ../clib/angel/sysapp.c                   0x00000000   Number         0  sys_command_hlt.o ABSOLUTE
    ../clib/angel/sysapp.c                   0x00000000   Number         0  sys_wrch.o ABSOLUTE
    ../clib/angel/sysapp.c                   0x00000000   Number         0  sys_wrch_hlt.o ABSOLUTE
    ../clib/armsys.c                         0x00000000   Number         0  argv_veneer.o ABSOLUTE
    ../clib/armsys.c                         0x00000000   Number         0  argv_veneer.o ABSOLUTE
    ../clib/armsys.c                         0x00000000   Number         0  _get_argv_nomalloc.o ABSOLUTE
    ../clib/armsys.c                         0x00000000   Number         0  no_argv.o ABSOLUTE
    ../clib/heapalloc.c                      0x00000000   Number         0  hrguard.o ABSOLUTE
    ../clib/heapaux.c                        0x00000000   Number         0  heapauxi.o ABSOLUTE
    ../clib/libinit.s                        0x00000000   Number         0  libinit.o ABSOLUTE
    ../clib/libinit.s                        0x00000000   Number         0  libinit2.o ABSOLUTE
    ../clib/libinit.s                        0x00000000   Number         0  libshutdown.o ABSOLUTE
    ../clib/libinit.s                        0x00000000   Number         0  libshutdown2.o ABSOLUTE
    ../clib/printf.c                         0x00000000   Number         0  __2sprintf.o ABSOLUTE
    ../clib/printf.c                         0x00000000   Number         0  noretval__2sprintf.o ABSOLUTE
    ../clib/printf.c                         0x00000000   Number         0  __printf.o ABSOLUTE
    ../clib/printf.c                         0x00000000   Number         0  _printf_dec.o ABSOLUTE
    ../clib/printf.c                         0x00000000   Number         0  __printf_flags.o ABSOLUTE
    ../clib/printf.c                         0x00000000   Number         0  __printf_ss.o ABSOLUTE
    ../clib/printf.c                         0x00000000   Number         0  __printf_flags_ss.o ABSOLUTE
    ../clib/printf.c                         0x00000000   Number         0  __printf_wp.o ABSOLUTE
    ../clib/printf.c                         0x00000000   Number         0  __printf_flags_wp.o ABSOLUTE
    ../clib/printf.c                         0x00000000   Number         0  __printf_ss_wp.o ABSOLUTE
    ../clib/printf.c                         0x00000000   Number         0  __printf_flags_ss_wp.o ABSOLUTE
    ../clib/printf.c                         0x00000000   Number         0  _printf_intcommon.o ABSOLUTE
    ../clib/printf.c                         0x00000000   Number         0  _printf_char_common.o ABSOLUTE
    ../clib/printf.c                         0x00000000   Number         0  _sputc.o ABSOLUTE
    ../clib/printf.c                         0x00000000   Number         0  __printf_nopercent.o ABSOLUTE
    ../clib/printf_percent.s                 0x00000000   Number         0  _printf_d.o ABSOLUTE
    ../clib/printf_percent.s                 0x00000000   Number         0  _printf_percent.o ABSOLUTE
    ../clib/printf_percent.s                 0x00000000   Number         0  _printf_percent_end.o ABSOLUTE
    ../clib/signal.c                         0x00000000   Number         0  defsig_rtmem_outer.o ABSOLUTE
    ../clib/signal.c                         0x00000000   Number         0  defsig_rtmem_formal.o ABSOLUTE
    ../clib/signal.c                         0x00000000   Number         0  defsig_exit.o ABSOLUTE
    ../clib/signal.c                         0x00000000   Number         0  defsig_rtmem_inner.o ABSOLUTE
    ../clib/signal.c                         0x00000000   Number         0  __raise.o ABSOLUTE
    ../clib/signal.c                         0x00000000   Number         0  defsig_general.o ABSOLUTE
    ../clib/signal.c                         0x00000000   Number         0  defsig_abrt_inner.o ABSOLUTE
    ../clib/signal.c                         0x00000000   Number         0  defsig_fpe_inner.o ABSOLUTE
    ../clib/signal.c                         0x00000000   Number         0  defsig_rtred_inner.o ABSOLUTE
    ../clib/signal.c                         0x00000000   Number         0  defsig_stak_inner.o ABSOLUTE
    ../clib/signal.c                         0x00000000   Number         0  defsig_pvfn_inner.o ABSOLUTE
    ../clib/signal.c                         0x00000000   Number         0  defsig_cppl_inner.o ABSOLUTE
    ../clib/signal.c                         0x00000000   Number         0  defsig_segv_inner.o ABSOLUTE
    ../clib/signal.c                         0x00000000   Number         0  defsig_other.o ABSOLUTE
    ../clib/signal.s                         0x00000000   Number         0  defsig.o ABSOLUTE
    ../clib/stdlib.c                         0x00000000   Number         0  exit.o ABSOLUTE
    ../fplib/fpinit.s                        0x00000000   Number         0  fpinit.o ABSOLUTE
    ../fplib/fpinit_empty.s                  0x00000000   Number         0  fpinit_empty.o ABSOLUTE
    RTE/Device/STM32F103C8/startup_stm32f10x_md.s 0x00000000   Number         0  startup_stm32f10x_md.o ABSOLUTE
    dc.s                                     0x00000000   Number         0  dc.o ABSOLUTE
    hal_lcd.c                                0x00000000   Number         0  hal_lcd.o ABSOLUTE
    main.c                                   0x00000000   Number         0  main.o ABSOLUTE
    stm32f1xx_hal_exti.c                     0x00000000   Number         0  stm32f1xx_hal_exti.o ABSOLUTE
    stm32f1xx_hal_exti_cfg.c                 0x00000000   Number         0  stm32f1xx_hal_exti_cfg.o ABSOLUTE
    stm32f1xx_hal_gpio.c                     0x00000000   Number         0  stm32f1xx_hal_gpio.o ABSOLUTE
    stm32f1xx_hal_gpio_cfg.c                 0x00000000   Number         0  stm32f1xx_hal_gpio_cfg.o ABSOLUTE
    stm32f1xx_hal_tim.c                      0x00000000   Number         0  stm32f1xx_hal_tim.o ABSOLUTE
    stm32f1xx_hal_tim_cfg.c                  0x00000000   Number         0  stm32f1xx_hal_tim_cfg.o ABSOLUTE
    system_stm32f10x.c                       0x00000000   Number         0  system_stm32f10x.o ABSOLUTE
    RESET                                    0x08000000   Section      236  startup_stm32f10x_md.o(RESET)
    !!!main                                  0x080000ec   Section        8  __main.o(!!!main)
    !!!scatter                               0x080000f4   Section       52  __scatter.o(!!!scatter)
    !!handler_copy                           0x08000128   Section       26  __scatter_copy.o(!!handler_copy)
    !!handler_zi                             0x08000144   Section       28  __scatter_zi.o(!!handler_zi)
    .ARM.Collect$$_printf_percent$$00000000  0x08000160   Section        0  _printf_percent.o(.ARM.Collect$$_printf_percent$$00000000)
    .ARM.Collect$$_printf_percent$$00000009  0x08000160   Section        6  _printf_d.o(.ARM.Collect$$_printf_percent$$00000009)
    .ARM.Collect$$_printf_percent$$00000017  0x08000166   Section        4  _printf_percent_end.o(.ARM.Collect$$_printf_percent$$00000017)
    .ARM.Collect$$libinit$$00000000          0x0800016a   Section        2  libinit.o(.ARM.Collect$$libinit$$00000000)
    .ARM.Collect$$libinit$$00000002          0x0800016c   Section        0  libinit2.o(.ARM.Collect$$libinit$$00000002)
    .ARM.Collect$$libinit$$00000004          0x0800016c   Section        0  libinit2.o(.ARM.Collect$$libinit$$00000004)
    .ARM.Collect$$libinit$$0000000A          0x0800016c   Section        0  libinit2.o(.ARM.Collect$$libinit$$0000000A)
    .ARM.Collect$$libinit$$0000000C          0x0800016c   Section        0  libinit2.o(.ARM.Collect$$libinit$$0000000C)
    .ARM.Collect$$libinit$$0000000E          0x0800016c   Section        0  libinit2.o(.ARM.Collect$$libinit$$0000000E)
    .ARM.Collect$$libinit$$00000011          0x0800016c   Section        0  libinit2.o(.ARM.Collect$$libinit$$00000011)
    .ARM.Collect$$libinit$$00000013          0x0800016c   Section        0  libinit2.o(.ARM.Collect$$libinit$$00000013)
    .ARM.Collect$$libinit$$00000015          0x0800016c   Section        0  libinit2.o(.ARM.Collect$$libinit$$00000015)
    .ARM.Collect$$libinit$$00000017          0x0800016c   Section        0  libinit2.o(.ARM.Collect$$libinit$$00000017)
    .ARM.Collect$$libinit$$00000019          0x0800016c   Section        0  libinit2.o(.ARM.Collect$$libinit$$00000019)
    .ARM.Collect$$libinit$$0000001B          0x0800016c   Section        0  libinit2.o(.ARM.Collect$$libinit$$0000001B)
    .ARM.Collect$$libinit$$0000001D          0x0800016c   Section        0  libinit2.o(.ARM.Collect$$libinit$$0000001D)
    .ARM.Collect$$libinit$$0000001F          0x0800016c   Section        0  libinit2.o(.ARM.Collect$$libinit$$0000001F)
    .ARM.Collect$$libinit$$00000021          0x0800016c   Section        0  libinit2.o(.ARM.Collect$$libinit$$00000021)
    .ARM.Collect$$libinit$$00000023          0x0800016c   Section        0  libinit2.o(.ARM.Collect$$libinit$$00000023)
    .ARM.Collect$$libinit$$00000025          0x0800016c   Section        0  libinit2.o(.ARM.Collect$$libinit$$00000025)
    .ARM.Collect$$libinit$$0000002C          0x0800016c   Section        0  libinit2.o(.ARM.Collect$$libinit$$0000002C)
    .ARM.Collect$$libinit$$0000002E          0x0800016c   Section        0  libinit2.o(.ARM.Collect$$libinit$$0000002E)
    .ARM.Collect$$libinit$$00000030          0x0800016c   Section        0  libinit2.o(.ARM.Collect$$libinit$$00000030)
    .ARM.Collect$$libinit$$00000032          0x0800016c   Section        0  libinit2.o(.ARM.Collect$$libinit$$00000032)
    .ARM.Collect$$libinit$$00000033          0x0800016c   Section        2  libinit2.o(.ARM.Collect$$libinit$$00000033)
    .ARM.Collect$$libshutdown$$00000000      0x0800016e   Section        2  libshutdown.o(.ARM.Collect$$libshutdown$$00000000)
    .ARM.Collect$$libshutdown$$00000002      0x08000170   Section        0  libshutdown2.o(.ARM.Collect$$libshutdown$$00000002)
    .ARM.Collect$$libshutdown$$00000004      0x08000170   Section        0  libshutdown2.o(.ARM.Collect$$libshutdown$$00000004)
    .ARM.Collect$$libshutdown$$00000007      0x08000170   Section        0  libshutdown2.o(.ARM.Collect$$libshutdown$$00000007)
    .ARM.Collect$$libshutdown$$0000000A      0x08000170   Section        0  libshutdown2.o(.ARM.Collect$$libshutdown$$0000000A)
    .ARM.Collect$$libshutdown$$0000000C      0x08000170   Section        0  libshutdown2.o(.ARM.Collect$$libshutdown$$0000000C)
    .ARM.Collect$$libshutdown$$0000000F      0x08000170   Section        0  libshutdown2.o(.ARM.Collect$$libshutdown$$0000000F)
    .ARM.Collect$$libshutdown$$00000010      0x08000170   Section        2  libshutdown2.o(.ARM.Collect$$libshutdown$$00000010)
    .ARM.Collect$$rtentry$$00000000          0x08000172   Section        0  __rtentry.o(.ARM.Collect$$rtentry$$00000000)
    .ARM.Collect$$rtentry$$00000002          0x08000172   Section        0  __rtentry2.o(.ARM.Collect$$rtentry$$00000002)
    .ARM.Collect$$rtentry$$00000004          0x08000172   Section        6  __rtentry4.o(.ARM.Collect$$rtentry$$00000004)
    .ARM.Collect$$rtentry$$00000009          0x08000178   Section        0  __rtentry2.o(.ARM.Collect$$rtentry$$00000009)
    .ARM.Collect$$rtentry$$0000000A          0x08000178   Section        4  __rtentry2.o(.ARM.Collect$$rtentry$$0000000A)
    .ARM.Collect$$rtentry$$0000000C          0x0800017c   Section        0  __rtentry2.o(.ARM.Collect$$rtentry$$0000000C)
    .ARM.Collect$$rtentry$$0000000D          0x0800017c   Section        8  __rtentry2.o(.ARM.Collect$$rtentry$$0000000D)
    .ARM.Collect$$rtexit$$00000000           0x08000184   Section        2  rtexit.o(.ARM.Collect$$rtexit$$00000000)
    .ARM.Collect$$rtexit$$00000002           0x08000186   Section        0  rtexit2.o(.ARM.Collect$$rtexit$$00000002)
    .ARM.Collect$$rtexit$$00000003           0x08000186   Section        4  rtexit2.o(.ARM.Collect$$rtexit$$00000003)
    .ARM.Collect$$rtexit$$00000004           0x0800018a   Section        6  rtexit2.o(.ARM.Collect$$rtexit$$00000004)
    .text                                    0x08000190   Section       64  startup_stm32f10x_md.o(.text)
    .text                                    0x080001d0   Section        0  noretval__2sprintf.o(.text)
    .text                                    0x080001f8   Section        0  __printf.o(.text)
    .text                                    0x08000260   Section        0  _printf_dec.o(.text)
    .text                                    0x080002d8   Section        0  heapauxi.o(.text)
    .text                                    0x080002de   Section        0  _printf_intcommon.o(.text)
    _printf_input_char                       0x08000391   Thumb Code    10  _printf_char_common.o(.text)
    .text                                    0x08000390   Section        0  _printf_char_common.o(.text)
    .text                                    0x080003c0   Section        0  _sputc.o(.text)
    .text                                    0x080003ca   Section       74  sys_stackheap_outer.o(.text)
    .text                                    0x08000414   Section        0  exit.o(.text)
    .text                                    0x08000428   Section        8  libspace.o(.text)
    .text                                    0x08000430   Section        0  sys_exit.o(.text)
    .text                                    0x0800043c   Section        2  use_no_semi.o(.text)
    .text                                    0x0800043e   Section        0  indicate_semi.o(.text)
    [Anonymous Symbol]                       0x08000440   Section        0  stm32f1xx_hal_exti_cfg.o(.text.EXTI0_IRQHandler)
    [Anonymous Symbol]                       0x08000490   Section        0  stm32f1xx_hal_exti_cfg.o(.text.EXTI1_IRQHandler)
    [Anonymous Symbol]                       0x080004e0   Section        0  stm32f1xx_hal_exti_cfg.o(.text.EXTI2_IRQHandler)
    [Anonymous Symbol]                       0x080004fc   Section        0  stm32f1xx_hal_exti_cfg.o(.text.EXTI3_IRQHandler)
    [Anonymous Symbol]                       0x08000518   Section        0  stm32f1xx_hal_exti_cfg.o(.text.EXTI4_IRQHandler)
    [Anonymous Symbol]                       0x08000534   Section        0  stm32f1xx_hal_exti_cfg.o(.text.EXTI9_5_IRQHandler)
    [Anonymous Symbol]                       0x0800059c   Section        0  stm32f1xx_hal_exti_cfg.o(.text.EXTI_Init)
    [Anonymous Symbol]                       0x08000640   Section        0  stm32f1xx_hal_gpio_cfg.o(.text.GPIO_Init)
    [Anonymous Symbol]                       0x080007e8   Section        0  stm32f1xx_hal_exti.o(.text.HAL_EXTI_ClearPending)
    [Anonymous Symbol]                       0x080007fc   Section        0  stm32f1xx_hal_exti.o(.text.HAL_EXTI_Init)
    [Anonymous Symbol]                       0x08000954   Section        0  stm32f1xx_hal_gpio.o(.text.HAL_GPIO_Pin_Init)
    [Anonymous Symbol]                       0x08000b14   Section        0  stm32f1xx_hal_gpio.o(.text.HAL_GPIO_Pin_Toggle)
    [Anonymous Symbol]                       0x08000b2c   Section        0  stm32f1xx_hal_gpio.o(.text.HAL_GPIO_Pin_Write)
    [Anonymous Symbol]                       0x08000c24   Section        0  hal_lcd.o(.text.HAL_Lcd_Clear)
    [Anonymous Symbol]                       0x08000c4c   Section        0  hal_lcd.o(.text.HAL_Lcd_Cmd)
    [Anonymous Symbol]                       0x08000cbc   Section        0  hal_lcd.o(.text.HAL_Lcd_Init)
    [Anonymous Symbol]                       0x08000d00   Section        0  hal_lcd.o(.text.HAL_Lcd_Print_Char)
    [Anonymous Symbol]                       0x08000d70   Section        0  hal_lcd.o(.text.HAL_Lcd_Print_String)
    [Anonymous Symbol]                       0x08000d8c   Section        0  hal_lcd.o(.text.HAL_Lcd_SetBit)
    [Anonymous Symbol]                       0x08000dd4   Section        0  hal_lcd.o(.text.HAL_Lcd_Set_Cursor)
    [Anonymous Symbol]                       0x08000df4   Section        0  stm32f1xx_hal_tim.o(.text.HAL_TIM_Init)
    [Anonymous Symbol]                       0x08000f44   Section        0  stm32f1xx_hal_tim.o(.text.HAL_TIM_msDelay)
    [Anonymous Symbol]                       0x08000ff0   Section        0  main.o(.text.Init_Handheld)
    SetSysClock                              0x08001041   Thumb Code     8  system_stm32f10x.o(.text.SetSysClock)
    [Anonymous Symbol]                       0x08001040   Section        0  system_stm32f10x.o(.text.SetSysClock)
    SetSysClockTo72                          0x08001049   Thumb Code   190  system_stm32f10x.o(.text.SetSysClockTo72)
    [Anonymous Symbol]                       0x08001048   Section        0  system_stm32f10x.o(.text.SetSysClockTo72)
    [Anonymous Symbol]                       0x08001108   Section        0  system_stm32f10x.o(.text.SystemInit)
    [Anonymous Symbol]                       0x08001160   Section        0  stm32f1xx_hal_tim_cfg.o(.text.TIM_Delay_Init)
    __NVIC_EnableIRQ                         0x08001181   Thumb Code    22  stm32f1xx_hal_tim.o(.text.__NVIC_EnableIRQ)
    [Anonymous Symbol]                       0x08001180   Section        0  stm32f1xx_hal_tim.o(.text.__NVIC_EnableIRQ)
    __NVIC_EnableIRQ                         0x08001199   Thumb Code    32  stm32f1xx_hal_exti.o(.text.__NVIC_EnableIRQ)
    [Anonymous Symbol]                       0x08001198   Section        0  stm32f1xx_hal_exti.o(.text.__NVIC_EnableIRQ)
    [Anonymous Symbol]                       0x080011b8   Section        0  main.o(.text.main)
    .L.str                                   0x0800120a   Data          10  stm32f1xx_hal_exti_cfg.o(.rodata.str1.1)
    [Anonymous Symbol]                       0x0800120a   Section        0  stm32f1xx_hal_exti_cfg.o(.rodata.str1.1)
    .bss                                     0x20000008   Section       96  libspace.o(.bss)
    cRow1                                    0x20000068   Data          16  stm32f1xx_hal_exti_cfg.o(.bss.cRow1)
    [Anonymous Symbol]                       0x20000068   Section        0  stm32f1xx_hal_exti_cfg.o(.bss.cRow1)
    Heap_Mem                                 0x20000288   Data         512  startup_stm32f10x_md.o(HEAP)
    HEAP                                     0x20000288   Section      512  startup_stm32f10x_md.o(HEAP)
    Stack_Mem                                0x20000488   Data        1024  startup_stm32f10x_md.o(STACK)
    STACK                                    0x20000488   Section     1024  startup_stm32f10x_md.o(STACK)
    __initial_sp                             0x20000888   Data           0  startup_stm32f10x_md.o(STACK)

    Global Symbols

    Symbol Name                              Value     Ov Type        Size  Object(Section)

    BuildAttributes$$THM_ISAv4$P$D$K$B$S$PE$A:L22UL41UL21$X:L11$S22US41US21$IEEE1$IW$~IW$USESV6$~STKCKD$USESV7$~SHL$OTIME$ROPI$EBA8$UX$STANDARDLIB$REQ8$PRES8$EABIv2 0x00000000   Number         0  anon$$obj.o ABSOLUTE
    __fp_init_empty                          0x00000000   Number         0  fpinit_empty.o ABSOLUTE
    __ARM_exceptions_init                     - Undefined Weak Reference
    __alloca_initialize                       - Undefined Weak Reference
    __arm_preinit_                            - Undefined Weak Reference
    __cpp_initialize__aeabi_                  - Undefined Weak Reference
    __cxa_finalize                            - Undefined Weak Reference
    __rt_locale                               - Undefined Weak Reference
    __sigvec_lookup                           - Undefined Weak Reference
    _atexit_init                              - Undefined Weak Reference
    _call_atexit_fns                          - Undefined Weak Reference
    _clock_init                               - Undefined Weak Reference
    _fp_trap_init                             - Undefined Weak Reference
    _fp_trap_shutdown                         - Undefined Weak Reference
    _get_lc_collate                           - Undefined Weak Reference
    _get_lc_ctype                             - Undefined Weak Reference
    _get_lc_monetary                          - Undefined Weak Reference
    _get_lc_numeric                           - Undefined Weak Reference
    _get_lc_time                              - Undefined Weak Reference
    _getenv_init                              - Undefined Weak Reference
    _handle_redirection                       - Undefined Weak Reference
    _init_alloc                               - Undefined Weak Reference
    _init_user_alloc                          - Undefined Weak Reference
    _initio                                   - Undefined Weak Reference
    _printf_post_padding                      - Undefined Weak Reference
    _printf_pre_padding                       - Undefined Weak Reference
    _printf_truncate_signed                   - Undefined Weak Reference
    _printf_truncate_unsigned                 - Undefined Weak Reference
    _rand_init                                - Undefined Weak Reference
    _signal_finish                            - Undefined Weak Reference
    _signal_init                              - Undefined Weak Reference
    _terminate_alloc                          - Undefined Weak Reference
    _terminate_user_alloc                     - Undefined Weak Reference
    _terminateio                              - Undefined Weak Reference
    __Vectors_Size                           0x000000ec   Number         0  startup_stm32f10x_md.o ABSOLUTE
    __Vectors                                0x08000000   Data           4  startup_stm32f10x_md.o(RESET)
    __Vectors_End                            0x080000ec   Data           0  startup_stm32f10x_md.o(RESET)
    __main                                   0x080000ed   Thumb Code     8  __main.o(!!!main)
    __scatterload                            0x080000f5   Thumb Code     0  __scatter.o(!!!scatter)
    __scatterload_rt2                        0x080000f5   Thumb Code    44  __scatter.o(!!!scatter)
    __scatterload_rt2_thumb_only             0x080000f5   Thumb Code     0  __scatter.o(!!!scatter)
    __scatterload_null                       0x08000103   Thumb Code     0  __scatter.o(!!!scatter)
    __scatterload_copy                       0x08000129   Thumb Code    26  __scatter_copy.o(!!handler_copy)
    __scatterload_zeroinit                   0x08000145   Thumb Code    28  __scatter_zi.o(!!handler_zi)
    _printf_d                                0x08000161   Thumb Code     0  _printf_d.o(.ARM.Collect$$_printf_percent$$00000009)
    _printf_percent                          0x08000161   Thumb Code     0  _printf_percent.o(.ARM.Collect$$_printf_percent$$00000000)
    _printf_percent_end                      0x08000167   Thumb Code     0  _printf_percent_end.o(.ARM.Collect$$_printf_percent$$00000017)
    __rt_lib_init                            0x0800016b   Thumb Code     0  libinit.o(.ARM.Collect$$libinit$$00000000)
    __rt_lib_init_alloca_1                   0x0800016d   Thumb Code     0  libinit2.o(.ARM.Collect$$libinit$$0000002E)
    __rt_lib_init_argv_1                     0x0800016d   Thumb Code     0  libinit2.o(.ARM.Collect$$libinit$$0000002C)
    __rt_lib_init_atexit_1                   0x0800016d   Thumb Code     0  libinit2.o(.ARM.Collect$$libinit$$0000001B)
    __rt_lib_init_clock_1                    0x0800016d   Thumb Code     0  libinit2.o(.ARM.Collect$$libinit$$00000021)
    __rt_lib_init_cpp_1                      0x0800016d   Thumb Code     0  libinit2.o(.ARM.Collect$$libinit$$00000032)
    __rt_lib_init_exceptions_1               0x0800016d   Thumb Code     0  libinit2.o(.ARM.Collect$$libinit$$00000030)
    __rt_lib_init_fp_1                       0x0800016d   Thumb Code     0  libinit2.o(.ARM.Collect$$libinit$$00000002)
    __rt_lib_init_fp_trap_1                  0x0800016d   Thumb Code     0  libinit2.o(.ARM.Collect$$libinit$$0000001F)
    __rt_lib_init_getenv_1                   0x0800016d   Thumb Code     0  libinit2.o(.ARM.Collect$$libinit$$00000023)
    __rt_lib_init_heap_1                     0x0800016d   Thumb Code     0  libinit2.o(.ARM.Collect$$libinit$$0000000A)
    __rt_lib_init_lc_collate_1               0x0800016d   Thumb Code     0  libinit2.o(.ARM.Collect$$libinit$$00000011)
    __rt_lib_init_lc_ctype_1                 0x0800016d   Thumb Code     0  libinit2.o(.ARM.Collect$$libinit$$00000013)
    __rt_lib_init_lc_monetary_1              0x0800016d   Thumb Code     0  libinit2.o(.ARM.Collect$$libinit$$00000015)
    __rt_lib_init_lc_numeric_1               0x0800016d   Thumb Code     0  libinit2.o(.ARM.Collect$$libinit$$00000017)
    __rt_lib_init_lc_time_1                  0x0800016d   Thumb Code     0  libinit2.o(.ARM.Collect$$libinit$$00000019)
    __rt_lib_init_preinit_1                  0x0800016d   Thumb Code     0  libinit2.o(.ARM.Collect$$libinit$$00000004)
    __rt_lib_init_rand_1                     0x0800016d   Thumb Code     0  libinit2.o(.ARM.Collect$$libinit$$0000000E)
    __rt_lib_init_return                     0x0800016d   Thumb Code     0  libinit2.o(.ARM.Collect$$libinit$$00000033)
    __rt_lib_init_signal_1                   0x0800016d   Thumb Code     0  libinit2.o(.ARM.Collect$$libinit$$0000001D)
    __rt_lib_init_stdio_1                    0x0800016d   Thumb Code     0  libinit2.o(.ARM.Collect$$libinit$$00000025)
    __rt_lib_init_user_alloc_1               0x0800016d   Thumb Code     0  libinit2.o(.ARM.Collect$$libinit$$0000000C)
    __rt_lib_shutdown                        0x0800016f   Thumb Code     0  libshutdown.o(.ARM.Collect$$libshutdown$$00000000)
    __rt_lib_shutdown_cpp_1                  0x08000171   Thumb Code     0  libshutdown2.o(.ARM.Collect$$libshutdown$$00000002)
    __rt_lib_shutdown_fp_trap_1              0x08000171   Thumb Code     0  libshutdown2.o(.ARM.Collect$$libshutdown$$00000007)
    __rt_lib_shutdown_heap_1                 0x08000171   Thumb Code     0  libshutdown2.o(.ARM.Collect$$libshutdown$$0000000F)
    __rt_lib_shutdown_return                 0x08000171   Thumb Code     0  libshutdown2.o(.ARM.Collect$$libshutdown$$00000010)
    __rt_lib_shutdown_signal_1               0x08000171   Thumb Code     0  libshutdown2.o(.ARM.Collect$$libshutdown$$0000000A)
    __rt_lib_shutdown_stdio_1                0x08000171   Thumb Code     0  libshutdown2.o(.ARM.Collect$$libshutdown$$00000004)
    __rt_lib_shutdown_user_alloc_1           0x08000171   Thumb Code     0  libshutdown2.o(.ARM.Collect$$libshutdown$$0000000C)
    __rt_entry                               0x08000173   Thumb Code     0  __rtentry.o(.ARM.Collect$$rtentry$$00000000)
    __rt_entry_presh_1                       0x08000173   Thumb Code     0  __rtentry2.o(.ARM.Collect$$rtentry$$00000002)
    __rt_entry_sh                            0x08000173   Thumb Code     0  __rtentry4.o(.ARM.Collect$$rtentry$$00000004)
    __rt_entry_li                            0x08000179   Thumb Code     0  __rtentry2.o(.ARM.Collect$$rtentry$$0000000A)
    __rt_entry_postsh_1                      0x08000179   Thumb Code     0  __rtentry2.o(.ARM.Collect$$rtentry$$00000009)
    __rt_entry_main                          0x0800017d   Thumb Code     0  __rtentry2.o(.ARM.Collect$$rtentry$$0000000D)
    __rt_entry_postli_1                      0x0800017d   Thumb Code     0  __rtentry2.o(.ARM.Collect$$rtentry$$0000000C)
    __rt_exit                                0x08000185   Thumb Code     0  rtexit.o(.ARM.Collect$$rtexit$$00000000)
    __rt_exit_ls                             0x08000187   Thumb Code     0  rtexit2.o(.ARM.Collect$$rtexit$$00000003)
    __rt_exit_prels_1                        0x08000187   Thumb Code     0  rtexit2.o(.ARM.Collect$$rtexit$$00000002)
    __rt_exit_exit                           0x0800018b   Thumb Code     0  rtexit2.o(.ARM.Collect$$rtexit$$00000004)
    Reset_Handler                            0x08000191   Thumb Code     8  startup_stm32f10x_md.o(.text)
    NMI_Handler                              0x08000199   Thumb Code     2  startup_stm32f10x_md.o(.text)
    HardFault_Handler                        0x0800019b   Thumb Code     2  startup_stm32f10x_md.o(.text)
    MemManage_Handler                        0x0800019d   Thumb Code     2  startup_stm32f10x_md.o(.text)
    BusFault_Handler                         0x0800019f   Thumb Code     2  startup_stm32f10x_md.o(.text)
    UsageFault_Handler                       0x080001a1   Thumb Code     2  startup_stm32f10x_md.o(.text)
    SVC_Handler                              0x080001a3   Thumb Code     2  startup_stm32f10x_md.o(.text)
    DebugMon_Handler                         0x080001a5   Thumb Code     2  startup_stm32f10x_md.o(.text)
    PendSV_Handler                           0x080001a7   Thumb Code     2  startup_stm32f10x_md.o(.text)
    SysTick_Handler                          0x080001a9   Thumb Code     2  startup_stm32f10x_md.o(.text)
    ADC1_2_IRQHandler                        0x080001ab   Thumb Code     0  startup_stm32f10x_md.o(.text)
    CAN1_RX1_IRQHandler                      0x080001ab   Thumb Code     0  startup_stm32f10x_md.o(.text)
    CAN1_SCE_IRQHandler                      0x080001ab   Thumb Code     0  startup_stm32f10x_md.o(.text)
    DMA1_Channel1_IRQHandler                 0x080001ab   Thumb Code     0  startup_stm32f10x_md.o(.text)
    DMA1_Channel2_IRQHandler                 0x080001ab   Thumb Code     0  startup_stm32f10x_md.o(.text)
    DMA1_Channel3_IRQHandler                 0x080001ab   Thumb Code     0  startup_stm32f10x_md.o(.text)
    DMA1_Channel4_IRQHandler                 0x080001ab   Thumb Code     0  startup_stm32f10x_md.o(.text)
    DMA1_Channel5_IRQHandler                 0x080001ab   Thumb Code     0  startup_stm32f10x_md.o(.text)
    DMA1_Channel6_IRQHandler                 0x080001ab   Thumb Code     0  startup_stm32f10x_md.o(.text)
    DMA1_Channel7_IRQHandler                 0x080001ab   Thumb Code     0  startup_stm32f10x_md.o(.text)
    EXTI15_10_IRQHandler                     0x080001ab   Thumb Code     0  startup_stm32f10x_md.o(.text)
    FLASH_IRQHandler                         0x080001ab   Thumb Code     0  startup_stm32f10x_md.o(.text)
    I2C1_ER_IRQHandler                       0x080001ab   Thumb Code     0  startup_stm32f10x_md.o(.text)
    I2C1_EV_IRQHandler                       0x080001ab   Thumb Code     0  startup_stm32f10x_md.o(.text)
    I2C2_ER_IRQHandler                       0x080001ab   Thumb Code     0  startup_stm32f10x_md.o(.text)
    I2C2_EV_IRQHandler                       0x080001ab   Thumb Code     0  startup_stm32f10x_md.o(.text)
    PVD_IRQHandler                           0x080001ab   Thumb Code     0  startup_stm32f10x_md.o(.text)
    RCC_IRQHandler                           0x080001ab   Thumb Code     0  startup_stm32f10x_md.o(.text)
    RTCAlarm_IRQHandler                      0x080001ab   Thumb Code     0  startup_stm32f10x_md.o(.text)
    RTC_IRQHandler                           0x080001ab   Thumb Code     0  startup_stm32f10x_md.o(.text)
    SPI1_IRQHandler                          0x080001ab   Thumb Code     0  startup_stm32f10x_md.o(.text)
    SPI2_IRQHandler                          0x080001ab   Thumb Code     0  startup_stm32f10x_md.o(.text)
    TAMPER_IRQHandler                        0x080001ab   Thumb Code     0  startup_stm32f10x_md.o(.text)
    TIM1_BRK_IRQHandler                      0x080001ab   Thumb Code     0  startup_stm32f10x_md.o(.text)
    TIM1_CC_IRQHandler                       0x080001ab   Thumb Code     0  startup_stm32f10x_md.o(.text)
    TIM1_TRG_COM_IRQHandler                  0x080001ab   Thumb Code     0  startup_stm32f10x_md.o(.text)
    TIM1_UP_IRQHandler                       0x080001ab   Thumb Code     0  startup_stm32f10x_md.o(.text)
    TIM2_IRQHandler                          0x080001ab   Thumb Code     0  startup_stm32f10x_md.o(.text)
    TIM3_IRQHandler                          0x080001ab   Thumb Code     0  startup_stm32f10x_md.o(.text)
    TIM4_IRQHandler                          0x080001ab   Thumb Code     0  startup_stm32f10x_md.o(.text)
    USART1_IRQHandler                        0x080001ab   Thumb Code     0  startup_stm32f10x_md.o(.text)
    USART2_IRQHandler                        0x080001ab   Thumb Code     0  startup_stm32f10x_md.o(.text)
    USART3_IRQHandler                        0x080001ab   Thumb Code     0  startup_stm32f10x_md.o(.text)
    USBWakeUp_IRQHandler                     0x080001ab   Thumb Code     0  startup_stm32f10x_md.o(.text)
    USB_HP_CAN1_TX_IRQHandler                0x080001ab   Thumb Code     0  startup_stm32f10x_md.o(.text)
    USB_LP_CAN1_RX0_IRQHandler               0x080001ab   Thumb Code     0  startup_stm32f10x_md.o(.text)
    WWDG_IRQHandler                          0x080001ab   Thumb Code     0  startup_stm32f10x_md.o(.text)
    __user_initial_stackheap                 0x080001ad   Thumb Code     0  startup_stm32f10x_md.o(.text)
    __2sprintf                               0x080001d1   Thumb Code    34  noretval__2sprintf.o(.text)
    __printf                                 0x080001f9   Thumb Code   104  __printf.o(.text)
    _printf_int_dec                          0x08000261   Thumb Code   104  _printf_dec.o(.text)
    __use_two_region_memory                  0x080002d9   Thumb Code     2  heapauxi.o(.text)
    __rt_heap_escrow$2region                 0x080002db   Thumb Code     2  heapauxi.o(.text)
    __rt_heap_expand$2region                 0x080002dd   Thumb Code     2  heapauxi.o(.text)
    _printf_int_common                       0x080002df   Thumb Code   178  _printf_intcommon.o(.text)
    _printf_char_common                      0x0800039b   Thumb Code    32  _printf_char_common.o(.text)
    _sputc                                   0x080003c1   Thumb Code    10  _sputc.o(.text)
    __user_setup_stackheap                   0x080003cb   Thumb Code    74  sys_stackheap_outer.o(.text)
    exit                                     0x08000415   Thumb Code    18  exit.o(.text)
    __user_libspace                          0x08000429   Thumb Code     8  libspace.o(.text)
    __user_perproc_libspace                  0x08000429   Thumb Code     0  libspace.o(.text)
    __user_perthread_libspace                0x08000429   Thumb Code     0  libspace.o(.text)
    _sys_exit                                0x08000431   Thumb Code     8  sys_exit.o(.text)
    __I$use$semihosting                      0x0800043d   Thumb Code     0  use_no_semi.o(.text)
    __use_no_semihosting_swi                 0x0800043d   Thumb Code     2  use_no_semi.o(.text)
    __semihosting_library_function           0x0800043f   Thumb Code     0  indicate_semi.o(.text)
    EXTI0_IRQHandler                         0x08000441   Thumb Code    78  stm32f1xx_hal_exti_cfg.o(.text.EXTI0_IRQHandler)
    EXTI1_IRQHandler                         0x08000491   Thumb Code    78  stm32f1xx_hal_exti_cfg.o(.text.EXTI1_IRQHandler)
    EXTI2_IRQHandler                         0x080004e1   Thumb Code    28  stm32f1xx_hal_exti_cfg.o(.text.EXTI2_IRQHandler)
    EXTI3_IRQHandler                         0x080004fd   Thumb Code    28  stm32f1xx_hal_exti_cfg.o(.text.EXTI3_IRQHandler)
    EXTI4_IRQHandler                         0x08000519   Thumb Code    28  stm32f1xx_hal_exti_cfg.o(.text.EXTI4_IRQHandler)
    EXTI9_5_IRQHandler                       0x08000535   Thumb Code   104  stm32f1xx_hal_exti_cfg.o(.text.EXTI9_5_IRQHandler)
    EXTI_Init                                0x0800059d   Thumb Code   164  stm32f1xx_hal_exti_cfg.o(.text.EXTI_Init)
    GPIO_Init                                0x08000641   Thumb Code   424  stm32f1xx_hal_gpio_cfg.o(.text.GPIO_Init)
    HAL_EXTI_ClearPending                    0x080007e9   Thumb Code    20  stm32f1xx_hal_exti.o(.text.HAL_EXTI_ClearPending)
    HAL_EXTI_Init                            0x080007fd   Thumb Code   344  stm32f1xx_hal_exti.o(.text.HAL_EXTI_Init)
    HAL_GPIO_Pin_Init                        0x08000955   Thumb Code   448  stm32f1xx_hal_gpio.o(.text.HAL_GPIO_Pin_Init)
    HAL_GPIO_Pin_Toggle                      0x08000b15   Thumb Code    24  stm32f1xx_hal_gpio.o(.text.HAL_GPIO_Pin_Toggle)
    HAL_GPIO_Pin_Write                       0x08000b2d   Thumb Code   246  stm32f1xx_hal_gpio.o(.text.HAL_GPIO_Pin_Write)
    HAL_Lcd_Clear                            0x08000c25   Thumb Code    40  hal_lcd.o(.text.HAL_Lcd_Clear)
    HAL_Lcd_Cmd                              0x08000c4d   Thumb Code   112  hal_lcd.o(.text.HAL_Lcd_Cmd)
    HAL_Lcd_Init                             0x08000cbd   Thumb Code    68  hal_lcd.o(.text.HAL_Lcd_Init)
    HAL_Lcd_Print_Char                       0x08000d01   Thumb Code   112  hal_lcd.o(.text.HAL_Lcd_Print_Char)
    HAL_Lcd_Print_String                     0x08000d71   Thumb Code    28  hal_lcd.o(.text.HAL_Lcd_Print_String)
    HAL_Lcd_SetBit                           0x08000d8d   Thumb Code    70  hal_lcd.o(.text.HAL_Lcd_SetBit)
    HAL_Lcd_Set_Cursor                       0x08000dd5   Thumb Code    32  hal_lcd.o(.text.HAL_Lcd_Set_Cursor)
    HAL_TIM_Init                             0x08000df5   Thumb Code   336  stm32f1xx_hal_tim.o(.text.HAL_TIM_Init)
    HAL_TIM_msDelay                          0x08000f45   Thumb Code   170  stm32f1xx_hal_tim.o(.text.HAL_TIM_msDelay)
    Init_Handheld                            0x08000ff1   Thumb Code    80  main.o(.text.Init_Handheld)
    SystemInit                               0x08001109   Thumb Code    86  system_stm32f10x.o(.text.SystemInit)
    TIM_Delay_Init                           0x08001161   Thumb Code    30  stm32f1xx_hal_tim_cfg.o(.text.TIM_Delay_Init)
    main                                     0x080011b9   Thumb Code    82  main.o(.text.main)
    Region$$Table$$Base                      0x08001214   Number         0  anon$$obj.o(Region$$Table)
    Region$$Table$$Limit                     0x08001234   Number         0  anon$$obj.o(Region$$Table)
    iMotorNumber                             0x20000000   Data           4  stm32f1xx_hal_exti_cfg.o(.data.iMotorNumber)
    __libspace_start                         0x20000008   Data          96  libspace.o(.bss)
    __temporary_stack_top$libspace           0x20000068   Data           0  libspace.o(.bss)
    sCLOSE_POSITION_SEND_BUTTON              0x20000078   Data          17  stm32f1xx_hal_gpio_cfg.o(.bss.sCLOSE_POSITION_SEND_BUTTON)
    sD0                                      0x2000008c   Data          17  stm32f1xx_hal_gpio_cfg.o(.bss.sD0)
    sD1                                      0x200000a0   Data          17  stm32f1xx_hal_gpio_cfg.o(.bss.sD1)
    sD2                                      0x200000b4   Data          17  stm32f1xx_hal_gpio_cfg.o(.bss.sD2)
    sD3                                      0x200000c8   Data          17  stm32f1xx_hal_gpio_cfg.o(.bss.sD3)
    sE                                       0x200000dc   Data          17  stm32f1xx_hal_gpio_cfg.o(.bss.sE)
    sEXTI_PA0                                0x200000f0   Data          16  stm32f1xx_hal_exti_cfg.o(.bss.sEXTI_PA0)
    sEXTI_PA1                                0x20000100   Data          16  stm32f1xx_hal_exti_cfg.o(.bss.sEXTI_PA1)
    sEXTI_PA2                                0x20000110   Data          16  stm32f1xx_hal_exti_cfg.o(.bss.sEXTI_PA2)
    sEXTI_PA3                                0x20000120   Data          16  stm32f1xx_hal_exti_cfg.o(.bss.sEXTI_PA3)
    sEXTI_PA4                                0x20000130   Data          16  stm32f1xx_hal_exti_cfg.o(.bss.sEXTI_PA4)
    sEXTI_PA5                                0x20000140   Data          16  stm32f1xx_hal_exti_cfg.o(.bss.sEXTI_PA5)
    sEXTI_PA6                                0x20000150   Data          16  stm32f1xx_hal_exti_cfg.o(.bss.sEXTI_PA6)
    sEXTI_PA7                                0x20000160   Data          16  stm32f1xx_hal_exti_cfg.o(.bss.sEXTI_PA7)
    sJOSTICK_DOWN_BUTTON                     0x20000170   Data          17  stm32f1xx_hal_gpio_cfg.o(.bss.sJOSTICK_DOWN_BUTTON)
    sJOSTICK_LEFT_BUTTON                     0x20000184   Data          17  stm32f1xx_hal_gpio_cfg.o(.bss.sJOSTICK_LEFT_BUTTON)
    sJOSTICK_RIGHT_BUTTON                    0x20000198   Data          17  stm32f1xx_hal_gpio_cfg.o(.bss.sJOSTICK_RIGHT_BUTTON)
    sJOSTICK_UP_BUTTON                       0x200001ac   Data          17  stm32f1xx_hal_gpio_cfg.o(.bss.sJOSTICK_UP_BUTTON)
    sOPEN_CLOSE_BUTTON                       0x200001c0   Data          17  stm32f1xx_hal_gpio_cfg.o(.bss.sOPEN_CLOSE_BUTTON)
    sOPEN_CLOSE_LED                          0x200001d4   Data          17  stm32f1xx_hal_gpio_cfg.o(.bss.sOPEN_CLOSE_LED)
    sRESET_BUTTON                            0x200001e8   Data          17  stm32f1xx_hal_gpio_cfg.o(.bss.sRESET_BUTTON)
    sRESET_LED                               0x200001fc   Data          17  stm32f1xx_hal_gpio_cfg.o(.bss.sRESET_LED)
    sRS                                      0x20000210   Data          17  stm32f1xx_hal_gpio_cfg.o(.bss.sRS)
    sRW                                      0x20000224   Data          17  stm32f1xx_hal_gpio_cfg.o(.bss.sRW)
    sSAVE_POSITION_BUTTON                    0x20000238   Data          17  stm32f1xx_hal_gpio_cfg.o(.bss.sSAVE_POSITION_BUTTON)
    sSAVE_POSITION_LED                       0x2000024c   Data          17  stm32f1xx_hal_gpio_cfg.o(.bss.sSAVE_POSITION_LED)
    sSTATE_LED                               0x20000260   Data          17  stm32f1xx_hal_gpio_cfg.o(.bss.sSTATE_LED)
    sTIMER1                                  0x20000274   Data          20  stm32f1xx_hal_tim_cfg.o(.bss.sTIMER1)



==============================================================================

Memory Map of the image

  Image Entry point : 0x08000191

  Load Region LR_1 (Base: 0x08000000, Size: 0x00001238, Max: 0xffffffff, ABSOLUTE)

    Execution Region ER_RO (Exec base: 0x08000000, Load base: 0x08000000, Size: 0x00001234, Max: 0xffffffff, ABSOLUTE)

    Exec Addr    Load Addr    Size         Type   Attr      Idx    E Section Name        Object

    0x08000000   0x08000000   0x000000ec   Data   RO          157    RESET               startup_stm32f10x_md.o
    0x080000ec   0x080000ec   0x00000008   Code   RO          216  * !!!main             c_w.l(__main.o)
    0x080000f4   0x080000f4   0x00000034   Code   RO          388    !!!scatter          c_w.l(__scatter.o)
    0x08000128   0x08000128   0x0000001a   Code   RO          390    !!handler_copy      c_w.l(__scatter_copy.o)
    0x08000142   0x08000142   0x00000002   PAD
    0x08000144   0x08000144   0x0000001c   Code   RO          392    !!handler_zi        c_w.l(__scatter_zi.o)
    0x08000160   0x08000160   0x00000000   Code   RO          213    .ARM.Collect$$_printf_percent$$00000000  c_w.l(_printf_percent.o)
    0x08000160   0x08000160   0x00000006   Code   RO          212    .ARM.Collect$$_printf_percent$$00000009  c_w.l(_printf_d.o)
    0x08000166   0x08000166   0x00000004   Code   RO          225    .ARM.Collect$$_printf_percent$$00000017  c_w.l(_printf_percent_end.o)
    0x0800016a   0x0800016a   0x00000002   Code   RO          252    .ARM.Collect$$libinit$$00000000  c_w.l(libinit.o)
    0x0800016c   0x0800016c   0x00000000   Code   RO          259    .ARM.Collect$$libinit$$00000002  c_w.l(libinit2.o)
    0x0800016c   0x0800016c   0x00000000   Code   RO          261    .ARM.Collect$$libinit$$00000004  c_w.l(libinit2.o)
    0x0800016c   0x0800016c   0x00000000   Code   RO          264    .ARM.Collect$$libinit$$0000000A  c_w.l(libinit2.o)
    0x0800016c   0x0800016c   0x00000000   Code   RO          266    .ARM.Collect$$libinit$$0000000C  c_w.l(libinit2.o)
    0x0800016c   0x0800016c   0x00000000   Code   RO          268    .ARM.Collect$$libinit$$0000000E  c_w.l(libinit2.o)
    0x0800016c   0x0800016c   0x00000000   Code   RO          271    .ARM.Collect$$libinit$$00000011  c_w.l(libinit2.o)
    0x0800016c   0x0800016c   0x00000000   Code   RO          273    .ARM.Collect$$libinit$$00000013  c_w.l(libinit2.o)
    0x0800016c   0x0800016c   0x00000000   Code   RO          275    .ARM.Collect$$libinit$$00000015  c_w.l(libinit2.o)
    0x0800016c   0x0800016c   0x00000000   Code   RO          277    .ARM.Collect$$libinit$$00000017  c_w.l(libinit2.o)
    0x0800016c   0x0800016c   0x00000000   Code   RO          279    .ARM.Collect$$libinit$$00000019  c_w.l(libinit2.o)
    0x0800016c   0x0800016c   0x00000000   Code   RO          281    .ARM.Collect$$libinit$$0000001B  c_w.l(libinit2.o)
    0x0800016c   0x0800016c   0x00000000   Code   RO          283    .ARM.Collect$$libinit$$0000001D  c_w.l(libinit2.o)
    0x0800016c   0x0800016c   0x00000000   Code   RO          285    .ARM.Collect$$libinit$$0000001F  c_w.l(libinit2.o)
    0x0800016c   0x0800016c   0x00000000   Code   RO          287    .ARM.Collect$$libinit$$00000021  c_w.l(libinit2.o)
    0x0800016c   0x0800016c   0x00000000   Code   RO          289    .ARM.Collect$$libinit$$00000023  c_w.l(libinit2.o)
    0x0800016c   0x0800016c   0x00000000   Code   RO          291    .ARM.Collect$$libinit$$00000025  c_w.l(libinit2.o)
    0x0800016c   0x0800016c   0x00000000   Code   RO          295    .ARM.Collect$$libinit$$0000002C  c_w.l(libinit2.o)
    0x0800016c   0x0800016c   0x00000000   Code   RO          297    .ARM.Collect$$libinit$$0000002E  c_w.l(libinit2.o)
    0x0800016c   0x0800016c   0x00000000   Code   RO          299    .ARM.Collect$$libinit$$00000030  c_w.l(libinit2.o)
    0x0800016c   0x0800016c   0x00000000   Code   RO          301    .ARM.Collect$$libinit$$00000032  c_w.l(libinit2.o)
    0x0800016c   0x0800016c   0x00000002   Code   RO          302    .ARM.Collect$$libinit$$00000033  c_w.l(libinit2.o)
    0x0800016e   0x0800016e   0x00000002   Code   RO          324    .ARM.Collect$$libshutdown$$00000000  c_w.l(libshutdown.o)
    0x08000170   0x08000170   0x00000000   Code   RO          339    .ARM.Collect$$libshutdown$$00000002  c_w.l(libshutdown2.o)
    0x08000170   0x08000170   0x00000000   Code   RO          341    .ARM.Collect$$libshutdown$$00000004  c_w.l(libshutdown2.o)
    0x08000170   0x08000170   0x00000000   Code   RO          344    .ARM.Collect$$libshutdown$$00000007  c_w.l(libshutdown2.o)
    0x08000170   0x08000170   0x00000000   Code   RO          347    .ARM.Collect$$libshutdown$$0000000A  c_w.l(libshutdown2.o)
    0x08000170   0x08000170   0x00000000   Code   RO          349    .ARM.Collect$$libshutdown$$0000000C  c_w.l(libshutdown2.o)
    0x08000170   0x08000170   0x00000000   Code   RO          352    .ARM.Collect$$libshutdown$$0000000F  c_w.l(libshutdown2.o)
    0x08000170   0x08000170   0x00000002   Code   RO          353    .ARM.Collect$$libshutdown$$00000010  c_w.l(libshutdown2.o)
    0x08000172   0x08000172   0x00000000   Code   RO          218    .ARM.Collect$$rtentry$$00000000  c_w.l(__rtentry.o)
    0x08000172   0x08000172   0x00000000   Code   RO          227    .ARM.Collect$$rtentry$$00000002  c_w.l(__rtentry2.o)
    0x08000172   0x08000172   0x00000006   Code   RO          239    .ARM.Collect$$rtentry$$00000004  c_w.l(__rtentry4.o)
    0x08000178   0x08000178   0x00000000   Code   RO          229    .ARM.Collect$$rtentry$$00000009  c_w.l(__rtentry2.o)
    0x08000178   0x08000178   0x00000004   Code   RO          230    .ARM.Collect$$rtentry$$0000000A  c_w.l(__rtentry2.o)
    0x0800017c   0x0800017c   0x00000000   Code   RO          232    .ARM.Collect$$rtentry$$0000000C  c_w.l(__rtentry2.o)
    0x0800017c   0x0800017c   0x00000008   Code   RO          233    .ARM.Collect$$rtentry$$0000000D  c_w.l(__rtentry2.o)
    0x08000184   0x08000184   0x00000002   Code   RO          256    .ARM.Collect$$rtexit$$00000000  c_w.l(rtexit.o)
    0x08000186   0x08000186   0x00000000   Code   RO          304    .ARM.Collect$$rtexit$$00000002  c_w.l(rtexit2.o)
    0x08000186   0x08000186   0x00000004   Code   RO          305    .ARM.Collect$$rtexit$$00000003  c_w.l(rtexit2.o)
    0x0800018a   0x0800018a   0x00000006   Code   RO          306    .ARM.Collect$$rtexit$$00000004  c_w.l(rtexit2.o)
    0x08000190   0x08000190   0x00000040   Code   RO          158  * .text               startup_stm32f10x_md.o
    0x080001d0   0x080001d0   0x00000028   Code   RO          186    .text               c_w.l(noretval__2sprintf.o)
    0x080001f8   0x080001f8   0x00000068   Code   RO          188    .text               c_w.l(__printf.o)
    0x08000260   0x08000260   0x00000078   Code   RO          190    .text               c_w.l(_printf_dec.o)
    0x080002d8   0x080002d8   0x00000006   Code   RO          214    .text               c_w.l(heapauxi.o)
    0x080002de   0x080002de   0x000000b2   Code   RO          219    .text               c_w.l(_printf_intcommon.o)
    0x08000390   0x08000390   0x00000030   Code   RO          221    .text               c_w.l(_printf_char_common.o)
    0x080003c0   0x080003c0   0x0000000a   Code   RO          223    .text               c_w.l(_sputc.o)
    0x080003ca   0x080003ca   0x0000004a   Code   RO          243    .text               c_w.l(sys_stackheap_outer.o)
    0x08000414   0x08000414   0x00000012   Code   RO          245    .text               c_w.l(exit.o)
    0x08000426   0x08000426   0x00000002   PAD
    0x08000428   0x08000428   0x00000008   Code   RO          253    .text               c_w.l(libspace.o)
    0x08000430   0x08000430   0x0000000c   Code   RO          314    .text               c_w.l(sys_exit.o)
    0x0800043c   0x0800043c   0x00000002   Code   RO          329    .text               c_w.l(use_no_semi.o)
    0x0800043e   0x0800043e   0x00000000   Code   RO          331    .text               c_w.l(indicate_semi.o)
    0x0800043e   0x0800043e   0x00000002   PAD
    0x08000440   0x08000440   0x0000004e   Code   RO          112    .text.EXTI0_IRQHandler  stm32f1xx_hal_exti_cfg.o
    0x0800048e   0x0800048e   0x00000002   PAD
    0x08000490   0x08000490   0x0000004e   Code   RO          114    .text.EXTI1_IRQHandler  stm32f1xx_hal_exti_cfg.o
    0x080004de   0x080004de   0x00000002   PAD
    0x080004e0   0x080004e0   0x0000001c   Code   RO          116    .text.EXTI2_IRQHandler  stm32f1xx_hal_exti_cfg.o
    0x080004fc   0x080004fc   0x0000001c   Code   RO          118    .text.EXTI3_IRQHandler  stm32f1xx_hal_exti_cfg.o
    0x08000518   0x08000518   0x0000001c   Code   RO          120    .text.EXTI4_IRQHandler  stm32f1xx_hal_exti_cfg.o
    0x08000534   0x08000534   0x00000068   Code   RO          122    .text.EXTI9_5_IRQHandler  stm32f1xx_hal_exti_cfg.o
    0x0800059c   0x0800059c   0x000000a4   Code   RO          110    .text.EXTI_Init     stm32f1xx_hal_exti_cfg.o
    0x08000640   0x08000640   0x000001a8   Code   RO           30    .text.GPIO_Init     stm32f1xx_hal_gpio_cfg.o
    0x080007e8   0x080007e8   0x00000014   Code   RO          146    .text.HAL_EXTI_ClearPending  stm32f1xx_hal_exti.o
    0x080007fc   0x080007fc   0x00000158   Code   RO          142    .text.HAL_EXTI_Init  stm32f1xx_hal_exti.o
    0x08000954   0x08000954   0x000001c0   Code   RO           14    .text.HAL_GPIO_Pin_Init  stm32f1xx_hal_gpio.o
    0x08000b14   0x08000b14   0x00000018   Code   RO           20    .text.HAL_GPIO_Pin_Toggle  stm32f1xx_hal_gpio.o
    0x08000b2c   0x08000b2c   0x000000f6   Code   RO           18    .text.HAL_GPIO_Pin_Write  stm32f1xx_hal_gpio.o
    0x08000c22   0x08000c22   0x00000002   PAD
    0x08000c24   0x08000c24   0x00000028   Code   RO           98    .text.HAL_Lcd_Clear  hal_lcd.o
    0x08000c4c   0x08000c4c   0x00000070   Code   RO           90    .text.HAL_Lcd_Cmd   hal_lcd.o
    0x08000cbc   0x08000cbc   0x00000044   Code   RO           92    .text.HAL_Lcd_Init  hal_lcd.o
    0x08000d00   0x08000d00   0x00000070   Code   RO           94    .text.HAL_Lcd_Print_Char  hal_lcd.o
    0x08000d70   0x08000d70   0x0000001c   Code   RO           96    .text.HAL_Lcd_Print_String  hal_lcd.o
    0x08000d8c   0x08000d8c   0x00000046   Code   RO           88    .text.HAL_Lcd_SetBit  hal_lcd.o
    0x08000dd2   0x08000dd2   0x00000002   PAD
    0x08000dd4   0x08000dd4   0x00000020   Code   RO          100    .text.HAL_Lcd_Set_Cursor  hal_lcd.o
    0x08000df4   0x08000df4   0x00000150   Code   RO           65    .text.HAL_TIM_Init  stm32f1xx_hal_tim.o
    0x08000f44   0x08000f44   0x000000aa   Code   RO           69    .text.HAL_TIM_msDelay  stm32f1xx_hal_tim.o
    0x08000fee   0x08000fee   0x00000002   PAD
    0x08000ff0   0x08000ff0   0x00000050   Code   RO            4    .text.Init_Handheld  main.o
    0x08001040   0x08001040   0x00000008   Code   RO          167    .text.SetSysClock   system_stm32f10x.o
    0x08001048   0x08001048   0x000000be   Code   RO          171    .text.SetSysClockTo72  system_stm32f10x.o
    0x08001106   0x08001106   0x00000002   PAD
    0x08001108   0x08001108   0x00000056   Code   RO          165    .text.SystemInit    system_stm32f10x.o
    0x0800115e   0x0800115e   0x00000002   PAD
    0x08001160   0x08001160   0x0000001e   Code   RO           79    .text.TIM_Delay_Init  stm32f1xx_hal_tim_cfg.o
    0x0800117e   0x0800117e   0x00000002   PAD
    0x08001180   0x08001180   0x00000016   Code   RO           67    .text.__NVIC_EnableIRQ  stm32f1xx_hal_tim.o
    0x08001196   0x08001196   0x00000002   PAD
    0x08001198   0x08001198   0x00000020   Code   RO          144    .text.__NVIC_EnableIRQ  stm32f1xx_hal_exti.o
    0x080011b8   0x080011b8   0x00000052   Code   RO            2    .text.main          main.o
    0x0800120a   0x0800120a   0x0000000a   Data   RO          134    .rodata.str1.1      stm32f1xx_hal_exti_cfg.o
    0x08001214   0x08001214   0x00000020   Data   RO          387    Region$$Table       anon$$obj.o


    Execution Region ER_RW (Exec base: 0x20000000, Load base: 0x08001234, Size: 0x00000004, Max: 0xffffffff, ABSOLUTE)

    Exec Addr    Load Addr    Size         Type   Attr      Idx    E Section Name        Object

    0x20000000   0x08001234   0x00000004   Data   RW          124    .data.iMotorNumber  stm32f1xx_hal_exti_cfg.o


    Execution Region ER_ZI (Exec base: 0x20000008, Load base: 0x08001238, Size: 0x00000880, Max: 0xffffffff, ABSOLUTE)

    Exec Addr    Load Addr    Size         Type   Attr      Idx    E Section Name        Object

    0x20000008        -       0x00000060   Zero   RW          254    .bss                c_w.l(libspace.o)
    0x20000068        -       0x00000010   Zero   RW          133    .bss.cRow1          stm32f1xx_hal_exti_cfg.o
    0x20000078        -       0x00000011   Zero   RW           46    .bss.sCLOSE_POSITION_SEND_BUTTON  stm32f1xx_hal_gpio_cfg.o
    0x20000089   0x08001238   0x00000003   PAD
    0x2000008c        -       0x00000011   Zero   RW           55    .bss.sD0            stm32f1xx_hal_gpio_cfg.o
    0x2000009d   0x08001238   0x00000003   PAD
    0x200000a0        -       0x00000011   Zero   RW           56    .bss.sD1            stm32f1xx_hal_gpio_cfg.o
    0x200000b1   0x08001238   0x00000003   PAD
    0x200000b4        -       0x00000011   Zero   RW           57    .bss.sD2            stm32f1xx_hal_gpio_cfg.o
    0x200000c5   0x08001238   0x00000003   PAD
    0x200000c8        -       0x00000011   Zero   RW           58    .bss.sD3            stm32f1xx_hal_gpio_cfg.o
    0x200000d9   0x08001238   0x00000003   PAD
    0x200000dc        -       0x00000011   Zero   RW           54    .bss.sE             stm32f1xx_hal_gpio_cfg.o
    0x200000ed   0x08001238   0x00000003   PAD
    0x200000f0        -       0x00000010   Zero   RW          125    .bss.sEXTI_PA0      stm32f1xx_hal_exti_cfg.o
    0x20000100        -       0x00000010   Zero   RW          126    .bss.sEXTI_PA1      stm32f1xx_hal_exti_cfg.o
    0x20000110        -       0x00000010   Zero   RW          127    .bss.sEXTI_PA2      stm32f1xx_hal_exti_cfg.o
    0x20000120        -       0x00000010   Zero   RW          128    .bss.sEXTI_PA3      stm32f1xx_hal_exti_cfg.o
    0x20000130        -       0x00000010   Zero   RW          129    .bss.sEXTI_PA4      stm32f1xx_hal_exti_cfg.o
    0x20000140        -       0x00000010   Zero   RW          130    .bss.sEXTI_PA5      stm32f1xx_hal_exti_cfg.o
    0x20000150        -       0x00000010   Zero   RW          131    .bss.sEXTI_PA6      stm32f1xx_hal_exti_cfg.o
    0x20000160        -       0x00000010   Zero   RW          132    .bss.sEXTI_PA7      stm32f1xx_hal_exti_cfg.o
    0x20000170        -       0x00000011   Zero   RW           50    .bss.sJOSTICK_DOWN_BUTTON  stm32f1xx_hal_gpio_cfg.o
    0x20000181   0x08001238   0x00000003   PAD
    0x20000184        -       0x00000011   Zero   RW           49    .bss.sJOSTICK_LEFT_BUTTON  stm32f1xx_hal_gpio_cfg.o
    0x20000195   0x08001238   0x00000003   PAD
    0x20000198        -       0x00000011   Zero   RW           48    .bss.sJOSTICK_RIGHT_BUTTON  stm32f1xx_hal_gpio_cfg.o
    0x200001a9   0x08001238   0x00000003   PAD
    0x200001ac        -       0x00000011   Zero   RW           51    .bss.sJOSTICK_UP_BUTTON  stm32f1xx_hal_gpio_cfg.o
    0x200001bd   0x08001238   0x00000003   PAD
    0x200001c0        -       0x00000011   Zero   RW           45    .bss.sOPEN_CLOSE_BUTTON  stm32f1xx_hal_gpio_cfg.o
    0x200001d1   0x08001238   0x00000003   PAD
    0x200001d4        -       0x00000011   Zero   RW           42    .bss.sOPEN_CLOSE_LED  stm32f1xx_hal_gpio_cfg.o
    0x200001e5   0x08001238   0x00000003   PAD
    0x200001e8        -       0x00000011   Zero   RW           44    .bss.sRESET_BUTTON  stm32f1xx_hal_gpio_cfg.o
    0x200001f9   0x08001238   0x00000003   PAD
    0x200001fc        -       0x00000011   Zero   RW           41    .bss.sRESET_LED     stm32f1xx_hal_gpio_cfg.o
    0x2000020d   0x08001238   0x00000003   PAD
    0x20000210        -       0x00000011   Zero   RW           52    .bss.sRS            stm32f1xx_hal_gpio_cfg.o
    0x20000221   0x08001238   0x00000003   PAD
    0x20000224        -       0x00000011   Zero   RW           53    .bss.sRW            stm32f1xx_hal_gpio_cfg.o
    0x20000235   0x08001238   0x00000003   PAD
    0x20000238        -       0x00000011   Zero   RW           47    .bss.sSAVE_POSITION_BUTTON  stm32f1xx_hal_gpio_cfg.o
    0x20000249   0x08001238   0x00000003   PAD
    0x2000024c        -       0x00000011   Zero   RW           43    .bss.sSAVE_POSITION_LED  stm32f1xx_hal_gpio_cfg.o
    0x2000025d   0x08001238   0x00000003   PAD
    0x20000260        -       0x00000011   Zero   RW           40    .bss.sSTATE_LED     stm32f1xx_hal_gpio_cfg.o
    0x20000271   0x08001238   0x00000003   PAD
    0x20000274        -       0x00000014   Zero   RW           81    .bss.sTIMER1        stm32f1xx_hal_tim_cfg.o
    0x20000288        -       0x00000200   Zero   RW          156    HEAP                startup_stm32f10x_md.o
    0x20000488        -       0x00000400   Zero   RW          155    STACK               startup_stm32f10x_md.o


==============================================================================

Image component sizes


      Code (inc. data)   RO Data    RW Data    ZI Data      Debug   Object Name

       462          0          0          0          0       1945   hal_lcd.o
       162         32          0          0          0        723   main.o
        64         26        236          0       1536        844   startup_stm32f10x_md.o
       396          0          0          0          0       3882   stm32f1xx_hal_exti.o
       508          0         10          4        144       2157   stm32f1xx_hal_exti_cfg.o
       718          0          0          0          0       3280   stm32f1xx_hal_gpio.o
       424          0          0          0        323       1913   stm32f1xx_hal_gpio_cfg.o
       528          8          0          0          0       4725   stm32f1xx_hal_tim.o
        30          0          0          0         20        831   stm32f1xx_hal_tim_cfg.o
       284          0          0          0          0       2836   system_stm32f10x.o

    ----------------------------------------------------------------------
      3594         66        278          4       2080      23136   Object Totals
         0          0         32          0          0          0   (incl. Generated)
        18          0          0          0         57          0   (incl. Padding)

    ----------------------------------------------------------------------

      Code (inc. data)   RO Data    RW Data    ZI Data      Debug   Library Member Name

         8          0          0          0          0         68   __main.o
       104          0          0          0          0         84   __printf.o
         0          0          0          0          0          0   __rtentry.o
        12          0          0          0          0          0   __rtentry2.o
         6          0          0          0          0          0   __rtentry4.o
        52          8          0          0          0          0   __scatter.o
        26          0          0          0          0          0   __scatter_copy.o
        28          0          0          0          0          0   __scatter_zi.o
        48          6          0          0          0         96   _printf_char_common.o
         6          0          0          0          0          0   _printf_d.o
       120         16          0          0          0         92   _printf_dec.o
       178          0          0          0          0         88   _printf_intcommon.o
         0          0          0          0          0          0   _printf_percent.o
         4          0          0          0          0          0   _printf_percent_end.o
        10          0          0          0          0         68   _sputc.o
        18          0          0          0          0         80   exit.o
         6          0          0          0          0        152   heapauxi.o
         0          0          0          0          0          0   indicate_semi.o
         2          0          0          0          0          0   libinit.o
         2          0          0          0          0          0   libinit2.o
         2          0          0          0          0          0   libshutdown.o
         2          0          0          0          0          0   libshutdown2.o
         8          4          0          0         96         68   libspace.o
        40          6          0          0          0         84   noretval__2sprintf.o
         2          0          0          0          0          0   rtexit.o
        10          0          0          0          0          0   rtexit2.o
        12          4          0          0          0         68   sys_exit.o
        74          0          0          0          0         80   sys_stackheap_outer.o
         2          0          0          0          0         68   use_no_semi.o

    ----------------------------------------------------------------------
       788         44          0          0         96       1096   Library Totals
         6          0          0          0          0          0   (incl. Padding)

    ----------------------------------------------------------------------

      Code (inc. data)   RO Data    RW Data    ZI Data      Debug   Library Name

       782         44          0          0         96       1096   c_w.l

    ----------------------------------------------------------------------
       788         44          0          0         96       1096   Library Totals

    ----------------------------------------------------------------------

==============================================================================


      Code (inc. data)   RO Data    RW Data    ZI Data      Debug   

      4382        110        278          4       2176      23684   Grand Totals
      4382        110        278          4       2176      23684   ELF Image Totals
      4382        110        278          4          0          0   ROM Totals

==============================================================================

    Total RO  Size (Code + RO Data)                 4660 (   4.55kB)
    Total RW  Size (RW Data + ZI Data)              2180 (   2.13kB)
    Total ROM Size (Code + RO Data + RW Data)       4664 (   4.55kB)

==============================================================================

