Component: ARM Compiler 6.15 Tool: armlink [5dd79300]

==============================================================================

Section Cross References

    main.o(.text) refers (Special) to _printf_d.o(.ARM.Collect$$_printf_percent$$00000009) for _printf_d
    main.o(.text) refers (Special) to _printf_dec.o(.text) for _printf_int_dec
    main.o(.text) refers (Special) to _printf_percent.o(.ARM.Collect$$_printf_percent$$00000000) for _printf_percent
    main.o(.text.main) refers (Special) to _printf_d.o(.ARM.Collect$$_printf_percent$$00000009) for _printf_d
    main.o(.text.main) refers (Special) to _printf_dec.o(.text) for _printf_int_dec
    main.o(.text.main) refers (Special) to _printf_percent.o(.ARM.Collect$$_printf_percent$$00000000) for _printf_percent
    main.o(.text.main) refers to stm32f1xx_hal_gpio_cfg.o(.text.GPIO_Init) for GPIO_Init
    main.o(.text.main) refers to stm32f1xx_hal_tim_cfg.o(.text.TIM_Delay_Init) for TIM_Delay_Init
    main.o(.text.main) refers to hal_lcd.o(.text.HAL_Lcd_Init) for HAL_Lcd_Init
    main.o(.text.main) refers to hal_lcd.o(.text.HAL_Lcd_Clear) for HAL_Lcd_Clear
    main.o(.text.main) refers to main.o(.text.Init_Handheld) for Init_Handheld
    main.o(.text.main) refers to stm32f1xx_hal_exti_cfg.o(.text.EXTI_Init) for EXTI_Init
    main.o(.text.main) refers to stm32f1xx_hal_gpio_cfg.o(.bss.sSTATE_LED) for sSTATE_LED
    main.o(.text.main) refers to stm32f1xx_hal_gpio.o(.text.HAL_GPIO_Pin_Write) for HAL_GPIO_Pin_Write
    main.o(.text.main) refers to stm32f1xx_hal_gpio_cfg.o(.bss.sRESET_LED) for sRESET_LED
    main.o(.text.main) refers to stm32f1xx_hal_gpio_cfg.o(.bss.sOPEN_CLOSE_LED) for sOPEN_CLOSE_LED
    main.o(.text.main) refers to stm32f1xx_hal_gpio_cfg.o(.bss.sSAVE_POSITION_LED) for sSAVE_POSITION_LED
    main.o(.text.main) refers to stm32f1xx_hal_gpio_cfg.o(.bss.sPB12) for sPB12
    main.o(.text.main) refers to stm32f1xx_hal_gpio_cfg.o(.bss.sPA8) for sPA8
    main.o(.text.main) refers to stm32f1xx_hal_gpio_cfg.o(.bss.sPA9) for sPA9
    main.o(.text.main) refers to stm32f1xx_hal_gpio_cfg.o(.bss.sPA10) for sPA10
    main.o(.text.main) refers to stm32f1xx_hal_gpio_cfg.o(.bss.sPA11) for sPA11
    main.o(.text.main) refers to stm32f1xx_hal_gpio_cfg.o(.bss.sPA12) for sPA12
    main.o(.text.main) refers to stm32f1xx_hal_gpio_cfg.o(.bss.sPA15) for sPA15
    main.o(.text.main) refers to stm32f1xx_hal_gpio_cfg.o(.bss.sPB9) for sPB9
    main.o(.text.main) refers to stm32f1xx_hal_gpio_cfg.o(.bss.sPC15) for sPC15
    main.o(.text.main) refers to stm32f1xx_hal_gpio_cfg.o(.bss.sPC14) for sPC14
    main.o(.text.main) refers to stm32f1xx_hal_gpio_cfg.o(.bss.sPC13) for sPC13
    main.o(.text.main) refers to main.o(.bss.iMotorNumber) for iMotorNumber
    main.o(.ARM.exidx.text.main) refers (Special) to _printf_d.o(.ARM.Collect$$_printf_percent$$00000009) for _printf_d
    main.o(.ARM.exidx.text.main) refers (Special) to _printf_dec.o(.text) for _printf_int_dec
    main.o(.ARM.exidx.text.main) refers (Special) to _printf_percent.o(.ARM.Collect$$_printf_percent$$00000000) for _printf_percent
    main.o(.ARM.exidx.text.main) refers to main.o(.text.main) for [Anonymous Symbol]
    main.o(.text.Init_Handheld) refers (Special) to _printf_d.o(.ARM.Collect$$_printf_percent$$00000009) for _printf_d
    main.o(.text.Init_Handheld) refers (Special) to _printf_dec.o(.text) for _printf_int_dec
    main.o(.text.Init_Handheld) refers (Special) to _printf_percent.o(.ARM.Collect$$_printf_percent$$00000000) for _printf_percent
    main.o(.text.Init_Handheld) refers to hal_lcd.o(.text.HAL_Lcd_Cmd) for HAL_Lcd_Cmd
    main.o(.text.Init_Handheld) refers to hal_lcd.o(.text.HAL_Lcd_Print_String) for HAL_Lcd_Print_String
    main.o(.text.Init_Handheld) refers to hal_lcd.o(.text.HAL_Lcd_Set_Cursor) for HAL_Lcd_Set_Cursor
    main.o(.text.Init_Handheld) refers to stm32f1xx_hal_tim_cfg.o(.bss.sTIMER1) for sTIMER1
    main.o(.text.Init_Handheld) refers to stm32f1xx_hal_tim.o(.text.HAL_TIM_msDelay) for HAL_TIM_msDelay
    main.o(.ARM.exidx.text.Init_Handheld) refers (Special) to _printf_d.o(.ARM.Collect$$_printf_percent$$00000009) for _printf_d
    main.o(.ARM.exidx.text.Init_Handheld) refers (Special) to _printf_dec.o(.text) for _printf_int_dec
    main.o(.ARM.exidx.text.Init_Handheld) refers (Special) to _printf_percent.o(.ARM.Collect$$_printf_percent$$00000000) for _printf_percent
    main.o(.ARM.exidx.text.Init_Handheld) refers to main.o(.text.Init_Handheld) for [Anonymous Symbol]
    main.o(.text.EXTI0_IRQHandler) refers (Special) to _printf_d.o(.ARM.Collect$$_printf_percent$$00000009) for _printf_d
    main.o(.text.EXTI0_IRQHandler) refers (Special) to _printf_dec.o(.text) for _printf_int_dec
    main.o(.text.EXTI0_IRQHandler) refers (Special) to _printf_percent.o(.ARM.Collect$$_printf_percent$$00000000) for _printf_percent
    main.o(.text.EXTI0_IRQHandler) refers to stm32f1xx_hal_tim_cfg.o(.bss.sTIMER1) for sTIMER1
[...]
    stm32f1xx_hal_tim.o(.ARM.exidx.text.HAL_TIM_msDelay) refers to stm32f1xx_hal_tim.o(.text.HAL_TIM_msDelay) for [Anonymous Symbol]
    stm32f1xx_hal_tim_cfg.o(.text.TIM_Delay_Init) refers to stm32f1xx_hal_tim_cfg.o(.bss.sTIMER1) for sTIMER1
    stm32f1xx_hal_tim_cfg.o(.text.TIM_Delay_Init) refers to stm32f1xx_hal_tim.o(.text.HAL_TIM_Init) for HAL_TIM_Init
    stm32f1xx_hal_tim_cfg.o(.ARM.exidx.text.TIM_Delay_Init) refers to stm32f1xx_hal_tim_cfg.o(.text.TIM_Delay_Init) for [Anonymous Symbol]
    hal_lcd.o(.text.HAL_Lcd_SetBit) refers to stm32f1xx_hal_gpio_cfg.o(.bss.sD0) for sD0
    hal_lcd.o(.text.HAL_Lcd_SetBit) refers to stm32f1xx_hal_gpio.o(.text.HAL_GPIO_Pin_Write) for HAL_GPIO_Pin_Write
    hal_lcd.o(.text.HAL_Lcd_SetBit) refers to stm32f1xx_hal_gpio_cfg.o(.bss.sD1) for sD1
    hal_lcd.o(.text.HAL_Lcd_SetBit) refers to stm32f1xx_hal_gpio_cfg.o(.bss.sD2) for sD2
    hal_lcd.o(.text.HAL_Lcd_SetBit) refers to stm32f1xx_hal_gpio_cfg.o(.bss.sD3) for sD3
    hal_lcd.o(.ARM.exidx.text.HAL_Lcd_SetBit) refers to hal_lcd.o(.text.HAL_Lcd_SetBit) for [Anonymous Symbol]
    hal_lcd.o(.text.HAL_Lcd_Cmd) refers to stm32f1xx_hal_gpio_cfg.o(.bss.sRW) for sRW
    hal_lcd.o(.text.HAL_Lcd_Cmd) refers to stm32f1xx_hal_gpio.o(.text.HAL_GPIO_Pin_Write) for HAL_GPIO_Pin_Write
    hal_lcd.o(.text.HAL_Lcd_Cmd) refers to stm32f1xx_hal_gpio_cfg.o(.bss.sRS) for sRS
    hal_lcd.o(.text.HAL_Lcd_Cmd) refers to hal_lcd.o(.text.HAL_Lcd_SetBit) for HAL_Lcd_SetBit
    hal_lcd.o(.text.HAL_Lcd_Cmd) refers to stm32f1xx_hal_gpio_cfg.o(.bss.sE) for sE
    hal_lcd.o(.text.HAL_Lcd_Cmd) refers to stm32f1xx_hal_tim_cfg.o(.bss.sTIMER1) for sTIMER1
    hal_lcd.o(.text.HAL_Lcd_Cmd) refers to stm32f1xx_hal_tim.o(.text.HAL_TIM_msDelay) for HAL_TIM_msDelay
    hal_lcd.o(.ARM.exidx.text.HAL_Lcd_Cmd) refers to hal_lcd.o(.text.HAL_Lcd_Cmd) for [Anonymous Symbol]
    hal_lcd.o(.text.HAL_Lcd_Init) refers to stm32f1xx_hal_tim_cfg.o(.bss.sTIMER1) for sTIMER1
    hal_lcd.o(.text.HAL_Lcd_Init) refers to stm32f1xx_hal_tim.o(.text.HAL_TIM_msDelay) for HAL_TIM_msDelay
    hal_lcd.o(.text.HAL_Lcd_Init) refers to hal_lcd.o(.text.HAL_Lcd_Cmd) for HAL_Lcd_Cmd
    hal_lcd.o(.ARM.exidx.text.HAL_Lcd_Init) refers to hal_lcd.o(.text.HAL_Lcd_Init) for [Anonymous Symbol]
    hal_lcd.o(.text.HAL_Lcd_Print_Char) refers to stm32f1xx_hal_gpio_cfg.o(.bss.sRW) for sRW
    hal_lcd.o(.text.HAL_Lcd_Print_Char) refers to stm32f1xx_hal_gpio.o(.text.HAL_GPIO_Pin_Write) for HAL_GPIO_Pin_Write
    hal_lcd.o(.text.HAL_Lcd_Print_Char) refers to stm32f1xx_hal_gpio_cfg.o(.bss.sRS) for sRS
    hal_lcd.o(.text.HAL_Lcd_Print_Char) refers to hal_lcd.o(.text.HAL_Lcd_SetBit) for HAL_Lcd_SetBit
    hal_lcd.o(.text.HAL_Lcd_Print_Char) refers to stm32f1xx_hal_gpio_cfg.o(.bss.sE) for sE
    hal_lcd.o(.text.HAL_Lcd_Print_Char) refers to stm32f1xx_hal_tim_cfg.o(.bss.sTIMER1) for sTIMER1
    hal_lcd.o(.text.HAL_Lcd_Print_Char) refers to stm32f1xx_hal_tim.o(.text.HAL_TIM_msDelay) for HAL_TIM_msDelay
    hal_lcd.o(.ARM.exidx.text.HAL_Lcd_Print_Char) refers to hal_lcd.o(.text.HAL_Lcd_Print_Char) for [Anonymous Symbol]
    hal_lcd.o(.text.HAL_Lcd_Print_String) refers to hal_lcd.o(.text.HAL_Lcd_Print_Char) for HAL_Lcd_Print_Char
    hal_lcd.o(.ARM.exidx.text.HAL_Lcd_Print_String) refers to hal_lcd.o(.text.HAL_Lcd_Print_String) for [Anonymous Symbol]
    hal_lcd.o(.text.HAL_Lcd_Clear) refers to hal_lcd.o(.text.HAL_Lcd_Cmd) for HAL_Lcd_Cmd
    hal_lcd.o(.text.HAL_Lcd_Clear) refers to stm32f1xx_hal_tim_cfg.o(.bss.sTIMER1) for sTIMER1
    hal_lcd.o(.text.HAL_Lcd_Clear) refers to stm32f1xx_hal_tim.o(.text.HAL_TIM_msDelay) for HAL_TIM_msDelay
    hal_lcd.o(.ARM.exidx.text.HAL_Lcd_Clear) refers to hal_lcd.o(.text.HAL_Lcd_Clear) for [Anonymous Symbol]
    hal_lcd.o(.text.HAL_Lcd_Set_Cursor) refers to hal_lcd.o(.text.HAL_Lcd_Cmd) for HAL_Lcd_Cmd
    hal_lcd.o(.ARM.exidx.text.HAL_Lcd_Set_Cursor) refers to hal_lcd.o(.text.HAL_Lcd_Set_Cursor) for [Anonymous Symbol]
    stm32f1xx_hal_exti_cfg.o(.text.EXTI_Init) refers to stm32f1xx_hal_exti_cfg.o(.bss.sEXTI_PA0) for sEXTI_PA0
    stm32f1xx_hal_exti_cfg.o(.text.EXTI_Init) refers to stm32f1xx_hal_exti.o(.text.HAL_EXTI_Init) for HAL_EXTI_Init
    stm32f1xx_hal_exti_cfg.o(.text.EXTI_Init) refers to stm32f1xx_hal_exti_cfg.o(.bss.sEXTI_PA1) for sEXTI_PA1
    stm32f1xx_hal_exti_cfg.o(.text.EXTI_Init) refers to stm32f1xx_hal_exti_cfg.o(.bss.sEXTI_PA2) for sEXTI_PA2
    stm32f1xx_hal_exti_cfg.o(.text.EXTI_Init) refers to stm32f1xx_hal_exti_cfg.o(.bss.sEXTI_PA3) for sEXTI_PA3
    stm32f1xx_hal_exti_cfg.o(.text.EXTI_Init) refers to stm32f1xx_hal_exti_cfg.o(.bss.sEXTI_PA4) for sEXTI_PA4
    stm32f1xx_hal_exti_cfg.o(.text.EXTI_Init) refers to stm32f1xx_hal_exti_cfg.o(.bss.sEXTI_PA5) for sEXTI_PA5
    stm32f1xx_hal_exti_cfg.o(.text.EXTI_Init) refers to stm32f1xx_hal_exti_cfg.o(.bss.sEXTI_PA6) for sEXTI_PA6
    stm32f1xx_hal_exti_cfg.o(.text.EXTI_Init) refers to stm32f1xx_hal_exti_cfg.o(.bss.sEXTI_PA7) for sEXTI_PA7
    stm32f1xx_hal_exti_cfg.o(.ARM.exidx.text.EXTI_Init) refers to stm32f1xx_hal_exti_cfg.o(.text.EXTI_Init) for [Anonymous Symbol]
    stm32f1xx_hal_exti.o(.text.HAL_EXTI_Init) refers to stm32f1xx_hal_exti.o(.text.__NVIC_EnableIRQ) for __NVIC_EnableIRQ
    stm32f1xx_hal_exti.o(.ARM.exidx.text.HAL_EXTI_Init) refers to stm32f1xx_hal_exti.o(.text.HAL_EXTI_Init) for [Anonymous Symbol]
    stm32f1xx_hal_exti.o(.ARM.exidx.text.__NVIC_EnableIRQ) refers to stm32f1xx_hal_exti.o(.text.__NVIC_EnableIRQ) for [Anonymous Symbol]
    stm32f1xx_hal_exti.o(.ARM.exidx.text.HAL_EXTI_ClearPending) refers to stm32f1xx_hal_exti.o(.text.HAL_EXTI_ClearPending) for [Anonymous Symbol]
    startup_stm32f10x_md.o(STACK) refers (Special) to heapauxi.o(.text) for __use_two_region_memory
    startup_stm32f10x_md.o(HEAP) refers (Special) to heapauxi.o(.text) for __use_two_region_memory
    startup_stm32f10x_md.o(RESET) refers (Special) to heapauxi.o(.text) for __use_two_region_memory
    startup_stm32f10x_md.o(RESET) refers to startup_stm32f10x_md.o(STACK) for __initial_sp
    startup_stm32f10x_md.o(RESET) refers to startup_stm32f10x_md.o(.text) for Reset_Handler
    startup_stm32f10x_md.o(RESET) refers to main.o(.text.EXTI0_IRQHandler) for EXTI0_IRQHandler
    startup_stm32f10x_md.o(RESET) refers to main.o(.text.EXTI1_IRQHandler) for EXTI1_IRQHandler
    startup_stm32f10x_md.o(RESET) refers to main.o(.text.EXTI2_IRQHandler) for EXTI2_IRQHandler
    startup_stm32f10x_md.o(RESET) refers to main.o(.text.EXTI3_IRQHandler) for EXTI3_IRQHandler
    startup_stm32f10x_md.o(RESET) refers to main.o(.text.EXTI4_IRQHandler) for EXTI4_IRQHandler
    startup_stm32f10x_md.o(RESET) refers to main.o(.text.EXTI9_5_IRQHandler) for EXTI9_5_IRQHandler
    startup_stm32f10x_md.o(.text) refers (Special) to heapauxi.o(.text) for __use_two_region_memory
    startup_stm32f10x_md.o(.text) refers to system_stm32f10x.o(.text.SystemInit) for SystemInit
    startup_stm32f10x_md.o(.text) refers to __main.o(!!!main) for __main
    startup_stm32f10x_md.o(.text) refers to startup_stm32f10x_md.o(HEAP) for Heap_Mem
    startup_stm32f10x_md.o(.text) refers to startup_stm32f10x_md.o(STACK) for Stack_Mem
    system_stm32f10x.o(.text.SystemInit) refers to system_stm32f10x.o(.text.SetSysClock) for SetSysClock
    system_stm32f10x.o(.ARM.exidx.text.SystemInit) refers to system_stm32f10x.o(.text.SystemInit) for [Anonymous Symbol]
    system_stm32f10x.o(.text.SetSysClock) refers to system_stm32f10x.o(.text.SetSysClockTo72) for SetSysClockTo72
    system_stm32f10x.o(.ARM.exidx.text.SetSysClock) refers to system_stm32f10x.o(.text.SetSysClock) for [Anonymous Symbol]
    system_stm32f10x.o(.text.SystemCoreClockUpdate) refers to system_stm32f10x.o(.data.SystemCoreClock) for SystemCoreClock
    system_stm32f10x.o(.text.SystemCoreClockUpdate) refers to system_stm32f10x.o(.rodata.AHBPrescTable) for AHBPrescTable
    system_stm32f10x.o(.ARM.exidx.text.SystemCoreClockUpdate) refers to system_stm32f10x.o(.text.SystemCoreClockUpdate) for [Anonymous Symbol]
    system_stm32f10x.o(.ARM.exidx.text.SetSysClockTo72) refers to system_stm32f10x.o(.text.SetSysClockTo72) for [Anonymous Symbol]
    __2sprintf.o(.text) refers to _printf_char_common.o(.text) for _printf_char_common
    __2sprintf.o(.text) refers to _sputc.o(.text) for _sputc
    noretval__2sprintf.o(.text) refers to _printf_char_common.o(.text) for _printf_char_common
    noretval__2sprintf.o(.text) refers to _sputc.o(.text) for _sputc
    __printf.o(.text) refers to _printf_percent.o(.ARM.Collect$$_printf_percent$$00000000) for _printf_percent
    _printf_dec.o(.text) refers to _printf_intcommon.o(.text) for _printf_int_common
    __printf_flags.o(.text) refers to _printf_percent.o(.ARM.Collect$$_printf_percent$$00000000) for _printf_percent
    __printf_flags.o(.text) refers to __printf_flags.o(.constdata) for .constdata
    __printf_ss.o(.text) refers to _printf_percent.o(.ARM.Collect$$_printf_percent$$00000000) for _printf_percent
    __printf_flags_ss.o(.text) refers to _printf_percent.o(.ARM.Collect$$_printf_percent$$00000000) for _printf_percent
    __printf_flags_ss.o(.text) refers to __printf_flags_ss.o(.constdata) for .constdata
    __printf_wp.o(.text) refers to __printf_wp.o(i._is_digit) for _is_digit
    __printf_wp.o(.text) refers to _printf_percent.o(.ARM.Collect$$_printf_percent$$00000000) for _printf_percent
    __printf_flags_wp.o(.text) refers to __printf_wp.o(i._is_digit) for _is_digit
    __printf_flags_wp.o(.text) refers to _printf_percent.o(.ARM.Collect$$_printf_percent$$00000000) for _printf_percent
    __printf_flags_wp.o(.text) refers to __printf_flags_wp.o(.constdata) for .constdata
    __printf_ss_wp.o(.text) refers to __printf_wp.o(i._is_digit) for _is_digit
    __printf_ss_wp.o(.text) refers to _printf_percent.o(.ARM.Collect$$_printf_percent$$00000000) for _printf_percent
    __printf_flags_ss_wp.o(.text) refers to __printf_wp.o(i._is_digit) for _is_digit
    __printf_flags_ss_wp.o(.text) refers to _printf_percent.o(.ARM.Collect$$_printf_percent$$00000000) for _printf_percent
    __printf_flags_ss_wp.o(.text) refers to __printf_flags_ss_wp.o(.constdata) for .constdata
    _printf_d.o(.ARM.Collect$$_printf_percent$$00000009) refers (Weak) to _printf_dec.o(.text) for _printf_int_dec
    _printf_percent.o(.ARM.Collect$$_printf_percent$$00000000) refers (Special) to _printf_percent_end.o(.ARM.Collect$$_printf_percent$$00000017) for _printf_percent_end
    __main.o(!!!main) refers to __rtentry.o(.ARM.Collect$$rtentry$$00000000) for __rt_entry
    __rtentry.o(.ARM.Collect$$rtentry$$00000000) refers (Special) to __rtentry2.o(.ARM.Collect$$rtentry$$0000000A) for __rt_entry_li
    __rtentry.o(.ARM.Collect$$rtentry$$00000000) refers (Special) to __rtentry2.o(.ARM.Collect$$rtentry$$0000000D) for __rt_entry_main
    __rtentry.o(.ARM.Collect$$rtentry$$00000000) refers (Special) to __rtentry2.o(.ARM.Collect$$rtentry$$0000000C) for __rt_entry_postli_1
    __rtentry.o(.ARM.Collect$$rtentry$$00000000) refers (Special) to __rtentry2.o(.ARM.Collect$$rtentry$$00000009) for __rt_entry_postsh_1
    __rtentry.o(.ARM.Collect$$rtentry$$00000000) refers (Special) to __rtentry2.o(.ARM.Collect$$rtentry$$00000002) for __rt_entry_presh_1
    __rtentry.o(.ARM.Collect$$rtentry$$00000000) refers (Special) to __rtentry4.o(.ARM.Collect$$rtentry$$00000004) for __rt_entry_sh
    _printf_char_common.o(.text) refers to __printf.o(.text) for __printf
    __rtentry2.o(.ARM.Collect$$rtentry$$00000008) refers to boardinit2.o(.text) for _platform_post_stackheap_init
    __rtentry2.o(.ARM.Collect$$rtentry$$0000000A) refers to libinit.o(.ARM.Collect$$libinit$$00000000) for __rt_lib_init
    __rtentry2.o(.ARM.Collect$$rtentry$$0000000B) refers to boardinit3.o(.text) for _platform_post_lib_init
    __rtentry2.o(.ARM.Collect$$rtentry$$0000000D) refers to main.o(.text.main) for main
    __rtentry2.o(.ARM.Collect$$rtentry$$0000000D) refers to exit.o(.text) for exit
    __rtentry2.o(.ARM.exidx) refers to __rtentry2.o(.ARM.Collect$$rtentry$$00000001) for .ARM.Collect$$rtentry$$00000001
    __rtentry2.o(.ARM.exidx) refers to __rtentry2.o(.ARM.Collect$$rtentry$$00000008) for .ARM.Collect$$rtentry$$00000008
    __rtentry2.o(.ARM.exidx) refers to __rtentry2.o(.ARM.Collect$$rtentry$$0000000A) for .ARM.Collect$$rtentry$$0000000A
    __rtentry2.o(.ARM.exidx) refers to __rtentry2.o(.ARM.Collect$$rtentry$$0000000B) for .ARM.Collect$$rtentry$$0000000B
    __rtentry2.o(.ARM.exidx) refers to __rtentry2.o(.ARM.Collect$$rtentry$$0000000D) for .ARM.Collect$$rtentry$$0000000D
    __rtentry4.o(.ARM.Collect$$rtentry$$00000004) refers to sys_stackheap_outer.o(.text) for __user_setup_stackheap
    __rtentry4.o(.ARM.exidx) refers to __rtentry4.o(.ARM.Collect$$rtentry$$00000004) for .ARM.Collect$$rtentry$$00000004
    sys_stackheap_outer.o(.text) refers to libspace.o(.text) for __user_perproc_libspace
    sys_stackheap_outer.o(.text) refers to startup_stm32f10x_md.o(.text) for __user_initial_stackheap
    exit.o(.text) refers to rtexit.o(.ARM.Collect$$rtexit$$00000000) for __rt_exit
    libinit.o(.ARM.Collect$$libinit$$00000000) refers (Special) to libinit2.o(.ARM.Collect$$libinit$$0000002E) for __rt_lib_init_alloca_1
    libinit.o(.ARM.Collect$$libinit$$00000000) refers (Special) to libinit2.o(.ARM.Collect$$libinit$$0000002C) for __rt_lib_init_argv_1
    libinit.o(.ARM.Collect$$libinit$$00000000) refers (Special) to libinit2.o(.ARM.Collect$$libinit$$0000001B) for __rt_lib_init_atexit_1
    libinit.o(.ARM.Collect$$libinit$$00000000) refers (Special) to libinit2.o(.ARM.Collect$$libinit$$00000021) for __rt_lib_init_clock_1
    libinit.o(.ARM.Collect$$libinit$$00000000) refers (Special) to libinit2.o(.ARM.Collect$$libinit$$00000032) for __rt_lib_init_cpp_1
    libinit.o(.ARM.Collect$$libinit$$00000000) refers (Special) to libinit2.o(.ARM.Collect$$libinit$$00000030) for __rt_lib_init_exceptions_1
    libinit.o(.ARM.Collect$$libinit$$00000000) refers (Special) to libinit2.o(.ARM.Collect$$libinit$$00000002) for __rt_lib_init_fp_1
    libinit.o(.ARM.Collect$$libinit$$00000000) refers (Special) to libinit2.o(.ARM.Collect$$libinit$$0000001F) for __rt_lib_init_fp_trap_1
    libinit.o(.ARM.Collect$$libinit$$00000000) refers (Special) to libinit2.o(.ARM.Collect$$libinit$$00000023) for __rt_lib_init_getenv_1
    libinit.o(.ARM.Collect$$libinit$$00000000) refers (Special) to libinit2.o(.ARM.Collect$$libinit$$0000000A) for __rt_lib_init_heap_1
    libinit.o(.ARM.Collect$$libinit$$00000000) refers (Special) to libinit2.o(.ARM.Collect$$libinit$$00000011) for __rt_lib_init_lc_collate_1
    libinit.o(.ARM.Collect$$libinit$$00000000) refers (Special) to libinit2.o(.ARM.Collect$$libinit$$00000013) for __rt_lib_init_lc_ctype_1
    libinit.o(.ARM.Collect$$libinit$$00000000) refers (Special) to libinit2.o(.ARM.Collect$$libinit$$00000015) for __rt_lib_init_lc_monetary_1
    libinit.o(.ARM.Collect$$libinit$$00000000) refers (Special) to libinit2.o(.ARM.Collect$$libinit$$00000017) for __rt_lib_init_lc_numeric_1
    libinit.o(.ARM.Collect$$libinit$$00000000) refers (Special) to libinit2.o(.ARM.Collect$$libinit$$00000019) for __rt_lib_init_lc_time_1
    libinit.o(.ARM.Collect$$libinit$$00000000) refers (Special) to libinit2.o(.ARM.Collect$$libinit$$00000004) for __rt_lib_init_preinit_1
    libinit.o(.ARM.Collect$$libinit$$00000000) refers (Special) to libinit2.o(.ARM.Collect$$libinit$$0000000E) for __rt_lib_init_rand_1
    libinit.o(.ARM.Collect$$libinit$$00000000) refers (Special) to libinit2.o(.ARM.Collect$$libinit$$00000033) for __rt_lib_init_return
    libinit.o(.ARM.Collect$$libinit$$00000000) refers (Special) to libinit2.o(.ARM.Collect$$libinit$$0000001D) for __rt_lib_init_signal_1
    libinit.o(.ARM.Collect$$libinit$$00000000) refers (Special) to libinit2.o(.ARM.Collect$$libinit$$00000025) for __rt_lib_init_stdio_1
    libinit.o(.ARM.Collect$$libinit$$00000000) refers (Special) to libinit2.o(.ARM.Collect$$libinit$$0000000C) for __rt_lib_init_user_alloc_1
    libspace.o(.text) refers to libspace.o(.bss) for __libspace_start
    rtexit.o(.ARM.Collect$$rtexit$$00000000) refers (Special) to rtexit2.o(.ARM.Collect$$rtexit$$00000004) for __rt_exit_exit
    rtexit.o(.ARM.Collect$$rtexit$$00000000) refers (Special) to rtexit2.o(.ARM.Collect$$rtexit$$00000003) for __rt_exit_ls
    rtexit.o(.ARM.Collect$$rtexit$$00000000) refers (Special) to rtexit2.o(.ARM.Collect$$rtexit$$00000002) for __rt_exit_prels_1
    rtexit.o(.ARM.exidx) refers (Special) to rtexit2.o(.ARM.Collect$$rtexit$$00000004) for __rt_exit_exit
    rtexit.o(.ARM.exidx) refers (Special) to rtexit2.o(.ARM.Collect$$rtexit$$00000003) for __rt_exit_ls
    rtexit.o(.ARM.exidx) refers (Special) to rtexit2.o(.ARM.Collect$$rtexit$$00000002) for __rt_exit_prels_1
    rtexit.o(.ARM.exidx) refers to rtexit.o(.ARM.Collect$$rtexit$$00000000) for .ARM.Collect$$rtexit$$00000000
    libinit2.o(.ARM.Collect$$libinit$$00000010) refers to libinit2.o(.ARM.Collect$$libinit$$0000000F) for .ARM.Collect$$libinit$$0000000F
    libinit2.o(.ARM.Collect$$libinit$$00000012) refers to libinit2.o(.ARM.Collect$$libinit$$0000000F) for .ARM.Collect$$libinit$$0000000F
    libinit2.o(.ARM.Collect$$libinit$$00000014) refers to libinit2.o(.ARM.Collect$$libinit$$0000000F) for .ARM.Collect$$libinit$$0000000F
    libinit2.o(.ARM.Collect$$libinit$$00000016) refers to libinit2.o(.ARM.Collect$$libinit$$0000000F) for .ARM.Collect$$libinit$$0000000F
    libinit2.o(.ARM.Collect$$libinit$$00000018) refers to libinit2.o(.ARM.Collect$$libinit$$0000000F) for .ARM.Collect$$libinit$$0000000F
    libinit2.o(.ARM.Collect$$libinit$$00000026) refers to argv_veneer.o(.emb_text) for __ARM_argv_veneer
    libinit2.o(.ARM.Collect$$libinit$$00000027) refers to argv_veneer.o(.emb_text) for __ARM_argv_veneer
    rtexit2.o(.ARM.Collect$$rtexit$$00000003) refers to libshutdown.o(.ARM.Collect$$libshutdown$$00000000) for __rt_lib_shutdown
    rtexit2.o(.ARM.Collect$$rtexit$$00000004) refers to sys_exit.o(.text) for _sys_exit
    rtexit2.o(.ARM.exidx) refers to rtexit2.o(.ARM.Collect$$rtexit$$00000001) for .ARM.Collect$$rtexit$$00000001
    rtexit2.o(.ARM.exidx) refers to rtexit2.o(.ARM.Collect$$rtexit$$00000003) for .ARM.Collect$$rtexit$$00000003
    rtexit2.o(.ARM.exidx) refers to rtexit2.o(.ARM.Collect$$rtexit$$00000004) for .ARM.Collect$$rtexit$$00000004
    argv_veneer.o(.emb_text) refers to no_argv.o(.text) for __ARM_get_argv
    sys_exit.o(.text) refers (Special) to use_no_semi.o(.text) for __I$use$semihosting
    sys_exit.o(.text) refers (Special) to indicate_semi.o(.text) for __semihosting_library_function
    sys_exit_hlt.o(.text) refers (Special) to use_no_semi.o(.text) for __I$use$semihosting
    sys_exit_hlt.o(.text) refers (Special) to indicate_semi.o(.text) for __semihosting_library_function
    _get_argv_nomalloc.o(.text) refers (Special) to hrguard.o(.text) for __heap_region$guard
    _get_argv_nomalloc.o(.text) refers to defsig_rtmem_outer.o(.text) for __rt_SIGRTMEM
    _get_argv_nomalloc.o(.text) refers to sys_command.o(.text) for _sys_command_string
    libshutdown.o(.ARM.Collect$$libshutdown$$00000000) refers (Special) to libshutdown2.o(.ARM.Collect$$libshutdown$$00000002) for __rt_lib_shutdown_cpp_1
    libshutdown.o(.ARM.Collect$$libshutdown$$00000000) refers (Special) to libshutdown2.o(.ARM.Collect$$libshutdown$$00000007) for __rt_lib_shutdown_fp_trap_1
    libshutdown.o(.ARM.Collect$$libshutdown$$00000000) refers (Special) to libshutdown2.o(.ARM.Collect$$libshutdown$$0000000F) for __rt_lib_shutdown_heap_1
    libshutdown.o(.ARM.Collect$$libshutdown$$00000000) refers (Special) to libshutdown2.o(.ARM.Collect$$libshutdown$$00000010) for __rt_lib_shutdown_return
    libshutdown.o(.ARM.Collect$$libshutdown$$00000000) refers (Special) to libshutdown2.o(.ARM.Collect$$libshutdown$$0000000A) for __rt_lib_shutdown_signal_1
    libshutdown.o(.ARM.Collect$$libshutdown$$00000000) refers (Special) to libshutdown2.o(.ARM.Collect$$libshutdown$$00000004) for __rt_lib_shutdown_stdio_1
    libshutdown.o(.ARM.Collect$$libshutdown$$00000000) refers (Special) to libshutdown2.o(.ARM.Collect$$libshutdown$$0000000C) for __rt_lib_shutdown_user_alloc_1
    sys_command.o(.text) refers (Special) to use_no_semi.o(.text) for __I$use$semihosting
    sys_command.o(.text) refers (Special) to indicate_semi.o(.text) for __semihosting_library_function
    sys_command_hlt.o(.text) refers (Special) to use_no_semi.o(.text) for __I$use$semihosting
    sys_command_hlt.o(.text) refers (Special) to indicate_semi.o(.text) for __semihosting_library_function
    defsig_rtmem_outer.o(.text) refers to defsig_rtmem_inner.o(.text) for __rt_SIGRTMEM_inner
    defsig_rtmem_outer.o(.text) refers to defsig_exit.o(.text) for __sig_exit
    defsig_rtmem_formal.o(.text) refers to rt_raise.o(.text) for __rt_raise
    rt_raise.o(.text) refers to __raise.o(.text) for __raise
    rt_raise.o(.text) refers to sys_exit.o(.text) for _sys_exit
    defsig_exit.o(.text) refers to sys_exit.o(.text) for _sys_exit
    defsig_rtmem_inner.o(.text) refers to defsig_general.o(.text) for __default_signal_display
    __raise.o(.text) refers to defsig.o(CL$$defsig) for __default_signal_handler
    defsig_general.o(.text) refers to sys_wrch.o(.text) for _ttywrch
    sys_wrch.o(.text) refers (Special) to use_no_semi.o(.text) for __I$use$semihosting
    sys_wrch.o(.text) refers (Special) to indicate_semi.o(.text) for __semihosting_library_function
    sys_wrch_hlt.o(.text) refers (Special) to use_no_semi.o(.text) for __I$use$semihosting
    sys_wrch_hlt.o(.text) refers (Special) to indicate_semi.o(.text) for __semihosting_library_function
    defsig.o(CL$$defsig) refers to defsig_rtmem_inner.o(.text) for __rt_SIGRTMEM_inner
    defsig_abrt_inner.o(.text) refers to defsig_general.o(.text) for __default_signal_display
    defsig_fpe_inner.o(.text) refers to defsig_general.o(.text) for __default_signal_display
    defsig_rtred_inner.o(.text) refers to defsig_general.o(.text) for __default_signal_display
    defsig_stak_inner.o(.text) refers to defsig_general.o(.text) for __default_signal_display
    defsig_pvfn_inner.o(.text) refers to defsig_general.o(.text) for __default_signal_display
    defsig_cppl_inner.o(.text) refers to defsig_general.o(.text) for __default_signal_display
    defsig_segv_inner.o(.text) refers to defsig_general.o(.text) for __default_signal_display
    defsig_other.o(.text) refers to defsig_general.o(.text) for __default_signal_display


==============================================================================

Removing Unused input sections from the image.

    Removing main.o(.text), (0 bytes).
    Removing main.o(.ARM.exidx.text.main), (8 bytes).
    Removing main.o(.ARM.exidx.text.Init_Handheld), (8 bytes).
    Removing main.o(.ARM.exidx.text.EXTI0_IRQHandler), (8 bytes).
    Removing main.o(.ARM.exidx.text.EXTI1_IRQHandler), (8 bytes).
    Removing main.o(.ARM.exidx.text.EXTI2_IRQHandler), (8 bytes).
    Removing main.o(.ARM.exidx.text.EXTI3_IRQHandler), (8 bytes).
    Removing main.o(.ARM.exidx.text.EXTI4_IRQHandler), (8 bytes).
    Removing main.o(.ARM.exidx.text.EXTI9_5_IRQHandler), (8 bytes).
    Removing main.o(.ARM.use_no_argv), (4 bytes).
    Removing stm32f1xx_hal_gpio.o(.text), (0 bytes).
    Removing stm32f1xx_hal_gpio.o(.ARM.exidx.text.HAL_GPIO_Pin_Init), (8 bytes).
    Removing stm32f1xx_hal_gpio.o(.ARM.exidx.text.HAL_GPIO_Pin_Read), (8 bytes).
    Removing stm32f1xx_hal_gpio.o(.ARM.exidx.text.HAL_GPIO_Pin_Write), (8 bytes).
    Removing stm32f1xx_hal_gpio.o(.ARM.exidx.text.HAL_GPIO_Pin_Toggle), (8 bytes).
    Removing stm32f1xx_hal_gpio_cfg.o(.text), (0 bytes).
    Removing stm32f1xx_hal_gpio_cfg.o(.ARM.exidx.text.GPIO_Init), (8 bytes).
    Removing stm32f1xx_hal_gpio_cfg.o(.bss.RESET_BUTTON_STATE), (1 bytes).
    Removing stm32f1xx_hal_gpio_cfg.o(.bss.OPEN_CLOSE_BUTTON_STATE), (1 bytes).
    Removing stm32f1xx_hal_gpio_cfg.o(.bss.CLOSE_POSITION_SEND_BUTTON_STATE), (1 bytes).
    Removing stm32f1xx_hal_gpio_cfg.o(.bss.SAVE_POSITION_BUTTON_STATE), (1 bytes).
    Removing stm32f1xx_hal_gpio_cfg.o(.bss.JOSTICK_RIGHT_BUTTON_STATE), (1 bytes).
    Removing stm32f1xx_hal_gpio_cfg.o(.bss.JOSTICK_LEFT_BUTTON_STATE), (1 bytes).
    Removing stm32f1xx_hal_gpio_cfg.o(.bss.JOSTICK_DOWN_BUTTON_STATE), (1 bytes).
    Removing stm32f1xx_hal_gpio_cfg.o(.bss.JOSTICK_UP_BUTTON_STATE), (1 bytes).
    Removing stm32f1xx_hal_tim.o(.text), (0 bytes).
    Removing stm32f1xx_hal_tim.o(.ARM.exidx.text.HAL_TIM_Init), (8 bytes).
    Removing stm32f1xx_hal_tim.o(.ARM.exidx.text.__NVIC_EnableIRQ), (8 bytes).
    Removing stm32f1xx_hal_tim.o(.ARM.exidx.text.HAL_TIM_msDelay), (8 bytes).
    Removing stm32f1xx_hal_tim_cfg.o(.text), (0 bytes).
    Removing stm32f1xx_hal_tim_cfg.o(.ARM.exidx.text.TIM_Delay_Init), (8 bytes).
    Removing hal_lcd.o(.text), (0 bytes).
    Removing hal_lcd.o(.ARM.exidx.text.HAL_Lcd_SetBit), (8 bytes).
    Removing hal_lcd.o(.ARM.exidx.text.HAL_Lcd_Cmd), (8 bytes).
    Removing hal_lcd.o(.ARM.exidx.text.HAL_Lcd_Init), (8 bytes).
    Removing hal_lcd.o(.ARM.exidx.text.HAL_Lcd_Print_Char), (8 bytes).
    Removing hal_lcd.o(.ARM.exidx.text.HAL_Lcd_Print_String), (8 bytes).
    Removing hal_lcd.o(.ARM.exidx.text.HAL_Lcd_Clear), (8 bytes).
    Removing hal_lcd.o(.ARM.exidx.text.HAL_Lcd_Set_Cursor), (8 bytes).
    Removing stm32f1xx_hal_exti_cfg.o(.text), (0 bytes).
    Removing stm32f1xx_hal_exti_cfg.o(.ARM.exidx.text.EXTI_Init), (8 bytes).
    Removing stm32f1xx_hal_exti.o(.text), (0 bytes).
    Removing stm32f1xx_hal_exti.o(.ARM.exidx.text.HAL_EXTI_Init), (8 bytes).
    Removing stm32f1xx_hal_exti.o(.ARM.exidx.text.__NVIC_EnableIRQ), (8 bytes).
    Removing stm32f1xx_hal_exti.o(.ARM.exidx.text.HAL_EXTI_ClearPending), (8 bytes).
    Removing system_stm32f10x.o(.text), (0 bytes).
    Removing system_stm32f10x.o(.ARM.exidx.text.SystemInit), (8 bytes).
    Removing system_stm32f10x.o(.ARM.exidx.text.SetSysClock), (8 bytes).
    Removing system_stm32f10x.o(.text.SystemCoreClockUpdate), (110 bytes).
    Removing system_stm32f10x.o(.ARM.exidx.text.SystemCoreClockUpdate), (8 bytes).
    Removing system_stm32f10x.o(.ARM.exidx.text.SetSysClockTo72), (8 bytes).
    Removing system_stm32f10x.o(.data.SystemCoreClock), (4 bytes).
    Removing system_stm32f10x.o(.rodata.AHBPrescTable), (16 bytes).

53 unused section(s) (total 398 bytes) removed from the image.

==============================================================================

Image Symbol Table

    Local Symbols

    Symbol Name                              Value     Ov Type        Size  Object(Section)

    ../clib/angel/boardlib.s                 0x00000000   Number         0  boardinit1.o ABSOLUTE
    ../clib/angel/boardlib.s                 0x00000000   Number         0  boardinit2.o ABSOLUTE
    ../clib/angel/boardlib.s                 0x00000000   Number         0  boardinit3.o ABSOLUTE
    ../clib/angel/boardlib.s                 0x00000000   Number         0  boardshut.o ABSOLUTE
    ../clib/angel/handlers.s                 0x00000000   Number         0  __scatter_zi.o ABSOLUTE
    ../clib/angel/kernel.s                   0x00000000   Number         0  __rtentry.o ABSOLUTE
    ../clib/angel/kernel.s                   0x00000000   Number         0  __rtentry2.o ABSOLUTE
    ../clib/angel/kernel.s                   0x00000000   Number         0  __rtentry4.o ABSOLUTE
    ../clib/angel/kernel.s                   0x00000000   Number         0  rtexit.o ABSOLUTE
    ../clib/angel/kernel.s                   0x00000000   Number         0  rtexit2.o ABSOLUTE
    ../clib/angel/rt.s                       0x00000000   Number         0  rt_raise.o ABSOLUTE
    ../clib/angel/scatter.s                  0x00000000   Number         0  __scatter.o ABSOLUTE
    ../clib/angel/startup.s                  0x00000000   Number         0  __main.o ABSOLUTE
    ../clib/angel/sys.s                      0x00000000   Number         0  sys_stackheap_outer.o ABSOLUTE
    ../clib/angel/sys.s                      0x00000000   Number         0  libspace.o ABSOLUTE
    ../clib/angel/sys.s                      0x00000000   Number         0  use_no_semi.o ABSOLUTE
    ../clib/angel/sys.s                      0x00000000   Number         0  indicate_semi.o ABSOLUTE
    ../clib/angel/sysapp.c                   0x00000000   Number         0  sys_exit.o ABSOLUTE
    ../clib/angel/sysapp.c                   0x00000000   Number         0  sys_exit_hlt.o ABSOLUTE
    ../clib/angel/sysapp.c                   0x00000000   Number         0  sys_command.o ABSOLUTE
    ../clib/angel/sysapp.c                   0x00000000   Number         0  sys_command_hlt.o ABSOLUTE
    ../clib/angel/sysapp.c                   0x00000000   Number         0  sys_wrch.o ABSOLUTE
    ../clib/angel/sysapp.c                   0x00000000   Number         0  sys_wrch_hlt.o ABSOLUTE
    ../clib/armsys.c                         0x00000000   Number         0  argv_veneer.o ABSOLUTE
    ../clib/armsys.c                         0x00000000   Number         0  argv_veneer.o ABSOLUTE
    ../clib/armsys.c                         0x00000000   Number         0  _get_argv_nomalloc.o ABSOLUTE
    ../clib/armsys.c                         0x00000000   Number         0  no_argv.o ABSOLUTE
    ../clib/heapalloc.c                      0x00000000   Number         0  hrguard.o ABSOLUTE
    ../clib/heapaux.c                        0x00000000   Number         0  heapauxi.o ABSOLUTE
    ../clib/libinit.s                        0x00000000   Number         0  libinit.o ABSOLUTE
    ../clib/libinit.s                        0x00000000   Number         0  libinit2.o ABSOLUTE
    ../clib/libinit.s                        0x00000000   Number         0  libshutdown.o ABSOLUTE
    ../clib/libinit.s                        0x00000000   Number         0  libshutdown2.o ABSOLUTE
    ../clib/printf.c                         0x00000000   Number         0  __2sprintf.o ABSOLUTE
    ../clib/printf.c                         0x00000000   Number         0  noretval__2sprintf.o ABSOLUTE
    ../clib/printf.c                         0x00000000   Number         0  __printf.o ABSOLUTE
    ../clib/printf.c                         0x00000000   Number         0  _printf_dec.o ABSOLUTE
    ../clib/printf.c                         0x00000000   Number         0  __printf_flags.o ABSOLUTE
    ../clib/printf.c                         0x00000000   Number         0  __printf_ss.o ABSOLUTE
    ../clib/printf.c                         0x00000000   Number         0  __printf_flags_ss.o ABSOLUTE
    ../clib/printf.c                         0x00000000   Number         0  __printf_wp.o ABSOLUTE
    ../clib/printf.c                         0x00000000   Number         0  __printf_flags_wp.o ABSOLUTE
    ../clib/printf.c                         0x00000000   Number         0  __printf_ss_wp.o ABSOLUTE
    ../clib/printf.c                         0x00000000   Number         0  __printf_flags_ss_wp.o ABSOLUTE
    ../clib/printf.c                         0x00000000   Number         0  _printf_intcommon.o ABSOLUTE
    ../clib/printf.c                         0x00000000   Number         0  _printf_char_common.o ABSOLUTE
    ../clib/printf.c                         0x00000000   Number         0  _sputc.o ABSOLUTE
    ../clib/printf.c                         0x00000000   Number         0  __printf_nopercent.o ABSOLUTE
    ../clib/printf_percent.s                 0x00000000   Number         0  _printf_d.o ABSOLUTE
    ../clib/printf_percent.s                 0x00000000   Number         0  _printf_percent.o ABSOLUTE
    ../clib/printf_percent.s                 0x00000000   Number         0  _printf_percent_end.o ABSOLUTE
    ../clib/signal.c                         0x00000000   Number         0  defsig_rtmem_outer.o ABSOLUTE
    ../clib/signal.c                         0x00000000   Number         0  defsig_rtmem_formal.o ABSOLUTE
    ../clib/signal.c                         0x00000000   Number         0  defsig_exit.o ABSOLUTE
    ../clib/signal.c                         0x00000000   Number         0  defsig_rtmem_inner.o ABSOLUTE
    ../clib/signal.c                         0x00000000   Number         0  __raise.o ABSOLUTE
    ../clib/signal.c                         0x00000000   Number         0  defsig_general.o ABSOLUTE
    ../clib/signal.c                         0x00000000   Number         0  defsig_abrt_inner.o ABSOLUTE
    ../clib/signal.c                         0x00000000   Number         0  defsig_fpe_inner.o ABSOLUTE
    ../clib/signal.c                         0x00000000   Number         0  defsig_rtred_inner.o ABSOLUTE
    ../clib/signal.c                         0x00000000   Number         0  defsig_stak_inner.o ABSOLUTE
    ../clib/signal.c                         0x00000000   Number         0  defsig_pvfn_inner.o ABSOLUTE
    ../clib/signal.c                         0x00000000   Number         0  defsig_cppl_inner.o ABSOLUTE
    ../clib/signal.c                         0x00000000   Number         0  defsig_segv_inner.o ABSOLUTE
    ../clib/signal.c                         0x00000000   Number         0  defsig_other.o ABSOLUTE
    ../clib/signal.s                         0x00000000   Number         0  defsig.o ABSOLUTE
    ../clib/stdlib.c                         0x00000000   Number         0  exit.o ABSOLUTE
    ../fplib/fpinit.s                        0x00000000   Number         0  fpinit.o ABSOLUTE
    ../fplib/fpinit_empty.s                  0x00000000   Number         0  fpinit_empty.o ABSOLUTE
    RTE/Device/STM32F103C8/startup_stm32f10x_md.s 0x00000000   Number         0  startup_stm32f10x_md.o ABSOLUTE
    dc.s                                     0x00000000   Number         0  dc.o ABSOLUTE
    hal_lcd.c                                0x00000000   Number         0  hal_lcd.o ABSOLUTE
    main.c                                   0x00000000   Number         0  main.o ABSOLUTE
    stm32f1xx_hal_exti.c                     0x00000000   Number         0  stm32f1xx_hal_exti.o ABSOLUTE
    stm32f1xx_hal_exti_cfg.c                 0x00000000   Number         0  stm32f1xx_hal_exti_cfg.o ABSOLUTE
    stm32f1xx_hal_gpio.c                     0x00000000   Number         0  stm32f1xx_hal_gpio.o ABSOLUTE
    stm32f1xx_hal_gpio_cfg.c                 0x00000000   Number         0  stm32f1xx_hal_gpio_cfg.o ABSOLUTE
    stm32f1xx_hal_tim.c                      0x00000000   Number         0  stm32f1xx_hal_tim.o ABSOLUTE
    stm32f1xx_hal_tim_cfg.c                  0x00000000   Number         0  stm32f1xx_hal_tim_cfg.o ABSOLUTE
    system_stm32f10x.c                       0x00000000   Number         0  system_stm32f10x.o ABSOLUTE
    RESET                                    0x08000000   Section      236  startup_stm32f10x_md.o(RESET)
    !!!main                                  0x080000ec   Section        8  __main.o(!!!main)
    !!!scatter                               0x080000f4   Section       52  __scatter.o(!!!scatter)
    !!handler_zi                             0x08000128   Section       28  __scatter_zi.o(!!handler_zi)
    .ARM.Collect$$_printf_percent$$00000000  0x08000144   Section        0  _printf_percent.o(.ARM.Collect$$_printf_percent$$00000000)
    .ARM.Collect$$_printf_percent$$00000009  0x08000144   Section        6  _printf_d.o(.ARM.Collect$$_printf_percent$$00000009)
    .ARM.Collect$$_printf_percent$$00000017  0x0800014a   Section        4  _printf_percent_end.o(.ARM.Collect$$_printf_percent$$00000017)
    .ARM.Collect$$libinit$$00000000          0x0800014e   Section        2  libinit.o(.ARM.Collect$$libinit$$00000000)
    .ARM.Collect$$libinit$$00000002          0x08000150   Section        0  libinit2.o(.ARM.Collect$$libinit$$00000002)
    .ARM.Collect$$libinit$$00000004          0x08000150   Section        0  libinit2.o(.ARM.Collect$$libinit$$00000004)
    .ARM.Collect$$libinit$$0000000A          0x08000150   Section        0  libinit2.o(.ARM.Collect$$libinit$$0000000A)
    .ARM.Collect$$libinit$$0000000C          0x08000150   Section        0  libinit2.o(.ARM.Collect$$libinit$$0000000C)
    .ARM.Collect$$libinit$$0000000E          0x08000150   Section        0  libinit2.o(.ARM.Collect$$libinit$$0000000E)
    .ARM.Collect$$libinit$$00000011          0x08000150   Section        0  libinit2.o(.ARM.Collect$$libinit$$00000011)
    .ARM.Collect$$libinit$$00000013          0x08000150   Section        0  libinit2.o(.ARM.Collect$$libinit$$00000013)
    .ARM.Collect$$libinit$$00000015          0x08000150   Section        0  libinit2.o(.ARM.Collect$$libinit$$00000015)
    .ARM.Collect$$libinit$$00000017          0x08000150   Section        0  libinit2.o(.ARM.Collect$$libinit$$00000017)
    .ARM.Collect$$libinit$$00000019          0x08000150   Section        0  libinit2.o(.ARM.Collect$$libinit$$00000019)
    .ARM.Collect$$libinit$$0000001B          0x08000150   Section        0  libinit2.o(.ARM.Collect$$libinit$$0000001B)
    .ARM.Collect$$libinit$$0000001D          0x08000150   Section        0  libinit2.o(.ARM.Collect$$libinit$$0000001D)
    .ARM.Collect$$libinit$$0000001F          0x08000150   Section        0  libinit2.o(.ARM.Collect$$libinit$$0000001F)
    .ARM.Collect$$libinit$$00000021          0x08000150   Section        0  libinit2.o(.ARM.Collect$$libinit$$00000021)
    .ARM.Collect$$libinit$$00000023          0x08000150   Section        0  libinit2.o(.ARM.Collect$$libinit$$00000023)
    .ARM.Collect$$libinit$$00000025          0x08000150   Section        0  libinit2.o(.ARM.Collect$$libinit$$00000025)
    .ARM.Collect$$libinit$$0000002C          0x08000150   Section        0  libinit2.o(.ARM.Collect$$libinit$$0000002C)
    .ARM.Collect$$libinit$$0000002E          0x08000150   Section        0  libinit2.o(.ARM.Collect$$libinit$$0000002E)
    .ARM.Collect$$libinit$$00000030          0x08000150   Section        0  libinit2.o(.ARM.Collect$$libinit$$00000030)
    .ARM.Collect$$libinit$$00000032          0x08000150   Section        0  libinit2.o(.ARM.Collect$$libinit$$00000032)
    .ARM.Collect$$libinit$$00000033          0x08000150   Section        2  libinit2.o(.ARM.Collect$$libinit$$00000033)
    .ARM.Collect$$libshutdown$$00000000      0x08000152   Section        2  libshutdown.o(.ARM.Collect$$libshutdown$$00000000)
    .ARM.Collect$$libshutdown$$00000002      0x08000154   Section        0  libshutdown2.o(.ARM.Collect$$libshutdown$$00000002)
    .ARM.Collect$$libshutdown$$00000004      0x08000154   Section        0  libshutdown2.o(.ARM.Collect$$libshutdown$$00000004)
    .ARM.Collect$$libshutdown$$00000007      0x08000154   Section        0  libshutdown2.o(.ARM.Collect$$libshutdown$$00000007)
    .ARM.Collect$$libshutdown$$0000000A      0x08000154   Section        0  libshutdown2.o(.ARM.Collect$$libshutdown$$0000000A)
    .ARM.Collect$$libshutdown$$0000000C      0x08000154   Section        0  libshutdown2.o(.ARM.Collect$$libshutdown$$0000000C)
    .ARM.Collect$$libshutdown$$0000000F      0x08000154   Section        0  libshutdown2.o(.ARM.Collect$$libshutdown$$0000000F)
    .ARM.Collect$$libshutdown$$00000010      0x08000154   Section        2  libshutdown2.o(.ARM.Collect$$libshutdown$$00000010)
    .ARM.Collect$$rtentry$$00000000          0x08000156   Section        0  __rtentry.o(.ARM.Collect$$rtentry$$00000000)
    .ARM.Collect$$rtentry$$00000002          0x08000156   Section        0  __rtentry2.o(.ARM.Collect$$rtentry$$00000002)
    .ARM.Collect$$rtentry$$00000004          0x08000156   Section        6  __rtentry4.o(.ARM.Collect$$rtentry$$00000004)
    .ARM.Collect$$rtentry$$00000009          0x0800015c   Section        0  __rtentry2.o(.ARM.Collect$$rtentry$$00000009)
    .ARM.Collect$$rtentry$$0000000A          0x0800015c   Section        4  __rtentry2.o(.ARM.Collect$$rtentry$$0000000A)
    .ARM.Collect$$rtentry$$0000000C          0x08000160   Section        0  __rtentry2.o(.ARM.Collect$$rtentry$$0000000C)
    .ARM.Collect$$rtentry$$0000000D          0x08000160   Section        8  __rtentry2.o(.ARM.Collect$$rtentry$$0000000D)
    .ARM.Collect$$rtexit$$00000000           0x08000168   Section        2  rtexit.o(.ARM.Collect$$rtexit$$00000000)
    .ARM.Collect$$rtexit$$00000002           0x0800016a   Section        0  rtexit2.o(.ARM.Collect$$rtexit$$00000002)
    .ARM.Collect$$rtexit$$00000003           0x0800016a   Section        4  rtexit2.o(.ARM.Collect$$rtexit$$00000003)
    .ARM.Collect$$rtexit$$00000004           0x0800016e   Section        6  rtexit2.o(.ARM.Collect$$rtexit$$00000004)
    .text                                    0x08000174   Section       64  startup_stm32f10x_md.o(.text)
    .text                                    0x080001b4   Section        0  noretval__2sprintf.o(.text)
    .text                                    0x080001dc   Section        0  __printf.o(.text)
    .text                                    0x08000244   Section        0  _printf_dec.o(.text)
    .text                                    0x080002bc   Section        0  heapauxi.o(.text)
    .text                                    0x080002c2   Section        0  _printf_intcommon.o(.text)
    _printf_input_char                       0x08000375   Thumb Code    10  _printf_char_common.o(.text)
    .text                                    0x08000374   Section        0  _printf_char_common.o(.text)
    .text                                    0x080003a4   Section        0  _sputc.o(.text)
    .text                                    0x080003ae   Section       74  sys_stackheap_outer.o(.text)
    .text                                    0x080003f8   Section        0  exit.o(.text)
    .text                                    0x0800040c   Section        8  libspace.o(.text)
    .text                                    0x08000414   Section        0  sys_exit.o(.text)
    .text                                    0x08000420   Section        2  use_no_semi.o(.text)
    .text                                    0x08000422   Section        0  indicate_semi.o(.text)
    [Anonymous Symbol]                       0x08000424   Section        0  main.o(.text.EXTI0_IRQHandler)
    [Anonymous Symbol]                       0x0800048c   Section        0  main.o(.text.EXTI1_IRQHandler)
    [Anonymous Symbol]                       0x080004f4   Section        0  main.o(.text.EXTI2_IRQHandler)
    [Anonymous Symbol]                       0x08000534   Section        0  main.o(.text.EXTI3_IRQHandler)
    [Anonymous Symbol]                       0x08000574   Section        0  main.o(.text.EXTI4_IRQHandler)
    [Anonymous Symbol]                       0x080005b4   Section        0  main.o(.text.EXTI9_5_IRQHandler)
    [Anonymous Symbol]                       0x08000694   Section        0  stm32f1xx_hal_exti_cfg.o(.text.EXTI_Init)
    [Anonymous Symbol]                       0x08000738   Section        0  stm32f1xx_hal_gpio_cfg.o(.text.GPIO_Init)
    [Anonymous Symbol]                       0x080009c8   Section        0  stm32f1xx_hal_exti.o(.text.HAL_EXTI_ClearPending)
    [Anonymous Symbol]                       0x080009dc   Section        0  stm32f1xx_hal_exti.o(.text.HAL_EXTI_Init)
    [Anonymous Symbol]                       0x08000b34   Section        0  stm32f1xx_hal_gpio.o(.text.HAL_GPIO_Pin_Init)
    [Anonymous Symbol]                       0x08000cf4   Section        0  stm32f1xx_hal_gpio.o(.text.HAL_GPIO_Pin_Read)
    [Anonymous Symbol]                       0x08000d54   Section        0  stm32f1xx_hal_gpio.o(.text.HAL_GPIO_Pin_Toggle)
    [Anonymous Symbol]                       0x08000d6c   Section        0  stm32f1xx_hal_gpio.o(.text.HAL_GPIO_Pin_Write)
    [Anonymous Symbol]                       0x08000e64   Section        0  hal_lcd.o(.text.HAL_Lcd_Clear)
    [Anonymous Symbol]                       0x08000e8c   Section        0  hal_lcd.o(.text.HAL_Lcd_Cmd)
    [Anonymous Symbol]                       0x08000efc   Section        0  hal_lcd.o(.text.HAL_Lcd_Init)
    [Anonymous Symbol]                       0x08000f40   Section        0  hal_lcd.o(.text.HAL_Lcd_Print_Char)
    [Anonymous Symbol]                       0x08000fb0   Section        0  hal_lcd.o(.text.HAL_Lcd_Print_String)
    [Anonymous Symbol]                       0x08000fcc   Section        0  hal_lcd.o(.text.HAL_Lcd_SetBit)
    [Anonymous Symbol]                       0x08001014   Section        0  hal_lcd.o(.text.HAL_Lcd_Set_Cursor)
    [Anonymous Symbol]                       0x08001034   Section        0  stm32f1xx_hal_tim.o(.text.HAL_TIM_Init)
    [Anonymous Symbol]                       0x08001184   Section        0  stm32f1xx_hal_tim.o(.text.HAL_TIM_msDelay)
    [Anonymous Symbol]                       0x08001230   Section        0  main.o(.text.Init_Handheld)
    SetSysClock                              0x08001281   Thumb Code     8  system_stm32f10x.o(.text.SetSysClock)
    [Anonymous Symbol]                       0x08001280   Section        0  system_stm32f10x.o(.text.SetSysClock)
    SetSysClockTo72                          0x08001289   Thumb Code   190  system_stm32f10x.o(.text.SetSysClockTo72)
    [Anonymous Symbol]                       0x08001288   Section        0  system_stm32f10x.o(.text.SetSysClockTo72)
    [Anonymous Symbol]                       0x08001348   Section        0  system_stm32f10x.o(.text.SystemInit)
    [Anonymous Symbol]                       0x080013a0   Section        0  stm32f1xx_hal_tim_cfg.o(.text.TIM_Delay_Init)
    __NVIC_EnableIRQ                         0x080013c1   Thumb Code    22  stm32f1xx_hal_tim.o(.text.__NVIC_EnableIRQ)
    [Anonymous Symbol]                       0x080013c0   Section        0  stm32f1xx_hal_tim.o(.text.__NVIC_EnableIRQ)
    __NVIC_EnableIRQ                         0x080013d9   Thumb Code    32  stm32f1xx_hal_exti.o(.text.__NVIC_EnableIRQ)
    [Anonymous Symbol]                       0x080013d8   Section        0  stm32f1xx_hal_exti.o(.text.__NVIC_EnableIRQ)
    [Anonymous Symbol]                       0x080013f8   Section        0  main.o(.text.main)
    .L.str.2                                 0x080014fa   Data          10  main.o(.rodata.str1.1)
    [Anonymous Symbol]                       0x080014fa   Section        0  main.o(.rodata.str1.1)
    .bss                                     0x20000000   Section       96  libspace.o(.bss)
    cRow1                                    0x20000060   Data          16  main.o(.bss.cRow1)
    [Anonymous Symbol]                       0x20000060   Section        0  main.o(.bss.cRow1)
    iMotorNumber                             0x20000070   Data           4  main.o(.bss.iMotorNumber)
    [Anonymous Symbol]                       0x20000070   Section        0  main.o(.bss.iMotorNumber)
    Heap_Mem                                 0x20000360   Data         512  startup_stm32f10x_md.o(HEAP)
    HEAP                                     0x20000360   Section      512  startup_stm32f10x_md.o(HEAP)
    Stack_Mem                                0x20000560   Data        1024  startup_stm32f10x_md.o(STACK)
    STACK                                    0x20000560   Section     1024  startup_stm32f10x_md.o(STACK)
    __initial_sp                             0x20000960   Data           0  startup_stm32f10x_md.o(STACK)

    Global Symbols

    Symbol Name                              Value     Ov Type        Size  Object(Section)

    BuildAttributes$$THM_ISAv4$P$D$K$B$S$PE$A:L22UL41UL21$X:L11$S22US41US21$IEEE1$IW$~IW$USESV6$~STKCKD$USESV7$~SHL$OTIME$ROPI$EBA8$UX$STANDARDLIB$REQ8$PRES8$EABIv2 0x00000000   Number         0  anon$$obj.o ABSOLUTE
    __fp_init_empty                          0x00000000   Number         0  fpinit_empty.o ABSOLUTE
    __ARM_exceptions_init                     - Undefined Weak Reference
    __alloca_initialize                       - Undefined Weak Reference
    __arm_preinit_                            - Undefined Weak Reference
    __cpp_initialize__aeabi_                  - Undefined Weak Reference
    __cxa_finalize                            - Undefined Weak Reference
    __rt_locale                               - Undefined Weak Reference
    __sigvec_lookup                           - Undefined Weak Reference
    _atexit_init                              - Undefined Weak Reference
    _call_atexit_fns                          - Undefined Weak Reference
    _clock_init                               - Undefined Weak Reference
    _fp_trap_init                             - Undefined Weak Reference
    _fp_trap_shutdown                         - Undefined Weak Reference
    _get_lc_collate                           - Undefined Weak Reference
    _get_lc_ctype                             - Undefined Weak Reference
    _get_lc_monetary                          - Undefined Weak Reference
    _get_lc_numeric                           - Undefined Weak Reference
    _get_lc_time                              - Undefined Weak Reference
    _getenv_init                              - Undefined Weak Reference
    _handle_redirection                       - Undefined Weak Reference
    _init_alloc                               - Undefined Weak Reference
    _init_user_alloc                          - Undefined Weak Reference
    _initio                                   - Undefined Weak Reference
    _printf_post_padding                      - Undefined Weak Reference
    _printf_pre_padding                       - Undefined Weak Reference
    _printf_truncate_signed                   - Undefined Weak Reference
    _printf_truncate_unsigned                 - Undefined Weak Reference
    _rand_init                                - Undefined Weak Reference
    _signal_finish                            - Undefined Weak Reference
    _signal_init                              - Undefined Weak Reference
    _terminate_alloc                          - Undefined Weak Reference
    _terminate_user_alloc                     - Undefined Weak Reference
    _terminateio                              - Undefined Weak Reference
    __Vectors_Size                           0x000000ec   Number         0  startup_stm32f10x_md.o ABSOLUTE
    __Vectors                                0x08000000   Data           4  startup_stm32f10x_md.o(RESET)
    __Vectors_End                            0x080000ec   Data           0  startup_stm32f10x_md.o(RESET)
    __main                                   0x080000ed   Thumb Code     8  __main.o(!!!main)
    __scatterload                            0x080000f5   Thumb Code     0  __scatter.o(!!!scatter)
    __scatterload_rt2                        0x080000f5   Thumb Code    44  __scatter.o(!!!scatter)
    __scatterload_rt2_thumb_only             0x080000f5   Thumb Code     0  __scatter.o(!!!scatter)
    __scatterload_null                       0x08000103   Thumb Code     0  __scatter.o(!!!scatter)
    __scatterload_zeroinit                   0x08000129   Thumb Code    28  __scatter_zi.o(!!handler_zi)
    _printf_d                                0x08000145   Thumb Code     0  _printf_d.o(.ARM.Collect$$_printf_percent$$00000009)
    _printf_percent                          0x08000145   Thumb Code     0  _printf_percent.o(.ARM.Collect$$_printf_percent$$00000000)
    _printf_percent_end                      0x0800014b   Thumb Code     0  _printf_percent_end.o(.ARM.Collect$$_printf_percent$$00000017)
    __rt_lib_init                            0x0800014f   Thumb Code     0  libinit.o(.ARM.Collect$$libinit$$00000000)
    __rt_lib_init_alloca_1                   0x08000151   Thumb Code     0  libinit2.o(.ARM.Collect$$libinit$$0000002E)
    __rt_lib_init_argv_1                     0x08000151   Thumb Code     0  libinit2.o(.ARM.Collect$$libinit$$0000002C)
    __rt_lib_init_atexit_1                   0x08000151   Thumb Code     0  libinit2.o(.ARM.Collect$$libinit$$0000001B)
    __rt_lib_init_clock_1                    0x08000151   Thumb Code     0  libinit2.o(.ARM.Collect$$libinit$$00000021)
    __rt_lib_init_cpp_1                      0x08000151   Thumb Code     0  libinit2.o(.ARM.Collect$$libinit$$00000032)
    __rt_lib_init_exceptions_1               0x08000151   Thumb Code     0  libinit2.o(.ARM.Collect$$libinit$$00000030)
    __rt_lib_init_fp_1                       0x08000151   Thumb Code     0  libinit2.o(.ARM.Collect$$libinit$$00000002)
    __rt_lib_init_fp_trap_1                  0x08000151   Thumb Code     0  libinit2.o(.ARM.Collect$$libinit$$0000001F)
    __rt_lib_init_getenv_1                   0x08000151   Thumb Code     0  libinit2.o(.ARM.Collect$$libinit$$00000023)
    __rt_lib_init_heap_1                     0x08000151   Thumb Code     0  libinit2.o(.ARM.Collect$$libinit$$0000000A)
    __rt_lib_init_lc_collate_1               0x08000151   Thumb Code     0  libinit2.o(.ARM.Collect$$libinit$$00000011)
    __rt_lib_init_lc_ctype_1                 0x08000151   Thumb Code     0  libinit2.o(.ARM.Collect$$libinit$$00000013)
    __rt_lib_init_lc_monetary_1              0x08000151   Thumb Code     0  libinit2.o(.ARM.Collect$$libinit$$00000015)
    __rt_lib_init_lc_numeric_1               0x08000151   Thumb Code     0  libinit2.o(.ARM.Collect$$libinit$$00000017)
    __rt_lib_init_lc_time_1                  0x08000151   Thumb Code     0  libinit2.o(.ARM.Collect$$libinit$$00000019)
    __rt_lib_init_preinit_1                  0x08000151   Thumb Code     0  libinit2.o(.ARM.Collect$$libinit$$00000004)
    __rt_lib_init_rand_1                     0x08000151   Thumb Code     0  libinit2.o(.ARM.Collect$$libinit$$0000000E)
    __rt_lib_init_return                     0x08000151   Thumb Code     0  libinit2.o(.ARM.Collect$$libinit$$00000033)
    __rt_lib_init_signal_1                   0x08000151   Thumb Code     0  libinit2.o(.ARM.Collect$$libinit$$0000001D)
    __rt_lib_init_stdio_1                    0x08000151   Thumb Code     0  libinit2.o(.ARM.Collect$$libinit$$00000025)
    __rt_lib_init_user_alloc_1               0x08000151   Thumb Code     0  libinit2.o(.ARM.Collect$$libinit$$0000000C)
    __rt_lib_shutdown                        0x08000153   Thumb Code     0  libshutdown.o(.ARM.Collect$$libshutdown$$00000000)
    __rt_lib_shutdown_cpp_1                  0x08000155   Thumb Code     0  libshutdown2.o(.ARM.Collect$$libshutdown$$00000002)
    __rt_lib_shutdown_fp_trap_1              0x08000155   Thumb Code     0  libshutdown2.o(.ARM.Collect$$libshutdown$$00000007)
    __rt_lib_shutdown_heap_1                 0x08000155   Thumb Code     0  libshutdown2.o(.ARM.Collect$$libshutdown$$0000000F)
    __rt_lib_shutdown_return                 0x08000155   Thumb Code     0  libshutdown2.o(.ARM.Collect$$libshutdown$$00000010)
    __rt_lib_shutdown_signal_1               0x08000155   Thumb Code     0  libshutdown2.o(.ARM.Collect$$libshutdown$$0000000A)
    __rt_lib_shutdown_stdio_1                0x08000155   Thumb Code     0  libshutdown2.o(.ARM.Collect$$libshutdown$$00000004)
    __rt_lib_shutdown_user_alloc_1           0x08000155   Thumb Code     0  libshutdown2.o(.ARM.Collect$$libshutdown$$0000000C)
    __rt_entry                               0x08000157   Thumb Code     0  __rtentry.o(.ARM.Collect$$rtentry$$00000000)
    __rt_entry_presh_1                       0x08000157   Thumb Code     0  __rtentry2.o(.ARM.Collect$$rtentry$$00000002)
    __rt_entry_sh                            0x08000157   Thumb Code     0  __rtentry4.o(.ARM.Collect$$rtentry$$00000004)
    __rt_entry_li                            0x0800015d   Thumb Code     0  __rtentry2.o(.ARM.Collect$$rtentry$$0000000A)
    __rt_entry_postsh_1                      0x0800015d   Thumb Code     0  __rtentry2.o(.ARM.Collect$$rtentry$$00000009)
    __rt_entry_main                          0x08000161   Thumb Code     0  __rtentry2.o(.ARM.Collect$$rtentry$$0000000D)
    __rt_entry_postli_1                      0x08000161   Thumb Code     0  __rtentry2.o(.ARM.Collect$$rtentry$$0000000C)
    __rt_exit                                0x08000169   Thumb Code     0  rtexit.o(.ARM.Collect$$rtexit$$00000000)
    __rt_exit_ls                             0x0800016b   Thumb Code     0  rtexit2.o(.ARM.Collect$$rtexit$$00000003)
    __rt_exit_prels_1                        0x0800016b   Thumb Code     0  rtexit2.o(.ARM.Collect$$rtexit$$00000002)
    __rt_exit_exit                           0x0800016f   Thumb Code     0  rtexit2.o(.ARM.Collect$$rtexit$$00000004)
    Reset_Handler                            0x08000175   Thumb Code     8  startup_stm32f10x_md.o(.text)
    NMI_Handler                              0x0800017d   Thumb Code     2  startup_stm32f10x_md.o(.text)
    HardFault_Handler                        0x0800017f   Thumb Code     2  startup_stm32f10x_md.o(.text)
    MemManage_Handler                        0x08000181   Thumb Code     2  startup_stm32f10x_md.o(.text)
    BusFault_Handler                         0x08000183   Thumb Code     2  startup_stm32f10x_md.o(.text)
    UsageFault_Handler                       0x08000185   Thumb Code     2  startup_stm32f10x_md.o(.text)
    SVC_Handler                              0x08000187   Thumb Code     2  startup_stm32f10x_md.o(.text)
    DebugMon_Handler                         0x08000189   Thumb Code     2  startup_stm32f10x_md.o(.text)
    PendSV_Handler                           0x0800018b   Thumb Code     2  startup_stm32f10x_md.o(.text)
    SysTick_Handler                          0x0800018d   Thumb Code     2  startup_stm32f10x_md.o(.text)
    ADC1_2_IRQHandler                        0x0800018f   Thumb Code     0  startup_stm32f10x_md.o(.text)
    CAN1_RX1_IRQHandler                      0x0800018f   Thumb Code     0  startup_stm32f10x_md.o(.text)
    CAN1_SCE_IRQHandler                      0x0800018f   Thumb Code     0  startup_stm32f10x_md.o(.text)
    DMA1_Channel1_IRQHandler                 0x0800018f   Thumb Code     0  startup_stm32f10x_md.o(.text)
    DMA1_Channel2_IRQHandler                 0x0800018f   Thumb Code     0  startup_stm32f10x_md.o(.text)
    DMA1_Channel3_IRQHandler                 0x0800018f   Thumb Code     0  startup_stm32f10x_md.o(.text)
    DMA1_Channel4_IRQHandler                 0x0800018f   Thumb Code     0  startup_stm32f10x_md.o(.text)
    DMA1_Channel5_IRQHandler                 0x0800018f   Thumb Code     0  startup_stm32f10x_md.o(.text)
    DMA1_Channel6_IRQHandler                 0x0800018f   Thumb Code     0  startup_stm32f10x_md.o(.text)
    DMA1_Channel7_IRQHandler                 0x0800018f   Thumb Code     0  startup_stm32f10x_md.o(.text)
    EXTI15_10_IRQHandler                     0x0800018f   Thumb Code     0  startup_stm32f10x_md.o(.text)
    FLASH_IRQHandler                         0x0800018f   Thumb Code     0  startup_stm32f10x_md.o(.text)
    I2C1_ER_IRQHandler                       0x0800018f   Thumb Code     0  startup_stm32f10x_md.o(.text)
    I2C1_EV_IRQHandler                       0x0800018f   Thumb Code     0  startup_stm32f10x_md.o(.text)
    I2C2_ER_IRQHandler                       0x0800018f   Thumb Code     0  startup_stm32f10x_md.o(.text)
    I2C2_EV_IRQHandler                       0x0800018f   Thumb Code     0  startup_stm32f10x_md.o(.text)
    PVD_IRQHandler                           0x0800018f   Thumb Code     0  startup_stm32f10x_md.o(.text)
    RCC_IRQHandler                           0x0800018f   Thumb Code     0  startup_stm32f10x_md.o(.text)
    RTCAlarm_IRQHandler                      0x0800018f   Thumb Code     0  startup_stm32f10x_md.o(.text)
    RTC_IRQHandler                           0x0800018f   Thumb Code     0  startup_stm32f10x_md.o(.text)
    SPI1_IRQHandler                          0x0800018f   Thumb Code     0  startup_stm32f10x_md.o(.text)
    SPI2_IRQHandler                          0x0800018f   Thumb Code     0  startup_stm32f10x_md.o(.text)
    TAMPER_IRQHandler                        0x0800018f   Thumb Code     0  startup_stm32f10x_md.o(.text)
    TIM1_BRK_IRQHandler                      0x0800018f   Thumb Code     0  startup_stm32f10x_md.o(.text)
    TIM1_CC_IRQHandler                       0x0800018f   Thumb Code     0  startup_stm32f10x_md.o(.text)
    TIM1_TRG_COM_IRQHandler                  0x0800018f   Thumb Code     0  startup_stm32f10x_md.o(.text)
    TIM1_UP_IRQHandler                       0x0800018f   Thumb Code     0  startup_stm32f10x_md.o(.text)
    TIM2_IRQHandler                          0x0800018f   Thumb Code     0  startup_stm32f10x_md.o(.text)
    TIM3_IRQHandler                          0x0800018f   Thumb Code     0  startup_stm32f10x_md.o(.text)
    TIM4_IRQHandler                          0x0800018f   Thumb Code     0  startup_stm32f10x_md.o(.text)
    USART1_IRQHandler                        0x0800018f   Thumb Code     0  startup_stm32f10x_md.o(.text)
    USART2_IRQHandler                        0x0800018f   Thumb Code     0  startup_stm32f10x_md.o(.text)
    USART3_IRQHandler                        0x0800018f   Thumb Code     0  startup_stm32f10x_md.o(.text)
    USBWakeUp_IRQHandler                     0x0800018f   Thumb Code     0  startup_stm32f10x_md.o(.text)
    USB_HP_CAN1_TX_IRQHandler                0x0800018f   Thumb Code     0  startup_stm32f10x_md.o(.text)
    USB_LP_CAN1_RX0_IRQHandler               0x0800018f   Thumb Code     0  startup_stm32f10x_md.o(.text)
    WWDG_IRQHandler                          0x0800018f   Thumb Code     0  startup_stm32f10x_md.o(.text)
    __user_initial_stackheap                 0x08000191   Thumb Code     0  startup_stm32f10x_md.o(.text)
    __2sprintf                               0x080001b5   Thumb Code    34  noretval__2sprintf.o(.text)
    __printf                                 0x080001dd   Thumb Code   104  __printf.o(.text)
    _printf_int_dec                          0x08000245   Thumb Code   104  _printf_dec.o(.text)
    __use_two_region_memory                  0x080002bd   Thumb Code     2  heapauxi.o(.text)
    __rt_heap_escrow$2region                 0x080002bf   Thumb Code     2  heapauxi.o(.text)
    __rt_heap_expand$2region                 0x080002c1   Thumb Code     2  heapauxi.o(.text)
    _printf_int_common                       0x080002c3   Thumb Code   178  _printf_intcommon.o(.text)
    _printf_char_common                      0x0800037f   Thumb Code    32  _printf_char_common.o(.text)
    _sputc                                   0x080003a5   Thumb Code    10  _sputc.o(.text)
    __user_setup_stackheap                   0x080003af   Thumb Code    74  sys_stackheap_outer.o(.text)
    exit                                     0x080003f9   Thumb Code    18  exit.o(.text)
    __user_libspace                          0x0800040d   Thumb Code     8  libspace.o(.text)
    __user_perproc_libspace                  0x0800040d   Thumb Code     0  libspace.o(.text)
    __user_perthread_libspace                0x0800040d   Thumb Code     0  libspace.o(.text)
    _sys_exit                                0x08000415   Thumb Code     8  sys_exit.o(.text)
    __I$use$semihosting                      0x08000421   Thumb Code     0  use_no_semi.o(.text)
    __use_no_semihosting_swi                 0x08000421   Thumb Code     2  use_no_semi.o(.text)
    __semihosting_library_function           0x08000423   Thumb Code     0  indicate_semi.o(.text)
    EXTI0_IRQHandler                         0x08000425   Thumb Code   104  main.o(.text.EXTI0_IRQHandler)
    EXTI1_IRQHandler                         0x0800048d   Thumb Code   104  main.o(.text.EXTI1_IRQHandler)
    EXTI2_IRQHandler                         0x080004f5   Thumb Code    62  main.o(.text.EXTI2_IRQHandler)
    EXTI3_IRQHandler                         0x08000535   Thumb Code    62  main.o(.text.EXTI3_IRQHandler)
    EXTI4_IRQHandler                         0x08000575   Thumb Code    62  main.o(.text.EXTI4_IRQHandler)
    EXTI9_5_IRQHandler                       0x080005b5   Thumb Code   224  main.o(.text.EXTI9_5_IRQHandler)
    EXTI_Init                                0x08000695   Thumb Code   164  stm32f1xx_hal_exti_cfg.o(.text.EXTI_Init)
    GPIO_Init                                0x08000739   Thumb Code   656  stm32f1xx_hal_gpio_cfg.o(.text.GPIO_Init)
    HAL_EXTI_ClearPending                    0x080009c9   Thumb Code    20  stm32f1xx_hal_exti.o(.text.HAL_EXTI_ClearPending)
    HAL_EXTI_Init                            0x080009dd   Thumb Code   344  stm32f1xx_hal_exti.o(.text.HAL_EXTI_Init)
    HAL_GPIO_Pin_Init                        0x08000b35   Thumb Code   448  stm32f1xx_hal_gpio.o(.text.HAL_GPIO_Pin_Init)
    HAL_GPIO_Pin_Read                        0x08000cf5   Thumb Code    96  stm32f1xx_hal_gpio.o(.text.HAL_GPIO_Pin_Read)
    HAL_GPIO_Pin_Toggle                      0x08000d55   Thumb Code    24  stm32f1xx_hal_gpio.o(.text.HAL_GPIO_Pin_Toggle)
    HAL_GPIO_Pin_Write                       0x08000d6d   Thumb Code   246  stm32f1xx_hal_gpio.o(.text.HAL_GPIO_Pin_Write)
    HAL_Lcd_Clear                            0x08000e65   Thumb Code    40  hal_lcd.o(.text.HAL_Lcd_Clear)
    HAL_Lcd_Cmd                              0x08000e8d   Thumb Code   112  hal_lcd.o(.text.HAL_Lcd_Cmd)
    HAL_Lcd_Init                             0x08000efd   Thumb Code    68  hal_lcd.o(.text.HAL_Lcd_Init)
    HAL_Lcd_Print_Char                       0x08000f41   Thumb Code   112  hal_lcd.o(.text.HAL_Lcd_Print_Char)
    HAL_Lcd_Print_String                     0x08000fb1   Thumb Code    28  hal_lcd.o(.text.HAL_Lcd_Print_String)
    HAL_Lcd_SetBit                           0x08000fcd   Thumb Code    70  hal_lcd.o(.text.HAL_Lcd_SetBit)
    HAL_Lcd_Set_Cursor                       0x08001015   Thumb Code    32  hal_lcd.o(.text.HAL_Lcd_Set_Cursor)
    HAL_TIM_Init                             0x08001035   Thumb Code   336  stm32f1xx_hal_tim.o(.text.HAL_TIM_Init)
    HAL_TIM_msDelay                          0x08001185   Thumb Code   170  stm32f1xx_hal_tim.o(.text.HAL_TIM_msDelay)
    Init_Handheld                            0x08001231   Thumb Code    80  main.o(.text.Init_Handheld)
    SystemInit                               0x08001349   Thumb Code    86  system_stm32f10x.o(.text.SystemInit)
    TIM_Delay_Init                           0x080013a1   Thumb Code    30  stm32f1xx_hal_tim_cfg.o(.text.TIM_Delay_Init)
    main                                     0x080013f9   Thumb Code   258  main.o(.text.main)
    Region$$Table$$Base                      0x08001504   Number         0  anon$$obj.o(Region$$Table)
    Region$$Table$$Limit                     0x08001514   Number         0  anon$$obj.o(Region$$Table)
    __libspace_start                         0x20000000   Data          96  libspace.o(.bss)
    __temporary_stack_top$libspace           0x20000060   Data           0  libspace.o(.bss)
    sCLOSE_POSITION_SEND_BUTTON              0x20000074   Data          17  stm32f1xx_hal_gpio_cfg.o(.bss.sCLOSE_POSITION_SEND_BUTTON)
    sD0                                      0x20000088   Data          17  stm32f1xx_hal_gpio_cfg.o(.bss.sD0)
    sD1                                      0x2000009c   Data          17  stm32f1xx_hal_gpio_cfg.o(.bss.sD1)
    sD2                                      0x200000b0   Data          17  stm32f1xx_hal_gpio_cfg.o(.bss.sD2)
    sD3                                      0x200000c4   Data          17  stm32f1xx_hal_gpio_cfg.o(.bss.sD3)
    sE                                       0x200000d8   Data          17  stm32f1xx_hal_gpio_cfg.o(.bss.sE)
    sEXTI_PA0                                0x200000ec   Data          16  stm32f1xx_hal_exti_cfg.o(.bss.sEXTI_PA0)
    sEXTI_PA1                                0x200000fc   Data          16  stm32f1xx_hal_exti_cfg.o(.bss.sEXTI_PA1)
    sEXTI_PA2                                0x2000010c   Data          16  stm32f1xx_hal_exti_cfg.o(.bss.sEXTI_PA2)
    sEXTI_PA3                                0x2000011c   Data          16  stm32f1xx_hal_exti_cfg.o(.bss.sEXTI_PA3)
    sEXTI_PA4                                0x2000012c   Data          16  stm32f1xx_hal_exti_cfg.o(.bss.sEXTI_PA4)
    sEXTI_PA5                                0x2000013c   Data          16  stm32f1xx_hal_exti_cfg.o(.bss.sEXTI_PA5)
    sEXTI_PA6                                0x2000014c   Data          16  stm32f1xx_hal_exti_cfg.o(.bss.sEXTI_PA6)
    sEXTI_PA7                                0x2000015c   Data          16  stm32f1xx_hal_exti_cfg.o(.bss.sEXTI_PA7)
    sJOSTICK_DOWN_BUTTON                     0x2000016c   Data          17  stm32f1xx_hal_gpio_cfg.o(.bss.sJOSTICK_DOWN_BUTTON)
    sJOSTICK_LEFT_BUTTON                     0x20000180   Data          17  stm32f1xx_hal_gpio_cfg.o(.bss.sJOSTICK_LEFT_BUTTON)
    sJOSTICK_RIGHT_BUTTON                    0x20000194   Data          17  stm32f1xx_hal_gpio_cfg.o(.bss.sJOSTICK_RIGHT_BUTTON)
    sJOSTICK_UP_BUTTON                       0x200001a8   Data          17  stm32f1xx_hal_gpio_cfg.o(.bss.sJOSTICK_UP_BUTTON)
    sOPEN_CLOSE_BUTTON                       0x200001bc   Data          17  stm32f1xx_hal_gpio_cfg.o(.bss.sOPEN_CLOSE_BUTTON)
    sOPEN_CLOSE_LED                          0x200001d0   Data          17  stm32f1xx_hal_gpio_cfg.o(.bss.sOPEN_CLOSE_LED)
    sPA10                                    0x200001e4   Data          17  stm32f1xx_hal_gpio_cfg.o(.bss.sPA10)
    sPA11                                    0x200001f8   Data          17  stm32f1xx_hal_gpio_cfg.o(.bss.sPA11)
    sPA12                                    0x2000020c   Data          17  stm32f1xx_hal_gpio_cfg.o(.bss.sPA12)
    sPA15                                    0x20000220   Data          17  stm32f1xx_hal_gpio_cfg.o(.bss.sPA15)
    sPA8                                     0x20000234   Data          17  stm32f1xx_hal_gpio_cfg.o(.bss.sPA8)
    sPA9                                     0x20000248   Data          17  stm32f1xx_hal_gpio_cfg.o(.bss.sPA9)
    sPB12                                    0x2000025c   Data          17  stm32f1xx_hal_gpio_cfg.o(.bss.sPB12)
    sPB9                                     0x20000270   Data          17  stm32f1xx_hal_gpio_cfg.o(.bss.sPB9)
    sPC13                                    0x20000284   Data          17  stm32f1xx_hal_gpio_cfg.o(.bss.sPC13)
    sPC14                                    0x20000298   Data          17  stm32f1xx_hal_gpio_cfg.o(.bss.sPC14)
    sPC15                                    0x200002ac   Data          17  stm32f1xx_hal_gpio_cfg.o(.bss.sPC15)
    sRESET_BUTTON                            0x200002c0   Data          17  stm32f1xx_hal_gpio_cfg.o(.bss.sRESET_BUTTON)
    sRESET_LED                               0x200002d4   Data          17  stm32f1xx_hal_gpio_cfg.o(.bss.sRESET_LED)
    sRS                                      0x200002e8   Data          17  stm32f1xx_hal_gpio_cfg.o(.bss.sRS)
    sRW                                      0x200002fc   Data          17  stm32f1xx_hal_gpio_cfg.o(.bss.sRW)
    sSAVE_POSITION_BUTTON                    0x20000310   Data          17  stm32f1xx_hal_gpio_cfg.o(.bss.sSAVE_POSITION_BUTTON)
    sSAVE_POSITION_LED                       0x20000324   Data          17  stm32f1xx_hal_gpio_cfg.o(.bss.sSAVE_POSITION_LED)
    sSTATE_LED                               0x20000338   Data          17  stm32f1xx_hal_gpio_cfg.o(.bss.sSTATE_LED)
    sTIMER1                                  0x2000034c   Data          20  stm32f1xx_hal_tim_cfg.o(.bss.sTIMER1)



==============================================================================

Memory Map of the image

  Image Entry point : 0x08000175

  Load Region LR_1 (Base: 0x08000000, Size: 0x00001514, Max: 0xffffffff, ABSOLUTE)

    Execution Region ER_RO (Exec base: 0x08000000, Load base: 0x08000000, Size: 0x00001514, Max: 0xffffffff, ABSOLUTE)

    Exec Addr    Load Addr    Size         Type   Attr      Idx    E Section Name        Object

    0x08000000   0x08000000   0x000000ec   Data   RO          167    RESET               startup_stm32f10x_md.o
    0x080000ec   0x080000ec   0x00000008   Code   RO          226  * !!!main             c_w.l(__main.o)
    0x080000f4   0x080000f4   0x00000034   Code   RO          398    !!!scatter          c_w.l(__scatter.o)
    0x08000128   0x08000128   0x0000001c   Code   RO          400    !!handler_zi        c_w.l(__scatter_zi.o)
    0x08000144   0x08000144   0x00000000   Code   RO          223    .ARM.Collect$$_printf_percent$$00000000  c_w.l(_printf_percent.o)
    0x08000144   0x08000144   0x00000006   Code   RO          222    .ARM.Collect$$_printf_percent$$00000009  c_w.l(_printf_d.o)
    0x0800014a   0x0800014a   0x00000004   Code   RO          235    .ARM.Collect$$_printf_percent$$00000017  c_w.l(_printf_percent_end.o)
    0x0800014e   0x0800014e   0x00000002   Code   RO          262    .ARM.Collect$$libinit$$00000000  c_w.l(libinit.o)
    0x08000150   0x08000150   0x00000000   Code   RO          269    .ARM.Collect$$libinit$$00000002  c_w.l(libinit2.o)
    0x08000150   0x08000150   0x00000000   Code   RO          271    .ARM.Collect$$libinit$$00000004  c_w.l(libinit2.o)
    0x08000150   0x08000150   0x00000000   Code   RO          274    .ARM.Collect$$libinit$$0000000A  c_w.l(libinit2.o)
    0x08000150   0x08000150   0x00000000   Code   RO          276    .ARM.Collect$$libinit$$0000000C  c_w.l(libinit2.o)
    0x08000150   0x08000150   0x00000000   Code   RO          278    .ARM.Collect$$libinit$$0000000E  c_w.l(libinit2.o)
    0x08000150   0x08000150   0x00000000   Code   RO          281    .ARM.Collect$$libinit$$00000011  c_w.l(libinit2.o)
    0x08000150   0x08000150   0x00000000   Code   RO          283    .ARM.Collect$$libinit$$00000013  c_w.l(libinit2.o)
    0x08000150   0x08000150   0x00000000   Code   RO          285    .ARM.Collect$$libinit$$00000015  c_w.l(libinit2.o)
    0x08000150   0x08000150   0x00000000   Code   RO          287    .ARM.Collect$$libinit$$00000017  c_w.l(libinit2.o)
    0x08000150   0x08000150   0x00000000   Code   RO          289    .ARM.Collect$$libinit$$00000019  c_w.l(libinit2.o)
    0x08000150   0x08000150   0x00000000   Code   RO          291    .ARM.Collect$$libinit$$0000001B  c_w.l(libinit2.o)
    0x08000150   0x08000150   0x00000000   Code   RO          293    .ARM.Collect$$libinit$$0000001D  c_w.l(libinit2.o)
    0x08000150   0x08000150   0x00000000   Code   RO          295    .ARM.Collect$$libinit$$0000001F  c_w.l(libinit2.o)
    0x08000150   0x08000150   0x00000000   Code   RO          297    .ARM.Collect$$libinit$$00000021  c_w.l(libinit2.o)
    0x08000150   0x08000150   0x00000000   Code   RO          299    .ARM.Collect$$libinit$$00000023  c_w.l(libinit2.o)
    0x08000150   0x08000150   0x00000000   Code   RO          301    .ARM.Collect$$libinit$$00000025  c_w.l(libinit2.o)
    0x08000150   0x08000150   0x00000000   Code   RO          305    .ARM.Collect$$libinit$$0000002C  c_w.l(libinit2.o)
    0x08000150   0x08000150   0x00000000   Code   RO          307    .ARM.Collect$$libinit$$0000002E  c_w.l(libinit2.o)
    0x08000150   0x08000150   0x00000000   Code   RO          309    .ARM.Collect$$libinit$$00000030  c_w.l(libinit2.o)
    0x08000150   0x08000150   0x00000000   Code   RO          311    .ARM.Collect$$libinit$$00000032  c_w.l(libinit2.o)
    0x08000150   0x08000150   0x00000002   Code   RO          312    .ARM.Collect$$libinit$$00000033  c_w.l(libinit2.o)
    0x08000152   0x08000152   0x00000002   Code   RO          334    .ARM.Collect$$libshutdown$$00000000  c_w.l(libshutdown.o)
    0x08000154   0x08000154   0x00000000   Code   RO          349    .ARM.Collect$$libshutdown$$00000002  c_w.l(libshutdown2.o)
    0x08000154   0x08000154   0x00000000   Code   RO          351    .ARM.Collect$$libshutdown$$00000004  c_w.l(libshutdown2.o)
    0x08000154   0x08000154   0x00000000   Code   RO          354    .ARM.Collect$$libshutdown$$00000007  c_w.l(libshutdown2.o)
    0x08000154   0x08000154   0x00000000   Code   RO          357    .ARM.Collect$$libshutdown$$0000000A  c_w.l(libshutdown2.o)
    0x08000154   0x08000154   0x00000000   Code   RO          359    .ARM.Collect$$libshutdown$$0000000C  c_w.l(libshutdown2.o)
    0x08000154   0x08000154   0x00000000   Code   RO          362    .ARM.Collect$$libshutdown$$0000000F  c_w.l(libshutdown2.o)
    0x08000154   0x08000154   0x00000002   Code   RO          363    .ARM.Collect$$libshutdown$$00000010  c_w.l(libshutdown2.o)
    0x08000156   0x08000156   0x00000000   Code   RO          228    .ARM.Collect$$rtentry$$00000000  c_w.l(__rtentry.o)
    0x08000156   0x08000156   0x00000000   Code   RO          237    .ARM.Collect$$rtentry$$00000002  c_w.l(__rtentry2.o)
    0x08000156   0x08000156   0x00000006   Code   RO          249    .ARM.Collect$$rtentry$$00000004  c_w.l(__rtentry4.o)
    0x0800015c   0x0800015c   0x00000000   Code   RO          239    .ARM.Collect$$rtentry$$00000009  c_w.l(__rtentry2.o)
    0x0800015c   0x0800015c   0x00000004   Code   RO          240    .ARM.Collect$$rtentry$$0000000A  c_w.l(__rtentry2.o)
    0x08000160   0x08000160   0x00000000   Code   RO          242    .ARM.Collect$$rtentry$$0000000C  c_w.l(__rtentry2.o)
    0x08000160   0x08000160   0x00000008   Code   RO          243    .ARM.Collect$$rtentry$$0000000D  c_w.l(__rtentry2.o)
    0x08000168   0x08000168   0x00000002   Code   RO          266    .ARM.Collect$$rtexit$$00000000  c_w.l(rtexit.o)
    0x0800016a   0x0800016a   0x00000000   Code   RO          314    .ARM.Collect$$rtexit$$00000002  c_w.l(rtexit2.o)
    0x0800016a   0x0800016a   0x00000004   Code   RO          315    .ARM.Collect$$rtexit$$00000003  c_w.l(rtexit2.o)
    0x0800016e   0x0800016e   0x00000006   Code   RO          316    .ARM.Collect$$rtexit$$00000004  c_w.l(rtexit2.o)
    0x08000174   0x08000174   0x00000040   Code   RO          168  * .text               startup_stm32f10x_md.o
    0x080001b4   0x080001b4   0x00000028   Code   RO          196    .text               c_w.l(noretval__2sprintf.o)
    0x080001dc   0x080001dc   0x00000068   Code   RO          198    .text               c_w.l(__printf.o)
    0x08000244   0x08000244   0x00000078   Code   RO          200    .text               c_w.l(_printf_dec.o)
    0x080002bc   0x080002bc   0x00000006   Code   RO          224    .text               c_w.l(heapauxi.o)
    0x080002c2   0x080002c2   0x000000b2   Code   RO          229    .text               c_w.l(_printf_intcommon.o)
    0x08000374   0x08000374   0x00000030   Code   RO          231    .text               c_w.l(_printf_char_common.o)
    0x080003a4   0x080003a4   0x0000000a   Code   RO          233    .text               c_w.l(_sputc.o)
    0x080003ae   0x080003ae   0x0000004a   Code   RO          253    .text               c_w.l(sys_stackheap_outer.o)
    0x080003f8   0x080003f8   0x00000012   Code   RO          255    .text               c_w.l(exit.o)
    0x0800040a   0x0800040a   0x00000002   PAD
    0x0800040c   0x0800040c   0x00000008   Code   RO          263    .text               c_w.l(libspace.o)
    0x08000414   0x08000414   0x0000000c   Code   RO          324    .text               c_w.l(sys_exit.o)
    0x08000420   0x08000420   0x00000002   Code   RO          339    .text               c_w.l(use_no_semi.o)
    0x08000422   0x08000422   0x00000000   Code   RO          341    .text               c_w.l(indicate_semi.o)
    0x08000422   0x08000422   0x00000002   PAD
    0x08000424   0x08000424   0x00000068   Code   RO            6    .text.EXTI0_IRQHandler  main.o
    0x0800048c   0x0800048c   0x00000068   Code   RO            8    .text.EXTI1_IRQHandler  main.o
    0x080004f4   0x080004f4   0x0000003e   Code   RO           10    .text.EXTI2_IRQHandler  main.o
    0x08000532   0x08000532   0x00000002   PAD
    0x08000534   0x08000534   0x0000003e   Code   RO           12    .text.EXTI3_IRQHandler  main.o
    0x08000572   0x08000572   0x00000002   PAD
    0x08000574   0x08000574   0x0000003e   Code   RO           14    .text.EXTI4_IRQHandler  main.o
    0x080005b2   0x080005b2   0x00000002   PAD
    0x080005b4   0x080005b4   0x000000e0   Code   RO           16    .text.EXTI9_5_IRQHandler  main.o
    0x08000694   0x08000694   0x000000a4   Code   RO          136    .text.EXTI_Init     stm32f1xx_hal_exti_cfg.o
    0x08000738   0x08000738   0x00000290   Code   RO           45    .text.GPIO_Init     stm32f1xx_hal_gpio_cfg.o
    0x080009c8   0x080009c8   0x00000014   Code   RO          156    .text.HAL_EXTI_ClearPending  stm32f1xx_hal_exti.o
    0x080009dc   0x080009dc   0x00000158   Code   RO          152    .text.HAL_EXTI_Init  stm32f1xx_hal_exti.o
    0x08000b34   0x08000b34   0x000001c0   Code   RO           29    .text.HAL_GPIO_Pin_Init  stm32f1xx_hal_gpio.o
    0x08000cf4   0x08000cf4   0x00000060   Code   RO           31    .text.HAL_GPIO_Pin_Read  stm32f1xx_hal_gpio.o
    0x08000d54   0x08000d54   0x00000018   Code   RO           35    .text.HAL_GPIO_Pin_Toggle  stm32f1xx_hal_gpio.o
    0x08000d6c   0x08000d6c   0x000000f6   Code   RO           33    .text.HAL_GPIO_Pin_Write  stm32f1xx_hal_gpio.o
    0x08000e62   0x08000e62   0x00000002   PAD
    0x08000e64   0x08000e64   0x00000028   Code   RO          124    .text.HAL_Lcd_Clear  hal_lcd.o
    0x08000e8c   0x08000e8c   0x00000070   Code   RO          116    .text.HAL_Lcd_Cmd   hal_lcd.o
    0x08000efc   0x08000efc   0x00000044   Code   RO          118    .text.HAL_Lcd_Init  hal_lcd.o
    0x08000f40   0x08000f40   0x00000070   Code   RO          120    .text.HAL_Lcd_Print_Char  hal_lcd.o
    0x08000fb0   0x08000fb0   0x0000001c   Code   RO          122    .text.HAL_Lcd_Print_String  hal_lcd.o
    0x08000fcc   0x08000fcc   0x00000046   Code   RO          114    .text.HAL_Lcd_SetBit  hal_lcd.o
    0x08001012   0x08001012   0x00000002   PAD
    0x08001014   0x08001014   0x00000020   Code   RO          126    .text.HAL_Lcd_Set_Cursor  hal_lcd.o
    0x08001034   0x08001034   0x00000150   Code   RO           91    .text.HAL_TIM_Init  stm32f1xx_hal_tim.o
    0x08001184   0x08001184   0x000000aa   Code   RO           95    .text.HAL_TIM_msDelay  stm32f1xx_hal_tim.o
    0x0800122e   0x0800122e   0x00000002   PAD
    0x08001230   0x08001230   0x00000050   Code   RO            4    .text.Init_Handheld  main.o
    0x08001280   0x08001280   0x00000008   Code   RO          177    .text.SetSysClock   system_stm32f10x.o
    0x08001288   0x08001288   0x000000be   Code   RO          181    .text.SetSysClockTo72  system_stm32f10x.o
    0x08001346   0x08001346   0x00000002   PAD
    0x08001348   0x08001348   0x00000056   Code   RO          175    .text.SystemInit    system_stm32f10x.o
    0x0800139e   0x0800139e   0x00000002   PAD
    0x080013a0   0x080013a0   0x0000001e   Code   RO          105    .text.TIM_Delay_Init  stm32f1xx_hal_tim_cfg.o
    0x080013be   0x080013be   0x00000002   PAD
    0x080013c0   0x080013c0   0x00000016   Code   RO           93    .text.__NVIC_EnableIRQ  stm32f1xx_hal_tim.o
    0x080013d6   0x080013d6   0x00000002   PAD
    0x080013d8   0x080013d8   0x00000020   Code   RO          154    .text.__NVIC_EnableIRQ  stm32f1xx_hal_exti.o
    0x080013f8   0x080013f8   0x00000102   Code   RO            2    .text.main          main.o
    0x080014fa   0x080014fa   0x0000000a   Data   RO           20    .rodata.str1.1      main.o
    0x08001504   0x08001504   0x00000010   Data   RO          397    Region$$Table       anon$$obj.o


    Execution Region ER_RW (Exec base: 0x20000000, Load base: 0x08001514, Size: 0x00000000, Max: 0xffffffff, ABSOLUTE)

    **** No section assigned to this execution region ****


    Execution Region ER_ZI (Exec base: 0x20000000, Load base: 0x08001514, Size: 0x00000960, Max: 0xffffffff, ABSOLUTE)

    Exec Addr    Load Addr    Size         Type   Attr      Idx    E Section Name        Object

    0x20000000        -       0x00000060   Zero   RW          264    .bss                c_w.l(libspace.o)
    0x20000060        -       0x00000010   Zero   RW           19    .bss.cRow1          main.o
    0x20000070        -       0x00000004   Zero   RW           18    .bss.iMotorNumber   main.o
    0x20000074        -       0x00000011   Zero   RW           61    .bss.sCLOSE_POSITION_SEND_BUTTON  stm32f1xx_hal_gpio_cfg.o
    0x20000085   0x08001514   0x00000003   PAD
    0x20000088        -       0x00000011   Zero   RW           70    .bss.sD0            stm32f1xx_hal_gpio_cfg.o
    0x20000099   0x08001514   0x00000003   PAD
    0x2000009c        -       0x00000011   Zero   RW           71    .bss.sD1            stm32f1xx_hal_gpio_cfg.o
    0x200000ad   0x08001514   0x00000003   PAD
    0x200000b0        -       0x00000011   Zero   RW           72    .bss.sD2            stm32f1xx_hal_gpio_cfg.o
    0x200000c1   0x08001514   0x00000003   PAD
    0x200000c4        -       0x00000011   Zero   RW           73    .bss.sD3            stm32f1xx_hal_gpio_cfg.o
    0x200000d5   0x08001514   0x00000003   PAD
    0x200000d8        -       0x00000011   Zero   RW           69    .bss.sE             stm32f1xx_hal_gpio_cfg.o
    0x200000e9   0x08001514   0x00000003   PAD
    0x200000ec        -       0x00000010   Zero   RW          138    .bss.sEXTI_PA0      stm32f1xx_hal_exti_cfg.o
    0x200000fc        -       0x00000010   Zero   RW          139    .bss.sEXTI_PA1      stm32f1xx_hal_exti_cfg.o
    0x2000010c        -       0x00000010   Zero   RW          140    .bss.sEXTI_PA2      stm32f1xx_hal_exti_cfg.o
    0x2000011c        -       0x00000010   Zero   RW          141    .bss.sEXTI_PA3      stm32f1xx_hal_exti_cfg.o
    0x2000012c        -       0x00000010   Zero   RW          142    .bss.sEXTI_PA4      stm32f1xx_hal_exti_cfg.o
    0x2000013c        -       0x00000010   Zero   RW          143    .bss.sEXTI_PA5      stm32f1xx_hal_exti_cfg.o
    0x2000014c        -       0x00000010   Zero   RW          144    .bss.sEXTI_PA6      stm32f1xx_hal_exti_cfg.o
    0x2000015c        -       0x00000010   Zero   RW          145    .bss.sEXTI_PA7      stm32f1xx_hal_exti_cfg.o
    0x2000016c        -       0x00000011   Zero   RW           65    .bss.sJOSTICK_DOWN_BUTTON  stm32f1xx_hal_gpio_cfg.o
    0x2000017d   0x08001514   0x00000003   PAD
    0x20000180        -       0x00000011   Zero   RW           64    .bss.sJOSTICK_LEFT_BUTTON  stm32f1xx_hal_gpio_cfg.o
    0x20000191   0x08001514   0x00000003   PAD
    0x20000194        -       0x00000011   Zero   RW           63    .bss.sJOSTICK_RIGHT_BUTTON  stm32f1xx_hal_gpio_cfg.o
    0x200001a5   0x08001514   0x00000003   PAD
    0x200001a8        -       0x00000011   Zero   RW           66    .bss.sJOSTICK_UP_BUTTON  stm32f1xx_hal_gpio_cfg.o
    0x200001b9   0x08001514   0x00000003   PAD
    0x200001bc        -       0x00000011   Zero   RW           60    .bss.sOPEN_CLOSE_BUTTON  stm32f1xx_hal_gpio_cfg.o
    0x200001cd   0x08001514   0x00000003   PAD
    0x200001d0        -       0x00000011   Zero   RW           57    .bss.sOPEN_CLOSE_LED  stm32f1xx_hal_gpio_cfg.o
    0x200001e1   0x08001514   0x00000003   PAD
    0x200001e4        -       0x00000011   Zero   RW           77    .bss.sPA10          stm32f1xx_hal_gpio_cfg.o
    0x200001f5   0x08001514   0x00000003   PAD
    0x200001f8        -       0x00000011   Zero   RW           78    .bss.sPA11          stm32f1xx_hal_gpio_cfg.o
    0x20000209   0x08001514   0x00000003   PAD
    0x2000020c        -       0x00000011   Zero   RW           79    .bss.sPA12          stm32f1xx_hal_gpio_cfg.o
    0x2000021d   0x08001514   0x00000003   PAD
    0x20000220        -       0x00000011   Zero   RW           80    .bss.sPA15          stm32f1xx_hal_gpio_cfg.o
    0x20000231   0x08001514   0x00000003   PAD
    0x20000234        -       0x00000011   Zero   RW           75    .bss.sPA8           stm32f1xx_hal_gpio_cfg.o
    0x20000245   0x08001514   0x00000003   PAD
    0x20000248        -       0x00000011   Zero   RW           76    .bss.sPA9           stm32f1xx_hal_gpio_cfg.o
    0x20000259   0x08001514   0x00000003   PAD
    0x2000025c        -       0x00000011   Zero   RW           74    .bss.sPB12          stm32f1xx_hal_gpio_cfg.o
    0x2000026d   0x08001514   0x00000003   PAD
    0x20000270        -       0x00000011   Zero   RW           81    .bss.sPB9           stm32f1xx_hal_gpio_cfg.o
    0x20000281   0x08001514   0x00000003   PAD
    0x20000284        -       0x00000011   Zero   RW           84    .bss.sPC13          stm32f1xx_hal_gpio_cfg.o
    0x20000295   0x08001514   0x00000003   PAD
    0x20000298        -       0x00000011   Zero   RW           83    .bss.sPC14          stm32f1xx_hal_gpio_cfg.o
    0x200002a9   0x08001514   0x00000003   PAD
    0x200002ac        -       0x00000011   Zero   RW           82    .bss.sPC15          stm32f1xx_hal_gpio_cfg.o
    0x200002bd   0x08001514   0x00000003   PAD
    0x200002c0        -       0x00000011   Zero   RW           59    .bss.sRESET_BUTTON  stm32f1xx_hal_gpio_cfg.o
    0x200002d1   0x08001514   0x00000003   PAD
    0x200002d4        -       0x00000011   Zero   RW           56    .bss.sRESET_LED     stm32f1xx_hal_gpio_cfg.o
    0x200002e5   0x08001514   0x00000003   PAD
    0x200002e8        -       0x00000011   Zero   RW           67    .bss.sRS            stm32f1xx_hal_gpio_cfg.o
    0x200002f9   0x08001514   0x00000003   PAD
    0x200002fc        -       0x00000011   Zero   RW           68    .bss.sRW            stm32f1xx_hal_gpio_cfg.o
    0x2000030d   0x08001514   0x00000003   PAD
    0x20000310        -       0x00000011   Zero   RW           62    .bss.sSAVE_POSITION_BUTTON  stm32f1xx_hal_gpio_cfg.o
    0x20000321   0x08001514   0x00000003   PAD
    0x20000324        -       0x00000011   Zero   RW           58    .bss.sSAVE_POSITION_LED  stm32f1xx_hal_gpio_cfg.o
    0x20000335   0x08001514   0x00000003   PAD
    0x20000338        -       0x00000011   Zero   RW           55    .bss.sSTATE_LED     stm32f1xx_hal_gpio_cfg.o
    0x20000349   0x08001514   0x00000003   PAD
    0x2000034c        -       0x00000014   Zero   RW          107    .bss.sTIMER1        stm32f1xx_hal_tim_cfg.o
    0x20000360        -       0x00000200   Zero   RW          166    HEAP                startup_stm32f10x_md.o
    0x20000560        -       0x00000400   Zero   RW          165    STACK               startup_stm32f10x_md.o


==============================================================================

Image component sizes


      Code (inc. data)   RO Data    RW Data    ZI Data      Debug   Object Name

       462          0          0          0          0       1945   hal_lcd.o
       956         32         10          0         20       2207   main.o
        64         26        236          0       1536        844   startup_stm32f10x_md.o
       396          0          0          0          0       3882   stm32f1xx_hal_exti.o
       164          0          0          0        128       1039   stm32f1xx_hal_exti_cfg.o
       814          0          0          0          0       3280   stm32f1xx_hal_gpio.o
       656          0          0          0        510       2277   stm32f1xx_hal_gpio_cfg.o
       528          8          0          0          0       4725   stm32f1xx_hal_tim.o
        30          0          0          0         20        831   stm32f1xx_hal_tim_cfg.o
       284          0          0          0          0       2836   system_stm32f10x.o

    ----------------------------------------------------------------------
      4374         66        262          0       2304      23866   Object Totals
         0          0         16          0          0          0   (incl. Generated)
        20          0          0          0         90          0   (incl. Padding)

    ----------------------------------------------------------------------

      Code (inc. data)   RO Data    RW Data    ZI Data      Debug   Library Member Name

         8          0          0          0          0         68   __main.o
       104          0          0          0          0         84   __printf.o
         0          0          0          0          0          0   __rtentry.o
        12          0          0          0          0          0   __rtentry2.o
         6          0          0          0          0          0   __rtentry4.o
        52          8          0          0          0          0   __scatter.o
        28          0          0          0          0          0   __scatter_zi.o
        48          6          0          0          0         96   _printf_char_common.o
         6          0          0          0          0          0   _printf_d.o
       120         16          0          0          0         92   _printf_dec.o
       178          0          0          0          0         88   _printf_intcommon.o
         0          0          0          0          0          0   _printf_percent.o
         4          0          0          0          0          0   _printf_percent_end.o
        10          0          0          0          0         68   _sputc.o
        18          0          0          0          0         80   exit.o
         6          0          0          0          0        152   heapauxi.o
         0          0          0          0          0          0   indicate_semi.o
         2          0          0          0          0          0   libinit.o
         2          0          0          0          0          0   libinit2.o
         2          0          0          0          0          0   libshutdown.o
         2          0          0          0          0          0   libshutdown2.o
         8          4          0          0         96         68   libspace.o
        40          6          0          0          0         84   noretval__2sprintf.o
         2          0          0          0          0          0   rtexit.o
        10          0          0          0          0          0   rtexit2.o
        12          4          0          0          0         68   sys_exit.o
        74          0          0          0          0         80   sys_stackheap_outer.o
         2          0          0          0          0         68   use_no_semi.o

    ----------------------------------------------------------------------
       760         44          0          0         96       1096   Library Totals
         4          0          0          0          0          0   (incl. Padding)

    ----------------------------------------------------------------------

      Code (inc. data)   RO Data    RW Data    ZI Data      Debug   Library Name

       756         44          0          0         96       1096   c_w.l

    ----------------------------------------------------------------------
       760         44          0          0         96       1096   Library Totals

    ----------------------------------------------------------------------

==============================================================================


      Code (inc. data)   RO Data    RW Data    ZI Data      Debug   

      5134        110        262          0       2400      24346   Grand Totals
      5134        110        262          0       2400      24346   ELF Image Totals
      5134        110        262          0          0          0   ROM Totals

==============================================================================

    Total RO  Size (Code + RO Data)                 5396 (   5.27kB)
    Total RW  Size (RW Data + ZI Data)              2400 (   2.34kB)
    Total ROM Size (Code + RO Data + RW Data)       5396 (   5.27kB)

==============================================================================

